127.0.0.1 - - [27/Oct/2011:08:51:40 -0600] "GET /js/lib/socket.io/socket.io.min.js HTTP/1.1" 304 - "http://localhost/display.html" "Mozilla/5.0 (Macintosh; Intel Mac OS X 10_7_2) AppleWebKit/535.2 (KHTML, like Gecko) Chrome/15.0.874.102 Safari/535.2"
127.0.0.1 - - [27/Oct/2011:08:51:40 -0600] "GET /js/display.js HTTP/1.1" 200 6733 "http://localhost/display.html" "Mozilla/5.0 (Macintosh; Intel Mac OS X 10_7_2) AppleWebKit/535.2 (KHTML, like Gecko) Chrome/15.0.874.102 Safari/535.2"
127.0.0.1 - - [27/Oct/2011:08:51:40 -0600] "GET /js/display-connection.js HTTP/1.1" 304 - "http://localhost/display.html" "Mozilla/5.0 (Macintosh; Intel Mac OS X 10_7_2) AppleWebKit/535.2 (KHTML, like Gecko) Chrome/15.0.874.102 Safari/535.2"
127.0.0.1 - - [27/Oct/2011:08:51:41 -0600] "GET /favicon.ico HTTP/1.1" 404 288 "-" "Mozilla/5.0 (Macintosh; Intel Mac OS X 10_7_2) AppleWebKit/535.2 (KHTML, like Gecko) Chrome/15.0.874.102 Safari/535.2"
::1 - - [27/Oct/2011:08:51:54 -0600] "OPTIONS * HTTP/1.0" 200 - "-" "Apache/2.2.20 (Unix) DAV/2 (internal dummy connection)"
::1 - - [27/Oct/2011:08:51:58 -0600] "OPTIONS * HTTP/1.0" 200 - "-" "Apache/2.2.20 (Unix) DAV/2 (internal dummy connection)"
::1 - - [27/Oct/2011:08:51:59 -0600] "OPTIONS * HTTP/1.0" 200 - "-" "Apache/2.2.20 (Unix) DAV/2 (internal dummy connection)"
127.0.0.1 - - [27/Oct/2011:08:51:59 -0600] "GET /display.html HTTP/1.1" 304 - "http://localhost/" "Mozilla/5.0 (Macintosh; Intel Mac OS X 10_7_2) AppleWebKit/535.2 (KHTML, like Gecko) Chrome/15.0.874.102 Safari/535.2"
127.0.0.1 - - [27/Oct/2011:08:51:59 -0600] "GET /js/lib/Box2dWeb-2.1.a.3.min.js HTTP/1.1" 304 - "http://localhost/display.html" "Mozilla/5.0 (Macintosh; Intel Mac OS X 10_7_2) AppleWebKit/535.2 (KHTML, like Gecko) Chrome/15.0.874.102 Safari/535.2"
127.0.0.1 - - [27/Oct/2011:08:51:59 -0600] "GET /js/lib/socket.io/socket.io.min.js HTTP/1.1" 304 - "http://localhost/display.html" "Mozilla/5.0 (Macintosh; Intel Mac OS X 10_7_2) AppleWebKit/535.2 (KHTML, like Gecko) Chrome/15.0.874.102 Safari/535.2"
127.0.0.1 - - [27/Oct/2011:08:52:00 -0600] "GET /js/display.js HTTP/1.1" 200 6732 "http://localhost/display.html" "Mozilla/5.0 (Macintosh; Intel Mac OS X 10_7_2) AppleWebKit/535.2 (KHTML, like Gecko) Chrome/15.0.874.102 Safari/535.2"
127.0.0.1 - - [27/Oct/2011:08:52:01 -0600] "GET /js/display-connection.js HTTP/1.1" 304 - "http://localhost/display.html" "Mozilla/5.0 (Macintosh; Intel Mac OS X 10_7_2) AppleWebKit/535.2 (KHTML, like Gecko) Chrome/15.0.874.102 Safari/535.2"
127.0.0.1 - - [27/Oct/2011:08:52:01 -0600] "GET /favicon.ico HTTP/1.1" 404 288 "-" "Mozilla/5.0 (Macintosh; Intel Mac OS X 10_7_2) AppleWebKit/535.2 (KHTML, like Gecko) Chrome/15.0.874.102 Safari/535.2"
127.0.0.1 - - [27/Oct/2011:08:52:03 -0600] "GET /display.html HTTP/1.1" 304 - "http://localhost/" "Mozilla/5.0 (Macintosh; Intel Mac OS X 10_7_2) AppleWebKit/535.2 (KHTML, like Gecko) Chrome/15.0.874.102 Safari/535.2"
127.0.0.1 - - [27/Oct/2011:08:52:03 -0600] "GET /js/display-connection.js HTTP/1.1" 304 - "http://localhost/display.html" "Mozilla/5.0 (Macintosh; Intel Mac OS X 10_7_2) AppleWebKit/535.2 (KHTML, like Gecko) Chrome/15.0.874.102 Safari/535.2"
127.0.0.1 - - [27/Oct/2011:08:52:03 -0600] "GET /js/lib/socket.io/socket.io.min.js HTTP/1.1" 304 - "http://localhost/display.html" "Mozilla/5.0 (Macintosh; Intel Mac OS X 10_7_2) AppleWebKit/535.2 (KHTML, like Gecko) Chrome/15.0.874.102 Safari/535.2"
127.0.0.1 - - [27/Oct/2011:08:52:03 -0600] "GET /js/display.js HTTP/1.1" 304 - "http://localhost/display.html" "Mozilla/5.0 (Macintosh; Intel Mac OS X 10_7_2) AppleWebKit/535.2 (KHTML, like Gecko) Chrome/15.0.874.102 Safari/535.2"
127.0.0.1 - - [27/Oct/2011:08:52:04 -0600] "GET /favicon.ico HTTP/1.1" 404 288 "-" "Mozilla/5.0 (Macintosh; Intel Mac OS X 10_7_2) AppleWebKit/535.2 (KHTML, like Gecko) Chrome/15.0.874.102 Safari/535.2"
127.0.0.1 - - [27/Oct/2011:08:52:05 -0600] "GET /display.html HTTP/1.1" 304 - "http://localhost/" "Mozilla/5.0 (Macintosh; Intel Mac OS X 10_7_2) AppleWebKit/535.2 (KHTML, like Gecko) Chrome/15.0.874.102 Safari/535.2"
127.0.0.1 - - [27/Oct/2011:08:52:05 -0600] "GET /js/display-connection.js HTTP/1.1" 304 - "http://localhost/display.html" "Mozilla/5.0 (Macintosh; Intel Mac OS X 10_7_2) AppleWebKit/535.2 (KHTML, like Gecko) Chrome/15.0.874.102 Safari/535.2"
127.0.0.1 - - [27/Oct/2011:08:52:05 -0600] "GET /js/display.js HTTP/1.1" 304 - "http://localhost/display.html" "Mozilla/5.0 (Macintosh; Intel Mac OS X 10_7_2) AppleWebKit/535.2 (KHTML, like Gecko) Chrome/15.0.874.102 Safari/535.2"
127.0.0.1 - - [27/Oct/2011:08:52:05 -0600] "GET /js/lib/socket.io/socket.io.min.js HTTP/1.1" 304 - "http://localhost/display.html" "Mozilla/5.0 (Macintosh; Intel Mac OS X 10_7_2) AppleWebKit/535.2 (KHTML, like Gecko) Chrome/15.0.874.102 Safari/535.2"
127.0.0.1 - - [27/Oct/2011:08:52:05 -0600] "GET /favicon.ico HTTP/1.1" 404 288 "-" "Mozilla/5.0 (Macintosh; Intel Mac OS X 10_7_2) AppleWebKit/535.2 (KHTML, like Gecko) Chrome/15.0.874.102 Safari/535.2"
::1 - - [27/Oct/2011:08:52:22 -0600] "OPTIONS * HTTP/1.0" 200 - "-" "Apache/2.2.20 (Unix) DAV/2 (internal dummy connection)"
::1 - - [27/Oct/2011:08:52:23 -0600] "OPTIONS * HTTP/1.0" 200 - "-" "Apache/2.2.20 (Unix) DAV/2 (internal dummy connection)"
::1 - - [27/Oct/2011:08:52:24 -0600] "OPTIONS * HTTP/1.0" 200 - "-" "Apache/2.2.20 (Unix) DAV/2 (internal dummy connection)"
10.109.116.237 - - [27/Oct/2011:08:52:32 -0600] "GET /player.html HTTP/1.1" 200 686 "-" "Mozilla/5.0 (iPhone; CPU iPhone OS 5_0 like Mac OS X) AppleWebKit/534.46 (KHTML, like Gecko) Version/5.1 Mobile/9A334 Safari/7534.48.3"
127.0.0.1 - - [27/Oct/2011:08:57:26 -0600] "GET /display.html HTTP/1.1" 304 - "http://localhost/" "Mozilla/5.0 (Macintosh; Intel Mac OS X 10_7_2) AppleWebKit/535.2 (KHTML, like Gecko) Chrome/15.0.874.102 Safari/535.2"
127.0.0.1 - - [27/Oct/2011:08:57:26 -0600] "GET /js/lib/socket.io/socket.io.min.js HTTP/1.1" 304 - "http://localhost/display.html" "Mozilla/5.0 (Macintosh; Intel Mac OS X 10_7_2) AppleWebKit/535.2 (KHTML, like Gecko) Chrome/15.0.874.102 Safari/535.2"
127.0.0.1 - - [27/Oct/2011:08:57:26 -0600] "GET /js/lib/Box2dWeb-2.1.a.3.min.js HTTP/1.1" 304 - "http://localhost/display.html" "Mozilla/5.0 (Macintosh; Intel Mac OS X 10_7_2) AppleWebKit/535.2 (KHTML, like Gecko) Chrome/15.0.874.102 Safari/535.2"
127.0.0.1 - - [27/Oct/2011:08:57:27 -0600] "GET /js/display.js HTTP/1.1" 304 - "http://localhost/display.html" "Mozilla/5.0 (Macintosh; Intel Mac OS X 10_7_2) AppleWebKit/535.2 (KHTML, like Gecko) Chrome/15.0.874.102 Safari/535.2"
127.0.0.1 - - [27/Oct/2011:08:57:27 -0600] "GET /display.html HTTP/1.1" 304 - "http://localhost/" "Mozilla/5.0 (Macintosh; Intel Mac OS X 10_7_2) AppleWebKit/535.2 (KHTML, like Gecko) Chrome/15.0.874.102 Safari/535.2"
127.0.0.1 - - [27/Oct/2011:08:57:27 -0600] "GET /js/lib/Box2dWeb-2.1.a.3.min.js HTTP/1.1" 304 - "http://localhost/display.html" "Mozilla/5.0 (Macintosh; Intel Mac OS X 10_7_2) AppleWebKit/535.2 (KHTML, like Gecko) Chrome/15.0.874.102 Safari/535.2"
127.0.0.1 - - [27/Oct/2011:08:57:27 -0600] "GET /js/lib/socket.io/socket.io.min.js HTTP/1.1" 304 - "http://localhost/display.html" "Mozilla/5.0 (Macintosh; Intel Mac OS X 10_7_2) AppleWebKit/535.2 (KHTML, like Gecko) Chrome/15.0.874.102 Safari/535.2"
127.0.0.1 - - [27/Oct/2011:08:57:27 -0600] "GET /js/display.js HTTP/1.1" 304 - "http://localhost/display.html" "Mozilla/5.0 (Macintosh; Intel Mac OS X 10_7_2) AppleWebKit/535.2 (KHTML, like Gecko) Chrome/15.0.874.102 Safari/535.2"
127.0.0.1 - - [27/Oct/2011:08:57:27 -0600] "GET /favicon.ico HTTP/1.1" 404 288 "-" "Mozilla/5.0 (Macintosh; Intel Mac OS X 10_7_2) AppleWebKit/535.2 (KHTML, like Gecko) Chrome/15.0.874.102 Safari/535.2"
127.0.0.1 - - [27/Oct/2011:08:57:28 -0600] "GET /js/display-connection.js HTTP/1.1" 304 - "http://localhost/display.html" "Mozilla/5.0 (Macintosh; Intel Mac OS X 10_7_2) AppleWebKit/535.2 (KHTML, like Gecko) Chrome/15.0.874.102 Safari/535.2"
127.0.0.1 - - [27/Oct/2011:08:57:28 -0600] "GET /favicon.ico HTTP/1.1" 404 288 "-" "Mozilla/5.0 (Macintosh; Intel Mac OS X 10_7_2) AppleWebKit/535.2 (KHTML, like Gecko) Chrome/15.0.874.102 Safari/535.2"
127.0.0.1 - - [27/Oct/2011:08:57:28 -0600] "GET /display.html HTTP/1.1" 304 - "http://localhost/" "Mozilla/5.0 (Macintosh; Intel Mac OS X 10_7_2) AppleWebKit/535.2 (KHTML, like Gecko) Chrome/15.0.874.102 Safari/535.2"
127.0.0.1 - - [27/Oct/2011:08:57:28 -0600] "GET /js/lib/Box2dWeb-2.1.a.3.min.js HTTP/1.1" 304 - "http://localhost/display.html" "Mozilla/5.0 (Macintosh; Intel Mac OS X 10_7_2) AppleWebKit/535.2 (KHTML, like Gecko) Chrome/15.0.874.102 Safari/535.2"
127.0.0.1 - - [27/Oct/2011:08:57:28 -0600] "GET /js/lib/socket.io/socket.io.min.js HTTP/1.1" 304 - "http://localhost/display.html" "Mozilla/5.0 (Macintosh; Intel Mac OS X 10_7_2) AppleWebKit/535.2 (KHTML, like Gecko) Chrome/15.0.874.102 Safari/535.2"
127.0.0.1 - - [27/Oct/2011:08:57:28 -0600] "GET /js/display.js HTTP/1.1" 304 - "http://localhost/display.html" "Mozilla/5.0 (Macintosh; Intel Mac OS X 10_7_2) AppleWebKit/535.2 (KHTML, like Gecko) Chrome/15.0.874.102 Safari/535.2"
127.0.0.1 - - [27/Oct/2011:08:57:28 -0600] "GET /js/display-connection.js HTTP/1.1" 304 - "http://localhost/display.html" "Mozilla/5.0 (Macintosh; Intel Mac OS X 10_7_2) AppleWebKit/535.2 (KHTML, like Gecko) Chrome/15.0.874.102 Safari/535.2"
127.0.0.1 - - [27/Oct/2011:08:57:29 -0600] "GET /favicon.ico HTTP/1.1" 404 288 "-" "Mozilla/5.0 (Macintosh; Intel Mac OS X 10_7_2) AppleWebKit/535.2 (KHTML, like Gecko) Chrome/15.0.874.102 Safari/535.2"
::1 - - [27/Oct/2011:08:57:46 -0600] "OPTIONS * HTTP/1.0" 200 - "-" "Apache/2.2.20 (Unix) DAV/2 (internal dummy connection)"
::1 - - [27/Oct/2011:08:57:47 -0600] "OPTIONS * HTTP/1.0" 200 - "-" "Apache/2.2.20 (Unix) DAV/2 (internal dummy connection)"
::1 - - [27/Oct/2011:08:57:48 -0600] "OPTIONS * HTTP/1.0" 200 - "-" "Apache/2.2.20 (Unix) DAV/2 (internal dummy connection)"
10.109.116.237 - - [27/Oct/2011:08:58:20 -0600] "GET /player.html HTTP/1.1" 200 686 "-" "Mozilla/5.0 (iPhone; CPU iPhone OS 5_0 like Mac OS X) AppleWebKit/534.46 (KHTML, like Gecko) Version/5.1 Mobile/9A334 Safari/7534.48.3"
10.109.116.237 - - [27/Oct/2011:08:58:21 -0600] "GET /player.html HTTP/1.1" 200 686 "-" "Mozilla/5.0 (iPhone; CPU iPhone OS 5_0 like Mac OS X) AppleWebKit/534.46 (KHTML, like Gecko) Version/5.1 Mobile/9A334 Safari/7534.48.3"
127.0.0.1 - - [27/Oct/2011:08:58:31 -0600] "GET /display.html HTTP/1.1" 304 - "http://localhost/" "Mozilla/5.0 (Macintosh; Intel Mac OS X 10_7_2) AppleWebKit/535.2 (KHTML, like Gecko) Chrome/15.0.874.102 Safari/535.2"
127.0.0.1 - - [27/Oct/2011:08:58:31 -0600] "GET /js/lib/Box2dWeb-2.1.a.3.min.js HTTP/1.1" 304 - "http://localhost/display.html" "Mozilla/5.0 (Macintosh; Intel Mac OS X 10_7_2) AppleWebKit/535.2 (KHTML, like Gecko) Chrome/15.0.874.102 Safari/535.2"
127.0.0.1 - - [27/Oct/2011:08:58:31 -0600] "GET /js/lib/socket.io/socket.io.min.js HTTP/1.1" 304 - "http://localhost/display.html" "Mozilla/5.0 (Macintosh; Intel Mac OS X 10_7_2) AppleWebKit/535.2 (KHTML, like Gecko) Chrome/15.0.874.102 Safari/535.2"
127.0.0.1 - - [27/Oct/2011:08:58:32 -0600] "GET /js/display.js HTTP/1.1" 304 - "http://localhost/display.html" "Mozilla/5.0 (Macintosh; Intel Mac OS X 10_7_2) AppleWebKit/535.2 (KHTML, like Gecko) Chrome/15.0.874.102 Safari/535.2"
127.0.0.1 - - [27/Oct/2011:08:58:32 -0600] "GET /display.html HTTP/1.1" 304 - "http://localhost/" "Mozilla/5.0 (Macintosh; Intel Mac OS X 10_7_2) AppleWebKit/535.2 (KHTML, like Gecko) Chrome/15.0.874.102 Safari/535.2"
127.0.0.1 - - [27/Oct/2011:08:58:32 -0600] "GET /js/display.js HTTP/1.1" 304 - "http://localhost/display.html" "Mozilla/5.0 (Macintosh; Intel Mac OS X 10_7_2) AppleWebKit/535.2 (KHTML, like Gecko) Chrome/15.0.874.102 Safari/535.2"
127.0.0.1 - - [27/Oct/2011:08:58:32 -0600] "GET /js/lib/Box2dWeb-2.1.a.3.min.js HTTP/1.1" 304 - "http://localhost/display.html" "Mozilla/5.0 (Macintosh; Intel Mac OS X 10_7_2) AppleWebKit/535.2 (KHTML, like Gecko) Chrome/15.0.874.102 Safari/535.2"
127.0.0.1 - - [27/Oct/2011:08:58:32 -0600] "GET /js/lib/socket.io/socket.io.min.js HTTP/1.1" 304 - "http://localhost/display.html" "Mozilla/5.0 (Macintosh; Intel Mac OS X 10_7_2) AppleWebKit/535.2 (KHTML, like Gecko) Chrome/15.0.874.102 Safari/535.2"
127.0.0.1 - - [27/Oct/2011:08:58:32 -0600] "GET /favicon.ico HTTP/1.1" 404 288 "-" "Mozilla/5.0 (Macintosh; Intel Mac OS X 10_7_2) AppleWebKit/535.2 (KHTML, like Gecko) Chrome/15.0.874.102 Safari/535.2"
127.0.0.1 - - [27/Oct/2011:08:58:32 -0600] "GET /js/display-connection.js HTTP/1.1" 304 - "http://localhost/display.html" "Mozilla/5.0 (Macintosh; Intel Mac OS X 10_7_2) AppleWebKit/535.2 (KHTML, like Gecko) Chrome/15.0.874.102 Safari/535.2"
127.0.0.1 - - [27/Oct/2011:08:58:33 -0600] "GET /display.html HTTP/1.1" 304 - "http://localhost/" "Mozilla/5.0 (Macintosh; Intel Mac OS X 10_7_2) AppleWebKit/535.2 (KHTML, like Gecko) Chrome/15.0.874.102 Safari/535.2"
127.0.0.1 - - [27/Oct/2011:08:58:33 -0600] "GET /js/lib/Box2dWeb-2.1.a.3.min.js HTTP/1.1" 304 - "http://localhost/display.html" "Mozilla/5.0 (Macintosh; Intel Mac OS X 10_7_2) AppleWebKit/535.2 (KHTML, like Gecko) Chrome/15.0.874.102 Safari/535.2"
127.0.0.1 - - [27/Oct/2011:08:58:33 -0600] "GET /js/lib/socket.io/socket.io.min.js HTTP/1.1" 304 - "http://localhost/display.html" "Mozilla/5.0 (Macintosh; Intel Mac OS X 10_7_2) AppleWebKit/535.2 (KHTML, like Gecko) Chrome/15.0.874.102 Safari/535.2"
127.0.0.1 - - [27/Oct/2011:08:58:33 -0600] "GET /js/display.js HTTP/1.1" 304 - "http://localhost/display.html" "Mozilla/5.0 (Macintosh; Intel Mac OS X 10_7_2) AppleWebKit/535.2 (KHTML, like Gecko) Chrome/15.0.874.102 Safari/535.2"
127.0.0.1 - - [27/Oct/2011:08:58:33 -0600] "GET /js/display-connection.js HTTP/1.1" 304 - "http://localhost/display.html" "Mozilla/5.0 (Macintosh; Intel Mac OS X 10_7_2) AppleWebKit/535.2 (KHTML, like Gecko) Chrome/15.0.874.102 Safari/535.2"
127.0.0.1 - - [27/Oct/2011:08:58:33 -0600] "GET /favicon.ico HTTP/1.1" 404 288 "-" "Mozilla/5.0 (Macintosh; Intel Mac OS X 10_7_2) AppleWebKit/535.2 (KHTML, like Gecko) Chrome/15.0.874.102 Safari/535.2"
127.0.0.1 - - [27/Oct/2011:08:58:33 -0600] "GET /favicon.ico HTTP/1.1" 404 288 "-" "Mozilla/5.0 (Macintosh; Intel Mac OS X 10_7_2) AppleWebKit/535.2 (KHTML, like Gecko) Chrome/15.0.874.102 Safari/535.2"
::1 - - [27/Oct/2011:08:58:50 -0600] "OPTIONS * HTTP/1.0" 200 - "-" "Apache/2.2.20 (Unix) DAV/2 (internal dummy connection)"
::1 - - [27/Oct/2011:08:58:51 -0600] "OPTIONS * HTTP/1.0" 200 - "-" "Apache/2.2.20 (Unix) DAV/2 (internal dummy connection)"
::1 - - [27/Oct/2011:08:58:52 -0600] "OPTIONS * HTTP/1.0" 200 - "-" "Apache/2.2.20 (Unix) DAV/2 (internal dummy connection)"
127.0.0.1 - - [27/Oct/2011:09:15:12 -0600] "GET /display.html HTTP/1.1" 304 - "http://localhost/" "Mozilla/5.0 (Macintosh; Intel Mac OS X 10_7_2) AppleWebKit/535.2 (KHTML, like Gecko) Chrome/15.0.874.102 Safari/535.2"
127.0.0.1 - - [27/Oct/2011:09:15:12 -0600] "GET /js/lib/Box2dWeb-2.1.a.3.min.js HTTP/1.1" 304 - "http://localhost/display.html" "Mozilla/5.0 (Macintosh; Intel Mac OS X 10_7_2) AppleWebKit/535.2 (KHTML, like Gecko) Chrome/15.0.874.102 Safari/535.2"
127.0.0.1 - - [27/Oct/2011:09:15:12 -0600] "GET /js/display-connection.js HTTP/1.1" 304 - "http://localhost/display.html" "Mozilla/5.0 (Macintosh; Intel Mac OS X 10_7_2) AppleWebKit/535.2 (KHTML, like Gecko) Chrome/15.0.874.102 Safari/535.2"
127.0.0.1 - - [27/Oct/2011:09:15:12 -0600] "GET /js/lib/socket.io/socket.io.min.js HTTP/1.1" 304 - "http://localhost/display.html" "Mozilla/5.0 (Macintosh; Intel Mac OS X 10_7_2) AppleWebKit/535.2 (KHTML, like Gecko) Chrome/15.0.874.102 Safari/535.2"
127.0.0.1 - - [27/Oct/2011:09:15:12 -0600] "GET /js/display.js HTTP/1.1" 304 - "http://localhost/display.html" "Mozilla/5.0 (Macintosh; Intel Mac OS X 10_7_2) AppleWebKit/535.2 (KHTML, like Gecko) Chrome/15.0.874.102 Safari/535.2"
127.0.0.1 - - [27/Oct/2011:09:15:13 -0600] "GET /favicon.ico HTTP/1.1" 404 288 "-" "Mozilla/5.0 (Macintosh; Intel Mac OS X 10_7_2) AppleWebKit/535.2 (KHTML, like Gecko) Chrome/15.0.874.102 Safari/535.2"
::1 - - [27/Oct/2011:09:15:29 -0600] "OPTIONS * HTTP/1.0" 200 - "-" "Apache/2.2.20 (Unix) DAV/2 (internal dummy connection)"
10.109.116.237 - - [27/Oct/2011:09:15:29 -0600] "GET /player.html HTTP/1.1" 200 686 "-" "Mozilla/5.0 (iPhone; CPU iPhone OS 5_0 like Mac OS X) AppleWebKit/534.46 (KHTML, like Gecko) Version/5.1 Mobile/9A334 Safari/7534.48.3"
10.109.116.237 - - [27/Oct/2011:09:15:30 -0600] "GET /js/lib/socket.io/socket.io.min.js HTTP/1.1" 304 - "http://10.109.37.189/player.html" "Mozilla/5.0 (iPhone; CPU iPhone OS 5_0 like Mac OS X) AppleWebKit/534.46 (KHTML, like Gecko) Version/5.1 Mobile/9A334 Safari/7534.48.3"
10.109.116.237 - - [27/Oct/2011:09:15:30 -0600] "GET /js/player.js HTTP/1.1" 304 - "http://10.109.37.189/player.html" "Mozilla/5.0 (iPhone; CPU iPhone OS 5_0 like Mac OS X) AppleWebKit/534.46 (KHTML, like Gecko) Version/5.1 Mobile/9A334 Safari/7534.48.3"
10.109.116.237 - - [27/Oct/2011:09:15:30 -0600] "GET /js/player-connection.js HTTP/1.1" 304 - "http://10.109.37.189/player.html" "Mozilla/5.0 (iPhone; CPU iPhone OS 5_0 like Mac OS X) AppleWebKit/534.46 (KHTML, like Gecko) Version/5.1 Mobile/9A334 Safari/7534.48.3"
10.109.116.237 - - [27/Oct/2011:09:15:30 -0600] "GET /img/bowling-ball.jpg HTTP/1.1" 304 - "http://10.109.37.189/player.html" "Mozilla/5.0 (iPhone; CPU iPhone OS 5_0 like Mac OS X) AppleWebKit/534.46 (KHTML, like Gecko) Version/5.1 Mobile/9A334 Safari/7534.48.3"
::1 - - [27/Oct/2011:09:15:41 -0600] "OPTIONS * HTTP/1.0" 200 - "-" "Apache/2.2.20 (Unix) DAV/2 (internal dummy connection)"
::1 - - [27/Oct/2011:09:15:42 -0600] "OPTIONS * HTTP/1.0" 200 - "-" "Apache/2.2.20 (Unix) DAV/2 (internal dummy connection)"
10.109.116.237 - - [27/Oct/2011:09:19:18 -0600] "GET /~nacho/gyromarqee/test.html HTTP/1.1" 404 308 "-" "Mozilla/5.0 (iPhone; CPU iPhone OS 5_0 like Mac OS X) AppleWebKit/534.46 (KHTML, like Gecko) Version/5.1 Mobile/9A334 Safari/7534.48.3"
10.109.116.237 - - [27/Oct/2011:09:19:44 -0600] "GET /~nacho/ HTTP/1.1" 200 2642 "-" "Mozilla/5.0 (iPhone; CPU iPhone OS 5_0 like Mac OS X) AppleWebKit/534.46 (KHTML, like Gecko) Version/5.1 Mobile/9A334 Safari/7534.48.3"
10.109.116.237 - - [27/Oct/2011:09:19:44 -0600] "GET /~nacho/images/gradient.jpg HTTP/1.1" 200 16624 "http://10.109.37.189/~nacho/" "Mozilla/5.0 (iPhone; CPU iPhone OS 5_0 like Mac OS X) AppleWebKit/534.46 (KHTML, like Gecko) Version/5.1 Mobile/9A334 Safari/7534.48.3"
10.109.116.237 - - [27/Oct/2011:09:19:56 -0600] "GET /~nacho/gyro HTTP/1.1" 404 292 "-" "Mozilla/5.0 (iPhone; CPU iPhone OS 5_0 like Mac OS X) AppleWebKit/534.46 (KHTML, like Gecko) Version/5.1 Mobile/9A334 Safari/7534.48.3"
10.109.116.237 - - [27/Oct/2011:09:20:05 -0600] "GET /~nacho/gyromarquee HTTP/1.1" 301 331 "-" "Mozilla/5.0 (iPhone; CPU iPhone OS 5_0 like Mac OS X) AppleWebKit/534.46 (KHTML, like Gecko) Version/5.1 Mobile/9A334 Safari/7534.48.3"
10.109.116.237 - - [27/Oct/2011:09:20:05 -0600] "GET /~nacho/gyromarquee/ HTTP/1.1" 304 - "-" "Mozilla/5.0 (iPhone; CPU iPhone OS 5_0 like Mac OS X) AppleWebKit/534.46 (KHTML, like Gecko) Version/5.1 Mobile/9A334 Safari/7534.48.3"
10.109.116.237 - - [27/Oct/2011:09:20:05 -0600] "GET /~nacho/gyromarquee/js/gyromarquee.js HTTP/1.1" 304 - "http://10.109.37.189/~nacho/gyromarquee/" "Mozilla/5.0 (iPhone; CPU iPhone OS 5_0 like Mac OS X) AppleWebKit/534.46 (KHTML, like Gecko) Version/5.1 Mobile/9A334 Safari/7534.48.3"
10.109.116.237 - - [27/Oct/2011:09:20:18 -0600] "GET /~nacho/gyromarquee/test.html HTTP/1.1" 304 - "-" "Mozilla/5.0 (iPhone; CPU iPhone OS 5_0 like Mac OS X) AppleWebKit/534.46 (KHTML, like Gecko) Version/5.1 Mobile/9A334 Safari/7534.48.3"
10.109.116.237 - - [27/Oct/2011:09:20:18 -0600] "GET /~nacho/gyromarquee/js/test.js HTTP/1.1" 304 - "http://10.109.37.189/~nacho/gyromarquee/test.html" "Mozilla/5.0 (iPhone; CPU iPhone OS 5_0 like Mac OS X) AppleWebKit/534.46 (KHTML, like Gecko) Version/5.1 Mobile/9A334 Safari/7534.48.3"
10.109.116.237 - - [27/Oct/2011:09:59:01 -0600] "GET /js/player-connection.js HTTP/1.1" 200 381 "http://10.109.37.189/player.html" "Mozilla/5.0 (iPhone; CPU iPhone OS 5_0 like Mac OS X) AppleWebKit/534.46 (KHTML, like Gecko) Version/5.1 Mobile/9A334 Safari/7534.48.3"
10.109.116.237 - - [27/Oct/2011:10:08:12 -0600] "GET /player.html HTTP/1.1" 200 686 "-" "Mozilla/5.0 (iPhone; CPU iPhone OS 5_0 like Mac OS X) AppleWebKit/534.46 (KHTML, like Gecko) Version/5.1 Mobile/9A334 Safari/7534.48.3"
10.109.116.237 - - [27/Oct/2011:10:08:12 -0600] "GET /js/lib/socket.io/socket.io.min.js HTTP/1.1" 304 - "http://10.109.37.189/player.html" "Mozilla/5.0 (iPhone; CPU iPhone OS 5_0 like Mac OS X) AppleWebKit/534.46 (KHTML, like Gecko) Version/5.1 Mobile/9A334 Safari/7534.48.3"
10.109.116.237 - - [27/Oct/2011:10:08:12 -0600] "GET /js/player.js HTTP/1.1" 200 3752 "http://10.109.37.189/player.html" "Mozilla/5.0 (iPhone; CPU iPhone OS 5_0 like Mac OS X) AppleWebKit/534.46 (KHTML, like Gecko) Version/5.1 Mobile/9A334 Safari/7534.48.3"
10.109.116.237 - - [27/Oct/2011:10:08:13 -0600] "GET /js/player-connection.js HTTP/1.1" 304 - "http://10.109.37.189/player.html" "Mozilla/5.0 (iPhone; CPU iPhone OS 5_0 like Mac OS X) AppleWebKit/534.46 (KHTML, like Gecko) Version/5.1 Mobile/9A334 Safari/7534.48.3"
10.109.116.237 - - [27/Oct/2011:10:08:13 -0600] "GET /img/bowling-ball.jpg HTTP/1.1" 304 - "http://10.109.37.189/player.html" "Mozilla/5.0 (iPhone; CPU iPhone OS 5_0 like Mac OS X) AppleWebKit/534.46 (KHTML, like Gecko) Version/5.1 Mobile/9A334 Safari/7534.48.3"
::1 - - [27/Oct/2011:10:08:25 -0600] "OPTIONS * HTTP/1.0" 200 - "-" "Apache/2.2.20 (Unix) DAV/2 (internal dummy connection)"
::1 - - [27/Oct/2011:10:08:26 -0600] "OPTIONS * HTTP/1.0" 200 - "-" "Apache/2.2.20 (Unix) DAV/2 (internal dummy connection)"
::1 - - [27/Oct/2011:10:08:27 -0600] "OPTIONS * HTTP/1.0" 200 - "-" "Apache/2.2.20 (Unix) DAV/2 (internal dummy connection)"
10.109.116.237 - - [27/Oct/2011:10:12:46 -0600] "GET /player.html HTTP/1.1" 200 686 "-" "Mozilla/5.0 (iPhone; CPU iPhone OS 5_0 like Mac OS X) AppleWebKit/534.46 (KHTML, like Gecko) Version/5.1 Mobile/9A334 Safari/7534.48.3"
10.109.116.237 - - [27/Oct/2011:10:12:47 -0600] "GET /js/player.js HTTP/1.1" 304 - "http://10.109.37.189/player.html" "Mozilla/5.0 (iPhone; CPU iPhone OS 5_0 like Mac OS X) AppleWebKit/534.46 (KHTML, like Gecko) Version/5.1 Mobile/9A334 Safari/7534.48.3"
10.109.116.237 - - [27/Oct/2011:10:48:34 -0600] "GET /player.html HTTP/1.1" 200 686 "-" "Mozilla/5.0 (iPhone; CPU iPhone OS 5_0 like Mac OS X) AppleWebKit/534.46 (KHTML, like Gecko) Version/5.1 Mobile/9A334 Safari/7534.48.3"
10.109.116.237 - - [27/Oct/2011:10:48:34 -0600] "GET /js/lib/socket.io/socket.io.min.js HTTP/1.1" 304 - "http://10.109.37.189/player.html" "Mozilla/5.0 (iPhone; CPU iPhone OS 5_0 like Mac OS X) AppleWebKit/534.46 (KHTML, like Gecko) Version/5.1 Mobile/9A334 Safari/7534.48.3"
10.109.116.237 - - [27/Oct/2011:10:48:34 -0600] "GET /js/player.js HTTP/1.1" 200 4361 "http://10.109.37.189/player.html" "Mozilla/5.0 (iPhone; CPU iPhone OS 5_0 like Mac OS X) AppleWebKit/534.46 (KHTML, like Gecko) Version/5.1 Mobile/9A334 Safari/7534.48.3"
10.109.116.237 - - [27/Oct/2011:10:48:34 -0600] "GET /js/player-connection.js HTTP/1.1" 304 - "http://10.109.37.189/player.html" "Mozilla/5.0 (iPhone; CPU iPhone OS 5_0 like Mac OS X) AppleWebKit/534.46 (KHTML, like Gecko) Version/5.1 Mobile/9A334 Safari/7534.48.3"
10.109.116.237 - - [27/Oct/2011:10:48:35 -0600] "GET /img/bowling-ball.jpg HTTP/1.1" 304 - "http://10.109.37.189/player.html" "Mozilla/5.0 (iPhone; CPU iPhone OS 5_0 like Mac OS X) AppleWebKit/534.46 (KHTML, like Gecko) Version/5.1 Mobile/9A334 Safari/7534.48.3"
::1 - - [27/Oct/2011:10:48:47 -0600] "OPTIONS * HTTP/1.0" 200 - "-" "Apache/2.2.20 (Unix) DAV/2 (internal dummy connection)"
10.109.116.237 - - [27/Oct/2011:11:05:59 -0600] "GET /player.html HTTP/1.1" 200 686 "-" "Mozilla/5.0 (iPhone; CPU iPhone OS 5_0 like Mac OS X) AppleWebKit/534.46 (KHTML, like Gecko) Version/5.1 Mobile/9A334 Safari/7534.48.3"
10.109.116.237 - - [27/Oct/2011:11:05:59 -0600] "GET /js/lib/socket.io/socket.io.min.js HTTP/1.1" 304 - "http://10.109.37.189/player.html" "Mozilla/5.0 (iPhone; CPU iPhone OS 5_0 like Mac OS X) AppleWebKit/534.46 (KHTML, like Gecko) Version/5.1 Mobile/9A334 Safari/7534.48.3"
10.109.116.237 - - [27/Oct/2011:11:05:59 -0600] "GET /js/player.js HTTP/1.1" 304 - "http://10.109.37.189/player.html" "Mozilla/5.0 (iPhone; CPU iPhone OS 5_0 like Mac OS X) AppleWebKit/534.46 (KHTML, like Gecko) Version/5.1 Mobile/9A334 Safari/7534.48.3"
10.109.116.237 - - [27/Oct/2011:11:05:59 -0600] "GET /js/player-connection.js HTTP/1.1" 304 - "http://10.109.37.189/player.html" "Mozilla/5.0 (iPhone; CPU iPhone OS 5_0 like Mac OS X) AppleWebKit/534.46 (KHTML, like Gecko) Version/5.1 Mobile/9A334 Safari/7534.48.3"
10.109.116.237 - - [27/Oct/2011:11:06:00 -0600] "GET /img/bowling-ball.jpg HTTP/1.1" 304 - "http://10.109.37.189/player.html" "Mozilla/5.0 (iPhone; CPU iPhone OS 5_0 like Mac OS X) AppleWebKit/534.46 (KHTML, like Gecko) Version/5.1 Mobile/9A334 Safari/7534.48.3"
127.0.0.1 - - [27/Oct/2011:11:06:10 -0600] "GET /display.html HTTP/1.1" 304 - "http://localhost/" "Mozilla/5.0 (Macintosh; Intel Mac OS X 10_7_2) AppleWebKit/535.2 (KHTML, like Gecko) Chrome/15.0.874.102 Safari/535.2"
127.0.0.1 - - [27/Oct/2011:11:06:10 -0600] "GET /js/lib/Box2dWeb-2.1.a.3.min.js HTTP/1.1" 304 - "http://localhost/display.html" "Mozilla/5.0 (Macintosh; Intel Mac OS X 10_7_2) AppleWebKit/535.2 (KHTML, like Gecko) Chrome/15.0.874.102 Safari/535.2"
127.0.0.1 - - [27/Oct/2011:11:06:10 -0600] "GET /js/lib/socket.io/socket.io.min.js HTTP/1.1" 304 - "http://localhost/display.html" "Mozilla/5.0 (Macintosh; Intel Mac OS X 10_7_2) AppleWebKit/535.2 (KHTML, like Gecko) Chrome/15.0.874.102 Safari/535.2"
127.0.0.1 - - [27/Oct/2011:11:06:11 -0600] "GET /js/display.js HTTP/1.1" 304 - "http://localhost/display.html" "Mozilla/5.0 (Macintosh; Intel Mac OS X 10_7_2) AppleWebKit/535.2 (KHTML, like Gecko) Chrome/15.0.874.102 Safari/535.2"
127.0.0.1 - - [27/Oct/2011:11:06:11 -0600] "GET /js/display-connection.js HTTP/1.1" 304 - "http://localhost/display.html" "Mozilla/5.0 (Macintosh; Intel Mac OS X 10_7_2) AppleWebKit/535.2 (KHTML, like Gecko) Chrome/15.0.874.102 Safari/535.2"
127.0.0.1 - - [27/Oct/2011:11:06:12 -0600] "GET /favicon.ico HTTP/1.1" 404 288 "-" "Mozilla/5.0 (Macintosh; Intel Mac OS X 10_7_2) AppleWebKit/535.2 (KHTML, like Gecko) Chrome/15.0.874.102 Safari/535.2"
::1 - - [27/Oct/2011:11:06:28 -0600] "OPTIONS * HTTP/1.0" 200 - "-" "Apache/2.2.20 (Unix) DAV/2 (internal dummy connection)"
::1 - - [27/Oct/2011:11:06:29 -0600] "OPTIONS * HTTP/1.0" 200 - "-" "Apache/2.2.20 (Unix) DAV/2 (internal dummy connection)"
::1 - - [27/Oct/2011:11:06:30 -0600] "OPTIONS * HTTP/1.0" 200 - "-" "Apache/2.2.20 (Unix) DAV/2 (internal dummy connection)"
127.0.0.1 - - [27/Oct/2011:11:12:14 -0600] "GET /display.html HTTP/1.1" 304 - "http://localhost/" "Mozilla/5.0 (Macintosh; Intel Mac OS X 10_7_2) AppleWebKit/535.2 (KHTML, like Gecko) Chrome/15.0.874.102 Safari/535.2"
127.0.0.1 - - [27/Oct/2011:11:12:14 -0600] "GET /js/lib/Box2dWeb-2.1.a.3.min.js HTTP/1.1" 304 - "http://localhost/display.html" "Mozilla/5.0 (Macintosh; Intel Mac OS X 10_7_2) AppleWebKit/535.2 (KHTML, like Gecko) Chrome/15.0.874.102 Safari/535.2"
127.0.0.1 - - [27/Oct/2011:11:12:14 -0600] "GET /js/lib/socket.io/socket.io.min.js HTTP/1.1" 304 - "http://localhost/display.html" "Mozilla/5.0 (Macintosh; Intel Mac OS X 10_7_2) AppleWebKit/535.2 (KHTML, like Gecko) Chrome/15.0.874.102 Safari/535.2"
127.0.0.1 - - [27/Oct/2011:11:12:14 -0600] "GET /js/display.js HTTP/1.1" 304 - "http://localhost/display.html" "Mozilla/5.0 (Macintosh; Intel Mac OS X 10_7_2) AppleWebKit/535.2 (KHTML, like Gecko) Chrome/15.0.874.102 Safari/535.2"
127.0.0.1 - - [27/Oct/2011:11:12:15 -0600] "GET /js/display-connection.js HTTP/1.1" 304 - "http://localhost/display.html" "Mozilla/5.0 (Macintosh; Intel Mac OS X 10_7_2) AppleWebKit/535.2 (KHTML, like Gecko) Chrome/15.0.874.102 Safari/535.2"
127.0.0.1 - - [27/Oct/2011:11:12:15 -0600] "GET /favicon.ico HTTP/1.1" 404 288 "-" "Mozilla/5.0 (Macintosh; Intel Mac OS X 10_7_2) AppleWebKit/535.2 (KHTML, like Gecko) Chrome/15.0.874.102 Safari/535.2"
::1 - - [27/Oct/2011:11:12:31 -0600] "OPTIONS * HTTP/1.0" 200 - "-" "Apache/2.2.20 (Unix) DAV/2 (internal dummy connection)"
::1 - - [27/Oct/2011:11:12:32 -0600] "OPTIONS * HTTP/1.0" 200 - "-" "Apache/2.2.20 (Unix) DAV/2 (internal dummy connection)"
::1 - - [27/Oct/2011:11:12:33 -0600] "OPTIONS * HTTP/1.0" 200 - "-" "Apache/2.2.20 (Unix) DAV/2 (internal dummy connection)"
10.109.116.237 - - [27/Oct/2011:11:15:13 -0600] "GET /player.html HTTP/1.1" 200 686 "-" "Mozilla/5.0 (iPhone; CPU iPhone OS 5_0 like Mac OS X) AppleWebKit/534.46 (KHTML, like Gecko) Version/5.1 Mobile/9A334 Safari/7534.48.3"
10.109.116.237 - - [27/Oct/2011:11:15:13 -0600] "GET /js/lib/socket.io/socket.io.min.js HTTP/1.1" 304 - "http://10.109.37.189/player.html" "Mozilla/5.0 (iPhone; CPU iPhone OS 5_0 like Mac OS X) AppleWebKit/534.46 (KHTML, like Gecko) Version/5.1 Mobile/9A334 Safari/7534.48.3"
10.109.116.237 - - [27/Oct/2011:11:15:13 -0600] "GET /js/player.js HTTP/1.1" 200 4396 "http://10.109.37.189/player.html" "Mozilla/5.0 (iPhone; CPU iPhone OS 5_0 like Mac OS X) AppleWebKit/534.46 (KHTML, like Gecko) Version/5.1 Mobile/9A334 Safari/7534.48.3"
10.109.116.237 - - [27/Oct/2011:11:15:13 -0600] "GET /js/player-connection.js HTTP/1.1" 304 - "http://10.109.37.189/player.html" "Mozilla/5.0 (iPhone; CPU iPhone OS 5_0 like Mac OS X) AppleWebKit/534.46 (KHTML, like Gecko) Version/5.1 Mobile/9A334 Safari/7534.48.3"
10.109.116.237 - - [27/Oct/2011:11:15:14 -0600] "GET /img/bowling-ball.jpg HTTP/1.1" 304 - "http://10.109.37.189/player.html" "Mozilla/5.0 (iPhone; CPU iPhone OS 5_0 like Mac OS X) AppleWebKit/534.46 (KHTML, like Gecko) Version/5.1 Mobile/9A334 Safari/7534.48.3"
127.0.0.1 - - [27/Oct/2011:11:15:20 -0600] "GET /display.html HTTP/1.1" 304 - "http://localhost/" "Mozilla/5.0 (Macintosh; Intel Mac OS X 10_7_2) AppleWebKit/535.2 (KHTML, like Gecko) Chrome/15.0.874.102 Safari/535.2"
127.0.0.1 - - [27/Oct/2011:11:15:20 -0600] "GET /js/lib/Box2dWeb-2.1.a.3.min.js HTTP/1.1" 304 - "http://localhost/display.html" "Mozilla/5.0 (Macintosh; Intel Mac OS X 10_7_2) AppleWebKit/535.2 (KHTML, like Gecko) Chrome/15.0.874.102 Safari/535.2"
127.0.0.1 - - [27/Oct/2011:11:15:20 -0600] "GET /js/lib/socket.io/socket.io.min.js HTTP/1.1" 304 - "http://localhost/display.html" "Mozilla/5.0 (Macintosh; Intel Mac OS X 10_7_2) AppleWebKit/535.2 (KHTML, like Gecko) Chrome/15.0.874.102 Safari/535.2"
127.0.0.1 - - [27/Oct/2011:11:15:21 -0600] "GET /js/display.js HTTP/1.1" 304 - "http://localhost/display.html" "Mozilla/5.0 (Macintosh; Intel Mac OS X 10_7_2) AppleWebKit/535.2 (KHTML, like Gecko) Chrome/15.0.874.102 Safari/535.2"
127.0.0.1 - - [27/Oct/2011:11:15:22 -0600] "GET /js/display-connection.js HTTP/1.1" 304 - "http://localhost/display.html" "Mozilla/5.0 (Macintosh; Intel Mac OS X 10_7_2) AppleWebKit/535.2 (KHTML, like Gecko) Chrome/15.0.874.102 Safari/535.2"
127.0.0.1 - - [27/Oct/2011:11:15:22 -0600] "GET /favicon.ico HTTP/1.1" 404 288 "-" "Mozilla/5.0 (Macintosh; Intel Mac OS X 10_7_2) AppleWebKit/535.2 (KHTML, like Gecko) Chrome/15.0.874.102 Safari/535.2"
10.109.116.237 - - [27/Oct/2011:11:15:22 -0600] "GET /player.html HTTP/1.1" 200 686 "-" "Mozilla/5.0 (iPhone; CPU iPhone OS 5_0 like Mac OS X) AppleWebKit/534.46 (KHTML, like Gecko) Version/5.1 Mobile/9A334 Safari/7534.48.3"
10.109.116.237 - - [27/Oct/2011:11:15:23 -0600] "GET /js/lib/socket.io/socket.io.min.js HTTP/1.1" 304 - "http://10.109.37.189/player.html" "Mozilla/5.0 (iPhone; CPU iPhone OS 5_0 like Mac OS X) AppleWebKit/534.46 (KHTML, like Gecko) Version/5.1 Mobile/9A334 Safari/7534.48.3"
10.109.116.237 - - [27/Oct/2011:11:15:23 -0600] "GET /js/player.js HTTP/1.1" 304 - "http://10.109.37.189/player.html" "Mozilla/5.0 (iPhone; CPU iPhone OS 5_0 like Mac OS X) AppleWebKit/534.46 (KHTML, like Gecko) Version/5.1 Mobile/9A334 Safari/7534.48.3"
10.109.116.237 - - [27/Oct/2011:11:15:23 -0600] "GET /js/player-connection.js HTTP/1.1" 304 - "http://10.109.37.189/player.html" "Mozilla/5.0 (iPhone; CPU iPhone OS 5_0 like Mac OS X) AppleWebKit/534.46 (KHTML, like Gecko) Version/5.1 Mobile/9A334 Safari/7534.48.3"
10.109.116.237 - - [27/Oct/2011:11:15:23 -0600] "GET /img/bowling-ball.jpg HTTP/1.1" 304 - "http://10.109.37.189/player.html" "Mozilla/5.0 (iPhone; CPU iPhone OS 5_0 like Mac OS X) AppleWebKit/534.46 (KHTML, like Gecko) Version/5.1 Mobile/9A334 Safari/7534.48.3"
::1 - - [27/Oct/2011:11:15:24 -0600] "OPTIONS * HTTP/1.0" 200 - "-" "Apache/2.2.20 (Unix) DAV/2 (internal dummy connection)"
::1 - - [27/Oct/2011:11:15:25 -0600] "OPTIONS * HTTP/1.0" 200 - "-" "Apache/2.2.20 (Unix) DAV/2 (internal dummy connection)"
::1 - - [27/Oct/2011:11:15:32 -0600] "OPTIONS * HTTP/1.0" 200 - "-" "Apache/2.2.20 (Unix) DAV/2 (internal dummy connection)"
::1 - - [27/Oct/2011:11:15:35 -0600] "OPTIONS * HTTP/1.0" 200 - "-" "Apache/2.2.20 (Unix) DAV/2 (internal dummy connection)"
::1 - - [27/Oct/2011:11:15:38 -0600] "OPTIONS * HTTP/1.0" 200 - "-" "Apache/2.2.20 (Unix) DAV/2 (internal dummy connection)"
::1 - - [27/Oct/2011:11:15:39 -0600] "OPTIONS * HTTP/1.0" 200 - "-" "Apache/2.2.20 (Unix) DAV/2 (internal dummy connection)"
::1 - - [27/Oct/2011:11:15:40 -0600] "OPTIONS * HTTP/1.0" 200 - "-" "Apache/2.2.20 (Unix) DAV/2 (internal dummy connection)"
10.109.116.237 - - [27/Oct/2011:11:19:15 -0600] "GET /js/player.js HTTP/1.1" 304 - "http://10.109.37.189/player.html" "Mozilla/5.0 (iPhone; CPU iPhone OS 5_0 like Mac OS X) AppleWebKit/534.46 (KHTML, like Gecko) Version/5.1 Mobile/9A334 Safari/7534.48.3"
127.0.0.1 - - [27/Oct/2011:11:19:33 -0600] "GET /display.html HTTP/1.1" 304 - "http://localhost/" "Mozilla/5.0 (Macintosh; Intel Mac OS X 10_7_2) AppleWebKit/535.2 (KHTML, like Gecko) Chrome/15.0.874.102 Safari/535.2"
127.0.0.1 - - [27/Oct/2011:11:19:33 -0600] "GET /js/lib/Box2dWeb-2.1.a.3.min.js HTTP/1.1" 304 - "http://localhost/display.html" "Mozilla/5.0 (Macintosh; Intel Mac OS X 10_7_2) AppleWebKit/535.2 (KHTML, like Gecko) Chrome/15.0.874.102 Safari/535.2"
127.0.0.1 - - [27/Oct/2011:11:19:33 -0600] "GET /js/display.js HTTP/1.1" 304 - "http://localhost/display.html" "Mozilla/5.0 (Macintosh; Intel Mac OS X 10_7_2) AppleWebKit/535.2 (KHTML, like Gecko) Chrome/15.0.874.102 Safari/535.2"
127.0.0.1 - - [27/Oct/2011:11:19:33 -0600] "GET /js/lib/socket.io/socket.io.min.js HTTP/1.1" 304 - "http://localhost/display.html" "Mozilla/5.0 (Macintosh; Intel Mac OS X 10_7_2) AppleWebKit/535.2 (KHTML, like Gecko) Chrome/15.0.874.102 Safari/535.2"
127.0.0.1 - - [27/Oct/2011:11:19:34 -0600] "GET /js/display-connection.js HTTP/1.1" 304 - "http://localhost/display.html" "Mozilla/5.0 (Macintosh; Intel Mac OS X 10_7_2) AppleWebKit/535.2 (KHTML, like Gecko) Chrome/15.0.874.102 Safari/535.2"
127.0.0.1 - - [27/Oct/2011:11:19:35 -0600] "GET /favicon.ico HTTP/1.1" 404 288 "-" "Mozilla/5.0 (Macintosh; Intel Mac OS X 10_7_2) AppleWebKit/535.2 (KHTML, like Gecko) Chrome/15.0.874.102 Safari/535.2"
::1 - - [27/Oct/2011:11:19:51 -0600] "OPTIONS * HTTP/1.0" 200 - "-" "Apache/2.2.20 (Unix) DAV/2 (internal dummy connection)"
::1 - - [27/Oct/2011:11:19:52 -0600] "OPTIONS * HTTP/1.0" 200 - "-" "Apache/2.2.20 (Unix) DAV/2 (internal dummy connection)"
::1 - - [27/Oct/2011:11:19:53 -0600] "OPTIONS * HTTP/1.0" 200 - "-" "Apache/2.2.20 (Unix) DAV/2 (internal dummy connection)"
10.109.116.237 - - [27/Oct/2011:11:21:15 -0600] "GET /player.html HTTP/1.1" 200 686 "-" "Mozilla/5.0 (iPhone; CPU iPhone OS 5_0 like Mac OS X) AppleWebKit/534.46 (KHTML, like Gecko) Version/5.1 Mobile/9A334 Safari/7534.48.3"
10.109.116.237 - - [27/Oct/2011:11:21:15 -0600] "GET /js/lib/socket.io/socket.io.min.js HTTP/1.1" 304 - "http://10.109.37.189/player.html" "Mozilla/5.0 (iPhone; CPU iPhone OS 5_0 like Mac OS X) AppleWebKit/534.46 (KHTML, like Gecko) Version/5.1 Mobile/9A334 Safari/7534.48.3"
10.109.116.237 - - [27/Oct/2011:11:21:15 -0600] "GET /js/player.js HTTP/1.1" 304 - "http://10.109.37.189/player.html" "Mozilla/5.0 (iPhone; CPU iPhone OS 5_0 like Mac OS X) AppleWebKit/534.46 (KHTML, like Gecko) Version/5.1 Mobile/9A334 Safari/7534.48.3"
10.109.116.237 - - [27/Oct/2011:11:21:16 -0600] "GET /js/player-connection.js HTTP/1.1" 304 - "http://10.109.37.189/player.html" "Mozilla/5.0 (iPhone; CPU iPhone OS 5_0 like Mac OS X) AppleWebKit/534.46 (KHTML, like Gecko) Version/5.1 Mobile/9A334 Safari/7534.48.3"
10.109.116.237 - - [27/Oct/2011:11:21:16 -0600] "GET /img/bowling-ball.jpg HTTP/1.1" 304 - "http://10.109.37.189/player.html" "Mozilla/5.0 (iPhone; CPU iPhone OS 5_0 like Mac OS X) AppleWebKit/534.46 (KHTML, like Gecko) Version/5.1 Mobile/9A334 Safari/7534.48.3"
::1 - - [27/Oct/2011:11:21:25 -0600] "OPTIONS * HTTP/1.0" 200 - "-" "Apache/2.2.20 (Unix) DAV/2 (internal dummy connection)"
::1 - - [27/Oct/2011:11:21:26 -0600] "OPTIONS * HTTP/1.0" 200 - "-" "Apache/2.2.20 (Unix) DAV/2 (internal dummy connection)"
::1 - - [27/Oct/2011:11:21:27 -0600] "OPTIONS * HTTP/1.0" 200 - "-" "Apache/2.2.20 (Unix) DAV/2 (internal dummy connection)"
10.109.116.237 - - [27/Oct/2011:11:21:51 -0600] "GET /player.html HTTP/1.1" 200 686 "-" "Mozilla/5.0 (iPhone; CPU iPhone OS 5_0 like Mac OS X) AppleWebKit/534.46 (KHTML, like Gecko) Version/5.1 Mobile/9A334 Safari/7534.48.3"
10.109.116.237 - - [27/Oct/2011:11:21:51 -0600] "GET /player.html HTTP/1.1" 200 686 "-" "Mozilla/5.0 (iPhone; CPU iPhone OS 5_0 like Mac OS X) AppleWebKit/534.46 (KHTML, like Gecko) Version/5.1 Mobile/9A334 Safari/7534.48.3"
10.109.116.237 - - [27/Oct/2011:11:21:51 -0600] "GET /js/lib/socket.io/socket.io.min.js HTTP/1.1" 304 - "http://10.109.37.189/player.html" "Mozilla/5.0 (iPhone; CPU iPhone OS 5_0 like Mac OS X) AppleWebKit/534.46 (KHTML, like Gecko) Version/5.1 Mobile/9A334 Safari/7534.48.3"
10.109.116.237 - - [27/Oct/2011:11:21:51 -0600] "GET /js/player.js HTTP/1.1" 304 - "http://10.109.37.189/player.html" "Mozilla/5.0 (iPhone; CPU iPhone OS 5_0 like Mac OS X) AppleWebKit/534.46 (KHTML, like Gecko) Version/5.1 Mobile/9A334 Safari/7534.48.3"
10.109.116.237 - - [27/Oct/2011:11:21:51 -0600] "GET /js/player-connection.js HTTP/1.1" 304 - "http://10.109.37.189/player.html" "Mozilla/5.0 (iPhone; CPU iPhone OS 5_0 like Mac OS X) AppleWebKit/534.46 (KHTML, like Gecko) Version/5.1 Mobile/9A334 Safari/7534.48.3"
10.109.116.237 - - [27/Oct/2011:11:21:52 -0600] "GET /img/bowling-ball.jpg HTTP/1.1" 304 - "http://10.109.37.189/player.html" "Mozilla/5.0 (iPhone; CPU iPhone OS 5_0 like Mac OS X) AppleWebKit/534.46 (KHTML, like Gecko) Version/5.1 Mobile/9A334 Safari/7534.48.3"
10.109.116.237 - - [27/Oct/2011:11:24:39 -0600] "-" 408 - "-" "-"
::1 - - [27/Oct/2011:11:24:42 -0600] "OPTIONS * HTTP/1.0" 200 - "-" "Apache/2.2.20 (Unix) DAV/2 (internal dummy connection)"
127.0.0.1 - - [27/Oct/2011:11:29:03 -0600] "GET /display.html HTTP/1.1" 304 - "http://localhost/" "Mozilla/5.0 (Macintosh; Intel Mac OS X 10_7_2) AppleWebKit/535.2 (KHTML, like Gecko) Chrome/15.0.874.102 Safari/535.2"
127.0.0.1 - - [27/Oct/2011:11:29:03 -0600] "GET /js/lib/Box2dWeb-2.1.a.3.min.js HTTP/1.1" 304 - "http://localhost/display.html" "Mozilla/5.0 (Macintosh; Intel Mac OS X 10_7_2) AppleWebKit/535.2 (KHTML, like Gecko) Chrome/15.0.874.102 Safari/535.2"
127.0.0.1 - - [27/Oct/2011:11:29:03 -0600] "GET /js/display.js HTTP/1.1" 304 - "http://localhost/display.html" "Mozilla/5.0 (Macintosh; Intel Mac OS X 10_7_2) AppleWebKit/535.2 (KHTML, like Gecko) Chrome/15.0.874.102 Safari/535.2"
127.0.0.1 - - [27/Oct/2011:11:29:03 -0600] "GET /js/lib/socket.io/socket.io.min.js HTTP/1.1" 304 - "http://localhost/display.html" "Mozilla/5.0 (Macintosh; Intel Mac OS X 10_7_2) AppleWebKit/535.2 (KHTML, like Gecko) Chrome/15.0.874.102 Safari/535.2"
127.0.0.1 - - [27/Oct/2011:11:29:03 -0600] "GET /js/display-connection.js HTTP/1.1" 304 - "http://localhost/display.html" "Mozilla/5.0 (Macintosh; Intel Mac OS X 10_7_2) AppleWebKit/535.2 (KHTML, like Gecko) Chrome/15.0.874.102 Safari/535.2"
127.0.0.1 - - [27/Oct/2011:11:29:04 -0600] "GET /favicon.ico HTTP/1.1" 404 288 "-" "Mozilla/5.0 (Macintosh; Intel Mac OS X 10_7_2) AppleWebKit/535.2 (KHTML, like Gecko) Chrome/15.0.874.102 Safari/535.2"
10.109.116.237 - - [27/Oct/2011:11:29:16 -0600] "GET /player.html HTTP/1.1" 200 686 "-" "Mozilla/5.0 (iPhone; CPU iPhone OS 5_0 like Mac OS X) AppleWebKit/534.46 (KHTML, like Gecko) Version/5.1 Mobile/9A334 Safari/7534.48.3"
10.109.116.237 - - [27/Oct/2011:11:29:16 -0600] "GET /js/player.js HTTP/1.1" 200 5131 "http://10.109.37.189/player.html" "Mozilla/5.0 (iPhone; CPU iPhone OS 5_0 like Mac OS X) AppleWebKit/534.46 (KHTML, like Gecko) Version/5.1 Mobile/9A334 Safari/7534.48.3"
::1 - - [27/Oct/2011:11:29:20 -0600] "OPTIONS * HTTP/1.0" 200 - "-" "Apache/2.2.20 (Unix) DAV/2 (internal dummy connection)"
::1 - - [27/Oct/2011:11:29:21 -0600] "OPTIONS * HTTP/1.0" 200 - "-" "Apache/2.2.20 (Unix) DAV/2 (internal dummy connection)"
::1 - - [27/Oct/2011:11:29:28 -0600] "OPTIONS * HTTP/1.0" 200 - "-" "Apache/2.2.20 (Unix) DAV/2 (internal dummy connection)"
127.0.0.1 - - [28/Oct/2011:13:47:23 -0600] "GET /display.html HTTP/1.1" 304 - "http://localhost/" "Mozilla/5.0 (Macintosh; Intel Mac OS X 10_7_2) AppleWebKit/535.2 (KHTML, like Gecko) Chrome/15.0.874.102 Safari/535.2"
127.0.0.1 - - [28/Oct/2011:13:47:23 -0600] "GET /js/lib/socket.io/socket.io.min.js HTTP/1.1" 304 - "http://localhost/display.html" "Mozilla/5.0 (Macintosh; Intel Mac OS X 10_7_2) AppleWebKit/535.2 (KHTML, like Gecko) Chrome/15.0.874.102 Safari/535.2"
127.0.0.1 - - [28/Oct/2011:13:47:23 -0600] "GET /js/lib/Box2dWeb-2.1.a.3.min.js HTTP/1.1" 304 - "http://localhost/display.html" "Mozilla/5.0 (Macintosh; Intel Mac OS X 10_7_2) AppleWebKit/535.2 (KHTML, like Gecko) Chrome/15.0.874.102 Safari/535.2"
127.0.0.1 - - [28/Oct/2011:13:47:23 -0600] "GET /js/display.js HTTP/1.1" 304 - "http://localhost/display.html" "Mozilla/5.0 (Macintosh; Intel Mac OS X 10_7_2) AppleWebKit/535.2 (KHTML, like Gecko) Chrome/15.0.874.102 Safari/535.2"
127.0.0.1 - - [28/Oct/2011:13:47:24 -0600] "GET /js/display-connection.js HTTP/1.1" 304 - "http://localhost/display.html" "Mozilla/5.0 (Macintosh; Intel Mac OS X 10_7_2) AppleWebKit/535.2 (KHTML, like Gecko) Chrome/15.0.874.102 Safari/535.2"
127.0.0.1 - - [28/Oct/2011:13:47:24 -0600] "GET /favicon.ico HTTP/1.1" 404 288 "-" "Mozilla/5.0 (Macintosh; Intel Mac OS X 10_7_2) AppleWebKit/535.2 (KHTML, like Gecko) Chrome/15.0.874.102 Safari/535.2"
::1 - - [28/Oct/2011:13:47:41 -0600] "OPTIONS * HTTP/1.0" 200 - "-" "Apache/2.2.20 (Unix) DAV/2 (internal dummy connection)"
::1 - - [28/Oct/2011:13:47:42 -0600] "OPTIONS * HTTP/1.0" 200 - "-" "Apache/2.2.20 (Unix) DAV/2 (internal dummy connection)"
::1 - - [28/Oct/2011:13:47:43 -0600] "OPTIONS * HTTP/1.0" 200 - "-" "Apache/2.2.20 (Unix) DAV/2 (internal dummy connection)"
10.109.116.128 - - [28/Oct/2011:13:48:03 -0600] "GET /player.html HTTP/1.1" 200 686 "-" "Mozilla/5.0 (iPhone; CPU iPhone OS 5_0 like Mac OS X) AppleWebKit/534.46 (KHTML, like Gecko) Version/5.1 Mobile/9A334 Safari/7534.48.3"
10.109.116.128 - - [28/Oct/2011:13:48:03 -0600] "GET /js/lib/socket.io/socket.io.min.js HTTP/1.1" 304 - "http://10.109.37.189/player.html" "Mozilla/5.0 (iPhone; CPU iPhone OS 5_0 like Mac OS X) AppleWebKit/534.46 (KHTML, like Gecko) Version/5.1 Mobile/9A334 Safari/7534.48.3"
10.109.116.128 - - [28/Oct/2011:13:48:03 -0600] "GET /js/player.js HTTP/1.1" 200 5099 "http://10.109.37.189/player.html" "Mozilla/5.0 (iPhone; CPU iPhone OS 5_0 like Mac OS X) AppleWebKit/534.46 (KHTML, like Gecko) Version/5.1 Mobile/9A334 Safari/7534.48.3"
10.109.116.128 - - [28/Oct/2011:13:48:03 -0600] "GET /js/player-connection.js HTTP/1.1" 304 - "http://10.109.37.189/player.html" "Mozilla/5.0 (iPhone; CPU iPhone OS 5_0 like Mac OS X) AppleWebKit/534.46 (KHTML, like Gecko) Version/5.1 Mobile/9A334 Safari/7534.48.3"
10.109.116.128 - - [28/Oct/2011:13:48:03 -0600] "GET /img/bowling-ball.jpg HTTP/1.1" 304 - "http://10.109.37.189/player.html" "Mozilla/5.0 (iPhone; CPU iPhone OS 5_0 like Mac OS X) AppleWebKit/534.46 (KHTML, like Gecko) Version/5.1 Mobile/9A334 Safari/7534.48.3"
127.0.0.1 - - [28/Oct/2011:13:55:39 -0600] "GET /display.html HTTP/1.1" 304 - "http://localhost/" "Mozilla/5.0 (Macintosh; Intel Mac OS X 10_7_2) AppleWebKit/535.2 (KHTML, like Gecko) Chrome/15.0.874.102 Safari/535.2"
127.0.0.1 - - [28/Oct/2011:13:55:39 -0600] "GET /js/lib/Box2dWeb-2.1.a.3.min.js HTTP/1.1" 304 - "http://localhost/display.html" "Mozilla/5.0 (Macintosh; Intel Mac OS X 10_7_2) AppleWebKit/535.2 (KHTML, like Gecko) Chrome/15.0.874.102 Safari/535.2"
127.0.0.1 - - [28/Oct/2011:13:55:39 -0600] "GET /js/lib/socket.io/socket.io.min.js HTTP/1.1" 304 - "http://localhost/display.html" "Mozilla/5.0 (Macintosh; Intel Mac OS X 10_7_2) AppleWebKit/535.2 (KHTML, like Gecko) Chrome/15.0.874.102 Safari/535.2"
127.0.0.1 - - [28/Oct/2011:13:55:39 -0600] "GET /js/display.js HTTP/1.1" 200 6718 "http://localhost/display.html" "Mozilla/5.0 (Macintosh; Intel Mac OS X 10_7_2) AppleWebKit/535.2 (KHTML, like Gecko) Chrome/15.0.874.102 Safari/535.2"
127.0.0.1 - - [28/Oct/2011:13:55:40 -0600] "GET /js/display-connection.js HTTP/1.1" 304 - "http://localhost/display.html" "Mozilla/5.0 (Macintosh; Intel Mac OS X 10_7_2) AppleWebKit/535.2 (KHTML, like Gecko) Chrome/15.0.874.102 Safari/535.2"
127.0.0.1 - - [28/Oct/2011:13:55:40 -0600] "GET /favicon.ico HTTP/1.1" 404 288 "-" "Mozilla/5.0 (Macintosh; Intel Mac OS X 10_7_2) AppleWebKit/535.2 (KHTML, like Gecko) Chrome/15.0.874.102 Safari/535.2"
10.109.116.128 - - [28/Oct/2011:13:55:51 -0600] "GET /player.html HTTP/1.1" 200 686 "-" "Mozilla/5.0 (iPhone; CPU iPhone OS 5_0 like Mac OS X) AppleWebKit/534.46 (KHTML, like Gecko) Version/5.1 Mobile/9A334 Safari/7534.48.3"
10.109.116.128 - - [28/Oct/2011:13:55:51 -0600] "GET /js/lib/socket.io/socket.io.min.js HTTP/1.1" 304 - "http://10.109.37.189/player.html" "Mozilla/5.0 (iPhone; CPU iPhone OS 5_0 like Mac OS X) AppleWebKit/534.46 (KHTML, like Gecko) Version/5.1 Mobile/9A334 Safari/7534.48.3"
10.109.116.128 - - [28/Oct/2011:13:55:51 -0600] "GET /js/player.js HTTP/1.1" 304 - "http://10.109.37.189/player.html" "Mozilla/5.0 (iPhone; CPU iPhone OS 5_0 like Mac OS X) AppleWebKit/534.46 (KHTML, like Gecko) Version/5.1 Mobile/9A334 Safari/7534.48.3"
10.109.116.128 - - [28/Oct/2011:13:55:51 -0600] "GET /js/player-connection.js HTTP/1.1" 304 - "http://10.109.37.189/player.html" "Mozilla/5.0 (iPhone; CPU iPhone OS 5_0 like Mac OS X) AppleWebKit/534.46 (KHTML, like Gecko) Version/5.1 Mobile/9A334 Safari/7534.48.3"
10.109.116.128 - - [28/Oct/2011:13:55:51 -0600] "GET /img/bowling-ball.jpg HTTP/1.1" 304 - "http://10.109.37.189/player.html" "Mozilla/5.0 (iPhone; CPU iPhone OS 5_0 like Mac OS X) AppleWebKit/534.46 (KHTML, like Gecko) Version/5.1 Mobile/9A334 Safari/7534.48.3"
::1 - - [28/Oct/2011:13:55:57 -0600] "OPTIONS * HTTP/1.0" 200 - "-" "Apache/2.2.20 (Unix) DAV/2 (internal dummy connection)"
::1 - - [28/Oct/2011:13:55:58 -0600] "OPTIONS * HTTP/1.0" 200 - "-" "Apache/2.2.20 (Unix) DAV/2 (internal dummy connection)"
::1 - - [28/Oct/2011:13:55:59 -0600] "OPTIONS * HTTP/1.0" 200 - "-" "Apache/2.2.20 (Unix) DAV/2 (internal dummy connection)"
::1 - - [28/Oct/2011:13:56:00 -0600] "OPTIONS * HTTP/1.0" 200 - "-" "Apache/2.2.20 (Unix) DAV/2 (internal dummy connection)"
127.0.0.1 - - [28/Oct/2011:13:57:16 -0600] "GET /display.html HTTP/1.1" 304 - "http://localhost/" "Mozilla/5.0 (Macintosh; Intel Mac OS X 10_7_2) AppleWebKit/535.2 (KHTML, like Gecko) Chrome/15.0.874.102 Safari/535.2"
127.0.0.1 - - [28/Oct/2011:13:57:16 -0600] "GET /js/lib/Box2dWeb-2.1.a.3.min.js HTTP/1.1" 304 - "http://localhost/display.html" "Mozilla/5.0 (Macintosh; Intel Mac OS X 10_7_2) AppleWebKit/535.2 (KHTML, like Gecko) Chrome/15.0.874.102 Safari/535.2"
127.0.0.1 - - [28/Oct/2011:13:57:16 -0600] "GET /js/lib/socket.io/socket.io.min.js HTTP/1.1" 304 - "http://localhost/display.html" "Mozilla/5.0 (Macintosh; Intel Mac OS X 10_7_2) AppleWebKit/535.2 (KHTML, like Gecko) Chrome/15.0.874.102 Safari/535.2"
127.0.0.1 - - [28/Oct/2011:13:57:16 -0600] "GET /js/display.js HTTP/1.1" 200 6719 "http://localhost/display.html" "Mozilla/5.0 (Macintosh; Intel Mac OS X 10_7_2) AppleWebKit/535.2 (KHTML, like Gecko) Chrome/15.0.874.102 Safari/535.2"
127.0.0.1 - - [28/Oct/2011:13:57:16 -0600] "GET /js/display-connection.js HTTP/1.1" 304 - "http://localhost/display.html" "Mozilla/5.0 (Macintosh; Intel Mac OS X 10_7_2) AppleWebKit/535.2 (KHTML, like Gecko) Chrome/15.0.874.102 Safari/535.2"
127.0.0.1 - - [28/Oct/2011:13:57:16 -0600] "GET /favicon.ico HTTP/1.1" 404 288 "-" "Mozilla/5.0 (Macintosh; Intel Mac OS X 10_7_2) AppleWebKit/535.2 (KHTML, like Gecko) Chrome/15.0.874.102 Safari/535.2"
::1 - - [28/Oct/2011:13:57:30 -0600] "OPTIONS * HTTP/1.0" 200 - "-" "Apache/2.2.20 (Unix) DAV/2 (internal dummy connection)"
::1 - - [28/Oct/2011:13:57:31 -0600] "OPTIONS * HTTP/1.0" 200 - "-" "Apache/2.2.20 (Unix) DAV/2 (internal dummy connection)"
::1 - - [28/Oct/2011:13:57:34 -0600] "OPTIONS * HTTP/1.0" 200 - "-" "Apache/2.2.20 (Unix) DAV/2 (internal dummy connection)"
127.0.0.1 - - [28/Oct/2011:13:59:11 -0600] "GET /display.html HTTP/1.1" 304 - "http://localhost/" "Mozilla/5.0 (Macintosh; Intel Mac OS X 10_7_2) AppleWebKit/535.2 (KHTML, like Gecko) Chrome/15.0.874.102 Safari/535.2"
127.0.0.1 - - [28/Oct/2011:13:59:11 -0600] "GET /js/lib/Box2dWeb-2.1.a.3.min.js HTTP/1.1" 304 - "http://localhost/display.html" "Mozilla/5.0 (Macintosh; Intel Mac OS X 10_7_2) AppleWebKit/535.2 (KHTML, like Gecko) Chrome/15.0.874.102 Safari/535.2"
127.0.0.1 - - [28/Oct/2011:13:59:11 -0600] "GET /js/lib/socket.io/socket.io.min.js HTTP/1.1" 304 - "http://localhost/display.html" "Mozilla/5.0 (Macintosh; Intel Mac OS X 10_7_2) AppleWebKit/535.2 (KHTML, like Gecko) Chrome/15.0.874.102 Safari/535.2"
