127.0.0.1 - - [28/Oct/2011:13:59:12 -0600] "GET /js/display.js HTTP/1.1" 200 6719 "http://localhost/display.html" "Mozilla/5.0 (Macintosh; Intel Mac OS X 10_7_2) AppleWebKit/535.2 (KHTML, like Gecko) Chrome/15.0.874.102 Safari/535.2"
127.0.0.1 - - [28/Oct/2011:13:59:13 -0600] "GET /js/display-connection.js HTTP/1.1" 304 - "http://localhost/display.html" "Mozilla/5.0 (Macintosh; Intel Mac OS X 10_7_2) AppleWebKit/535.2 (KHTML, like Gecko) Chrome/15.0.874.102 Safari/535.2"
127.0.0.1 - - [28/Oct/2011:13:59:13 -0600] "GET /favicon.ico HTTP/1.1" 404 288 "-" "Mozilla/5.0 (Macintosh; Intel Mac OS X 10_7_2) AppleWebKit/535.2 (KHTML, like Gecko) Chrome/15.0.874.102 Safari/535.2"
::1 - - [28/Oct/2011:13:59:29 -0600] "OPTIONS * HTTP/1.0" 200 - "-" "Apache/2.2.20 (Unix) DAV/2 (internal dummy connection)"
::1 - - [28/Oct/2011:13:59:30 -0600] "OPTIONS * HTTP/1.0" 200 - "-" "Apache/2.2.20 (Unix) DAV/2 (internal dummy connection)"
::1 - - [28/Oct/2011:13:59:31 -0600] "OPTIONS * HTTP/1.0" 200 - "-" "Apache/2.2.20 (Unix) DAV/2 (internal dummy connection)"
127.0.0.1 - - [28/Oct/2011:14:00:02 -0600] "GET /display.html HTTP/1.1" 200 597 "http://localhost/" "Mozilla/5.0 (Macintosh; Intel Mac OS X 10_7_2) AppleWebKit/535.2 (KHTML, like Gecko) Chrome/15.0.874.102 Safari/535.2"
127.0.0.1 - - [28/Oct/2011:14:00:02 -0600] "GET /js/lib/Box2dWeb-2.1.a.3.min.js HTTP/1.1" 200 224935 "http://localhost/display.html" "Mozilla/5.0 (Macintosh; Intel Mac OS X 10_7_2) AppleWebKit/535.2 (KHTML, like Gecko) Chrome/15.0.874.102 Safari/535.2"
127.0.0.1 - - [28/Oct/2011:14:00:02 -0600] "GET /js/lib/socket.io/socket.io.min.js HTTP/1.1" 200 42269 "http://localhost/display.html" "Mozilla/5.0 (Macintosh; Intel Mac OS X 10_7_2) AppleWebKit/535.2 (KHTML, like Gecko) Chrome/15.0.874.102 Safari/535.2"
127.0.0.1 - - [28/Oct/2011:14:00:03 -0600] "GET /js/display.js HTTP/1.1" 200 6721 "http://localhost/display.html" "Mozilla/5.0 (Macintosh; Intel Mac OS X 10_7_2) AppleWebKit/535.2 (KHTML, like Gecko) Chrome/15.0.874.102 Safari/535.2"
127.0.0.1 - - [28/Oct/2011:14:00:04 -0600] "GET /js/display-connection.js HTTP/1.1" 200 442 "http://localhost/display.html" "Mozilla/5.0 (Macintosh; Intel Mac OS X 10_7_2) AppleWebKit/535.2 (KHTML, like Gecko) Chrome/15.0.874.102 Safari/535.2"
127.0.0.1 - - [28/Oct/2011:14:00:04 -0600] "GET /favicon.ico HTTP/1.1" 404 288 "-" "Mozilla/5.0 (Macintosh; Intel Mac OS X 10_7_2) AppleWebKit/535.2 (KHTML, like Gecko) Chrome/15.0.874.102 Safari/535.2"
::1 - - [28/Oct/2011:14:00:20 -0600] "OPTIONS * HTTP/1.0" 200 - "-" "Apache/2.2.20 (Unix) DAV/2 (internal dummy connection)"
::1 - - [28/Oct/2011:14:00:21 -0600] "OPTIONS * HTTP/1.0" 200 - "-" "Apache/2.2.20 (Unix) DAV/2 (internal dummy connection)"
::1 - - [28/Oct/2011:14:00:22 -0600] "OPTIONS * HTTP/1.0" 200 - "-" "Apache/2.2.20 (Unix) DAV/2 (internal dummy connection)"
127.0.0.1 - - [28/Oct/2011:14:01:53 -0600] "GET /display.html HTTP/1.1" 200 597 "http://localhost/" "Mozilla/5.0 (Macintosh; Intel Mac OS X 10_7_2) AppleWebKit/535.2 (KHTML, like Gecko) Chrome/15.0.874.102 Safari/535.2"
127.0.0.1 - - [28/Oct/2011:14:01:53 -0600] "GET /js/lib/Box2dWeb-2.1.a.3.min.js HTTP/1.1" 200 224935 "http://localhost/display.html" "Mozilla/5.0 (Macintosh; Intel Mac OS X 10_7_2) AppleWebKit/535.2 (KHTML, like Gecko) Chrome/15.0.874.102 Safari/535.2"
127.0.0.1 - - [28/Oct/2011:14:01:53 -0600] "GET /js/lib/socket.io/socket.io.min.js HTTP/1.1" 200 42269 "http://localhost/display.html" "Mozilla/5.0 (Macintosh; Intel Mac OS X 10_7_2) AppleWebKit/535.2 (KHTML, like Gecko) Chrome/15.0.874.102 Safari/535.2"
127.0.0.1 - - [28/Oct/2011:14:01:53 -0600] "GET /js/display.js HTTP/1.1" 200 6726 "http://localhost/display.html" "Mozilla/5.0 (Macintosh; Intel Mac OS X 10_7_2) AppleWebKit/535.2 (KHTML, like Gecko) Chrome/15.0.874.102 Safari/535.2"
127.0.0.1 - - [28/Oct/2011:14:01:54 -0600] "GET /js/display-connection.js HTTP/1.1" 200 442 "http://localhost/display.html" "Mozilla/5.0 (Macintosh; Intel Mac OS X 10_7_2) AppleWebKit/535.2 (KHTML, like Gecko) Chrome/15.0.874.102 Safari/535.2"
127.0.0.1 - - [28/Oct/2011:14:01:54 -0600] "GET /favicon.ico HTTP/1.1" 404 288 "-" "Mozilla/5.0 (Macintosh; Intel Mac OS X 10_7_2) AppleWebKit/535.2 (KHTML, like Gecko) Chrome/15.0.874.102 Safari/535.2"
::1 - - [28/Oct/2011:14:02:10 -0600] "OPTIONS * HTTP/1.0" 200 - "-" "Apache/2.2.20 (Unix) DAV/2 (internal dummy connection)"
::1 - - [28/Oct/2011:14:02:11 -0600] "OPTIONS * HTTP/1.0" 200 - "-" "Apache/2.2.20 (Unix) DAV/2 (internal dummy connection)"
::1 - - [28/Oct/2011:14:02:12 -0600] "OPTIONS * HTTP/1.0" 200 - "-" "Apache/2.2.20 (Unix) DAV/2 (internal dummy connection)"
10.109.116.128 - - [28/Oct/2011:14:04:11 -0600] "GET /js/player-connection.js HTTP/1.1" 304 - "http://10.109.37.189/player.html" "Mozilla/5.0 (iPhone; CPU iPhone OS 5_0 like Mac OS X) AppleWebKit/534.46 (KHTML, like Gecko) Version/5.1 Mobile/9A334 Safari/7534.48.3"
10.109.116.128 - - [28/Oct/2011:14:04:11 -0600] "GET /img/bowling-ball.jpg HTTP/1.1" 304 - "http://10.109.37.189/player.html" "Mozilla/5.0 (iPhone; CPU iPhone OS 5_0 like Mac OS X) AppleWebKit/534.46 (KHTML, like Gecko) Version/5.1 Mobile/9A334 Safari/7534.48.3"
127.0.0.1 - - [28/Oct/2011:14:21:22 -0600] "GET /display.html HTTP/1.1" 200 597 "http://localhost/" "Mozilla/5.0 (Macintosh; Intel Mac OS X 10_7_2) AppleWebKit/535.2 (KHTML, like Gecko) Chrome/15.0.874.102 Safari/535.2"
127.0.0.1 - - [28/Oct/2011:14:21:23 -0600] "GET /js/lib/Box2dWeb-2.1.a.3.min.js HTTP/1.1" 200 224935 "http://localhost/display.html" "Mozilla/5.0 (Macintosh; Intel Mac OS X 10_7_2) AppleWebKit/535.2 (KHTML, like Gecko) Chrome/15.0.874.102 Safari/535.2"
127.0.0.1 - - [28/Oct/2011:14:21:23 -0600] "GET /js/lib/socket.io/socket.io.min.js HTTP/1.1" 200 42269 "http://localhost/display.html" "Mozilla/5.0 (Macintosh; Intel Mac OS X 10_7_2) AppleWebKit/535.2 (KHTML, like Gecko) Chrome/15.0.874.102 Safari/535.2"
127.0.0.1 - - [28/Oct/2011:14:21:23 -0600] "GET /js/display.js HTTP/1.1" 200 6726 "http://localhost/display.html" "Mozilla/5.0 (Macintosh; Intel Mac OS X 10_7_2) AppleWebKit/535.2 (KHTML, like Gecko) Chrome/15.0.874.102 Safari/535.2"
127.0.0.1 - - [28/Oct/2011:14:21:23 -0600] "GET /js/display-connection.js HTTP/1.1" 200 442 "http://localhost/display.html" "Mozilla/5.0 (Macintosh; Intel Mac OS X 10_7_2) AppleWebKit/535.2 (KHTML, like Gecko) Chrome/15.0.874.102 Safari/535.2"
127.0.0.1 - - [28/Oct/2011:14:21:23 -0600] "GET /favicon.ico HTTP/1.1" 404 288 "-" "Mozilla/5.0 (Macintosh; Intel Mac OS X 10_7_2) AppleWebKit/535.2 (KHTML, like Gecko) Chrome/15.0.874.102 Safari/535.2"
10.109.116.128 - - [28/Oct/2011:14:21:40 -0600] "GET /player.html HTTP/1.1" 200 686 "-" "Mozilla/5.0 (iPhone; CPU iPhone OS 5_0 like Mac OS X) AppleWebKit/534.46 (KHTML, like Gecko) Version/5.1 Mobile/9A334 Safari/7534.48.3"
::1 - - [28/Oct/2011:14:21:40 -0600] "OPTIONS * HTTP/1.0" 200 - "-" "Apache/2.2.20 (Unix) DAV/2 (internal dummy connection)"
::1 - - [28/Oct/2011:14:21:41 -0600] "OPTIONS * HTTP/1.0" 200 - "-" "Apache/2.2.20 (Unix) DAV/2 (internal dummy connection)"
::1 - - [28/Oct/2011:14:21:48 -0600] "OPTIONS * HTTP/1.0" 200 - "-" "Apache/2.2.20 (Unix) DAV/2 (internal dummy connection)"
127.0.0.1 - - [28/Oct/2011:14:24:52 -0600] "GET /display.html HTTP/1.1" 200 597 "http://localhost/" "Mozilla/5.0 (Macintosh; Intel Mac OS X 10_7_2) AppleWebKit/535.2 (KHTML, like Gecko) Chrome/15.0.874.102 Safari/535.2"
127.0.0.1 - - [28/Oct/2011:14:24:52 -0600] "GET /js/lib/Box2dWeb-2.1.a.3.min.js HTTP/1.1" 304 - "http://localhost/display.html" "Mozilla/5.0 (Macintosh; Intel Mac OS X 10_7_2) AppleWebKit/535.2 (KHTML, like Gecko) Chrome/15.0.874.102 Safari/535.2"
127.0.0.1 - - [28/Oct/2011:14:24:52 -0600] "GET /js/lib/socket.io/socket.io.min.js HTTP/1.1" 304 - "http://localhost/display.html" "Mozilla/5.0 (Macintosh; Intel Mac OS X 10_7_2) AppleWebKit/535.2 (KHTML, like Gecko) Chrome/15.0.874.102 Safari/535.2"
127.0.0.1 - - [28/Oct/2011:14:24:52 -0600] "GET /js/display.js HTTP/1.1" 304 - "http://localhost/display.html" "Mozilla/5.0 (Macintosh; Intel Mac OS X 10_7_2) AppleWebKit/535.2 (KHTML, like Gecko) Chrome/15.0.874.102 Safari/535.2"
127.0.0.1 - - [28/Oct/2011:14:24:52 -0600] "GET /js/display-connection.js HTTP/1.1" 304 - "http://localhost/display.html" "Mozilla/5.0 (Macintosh; Intel Mac OS X 10_7_2) AppleWebKit/535.2 (KHTML, like Gecko) Chrome/15.0.874.102 Safari/535.2"
127.0.0.1 - - [28/Oct/2011:14:24:52 -0600] "GET /favicon.ico HTTP/1.1" 404 288 "-" "Mozilla/5.0 (Macintosh; Intel Mac OS X 10_7_2) AppleWebKit/535.2 (KHTML, like Gecko) Chrome/15.0.874.102 Safari/535.2"
10.109.116.128 - - [28/Oct/2011:14:24:58 -0600] "GET /player.html HTTP/1.1" 200 686 "-" "Mozilla/5.0 (iPhone; CPU iPhone OS 5_0 like Mac OS X) AppleWebKit/534.46 (KHTML, like Gecko) Version/5.1 Mobile/9A334 Safari/7534.48.3"
10.109.116.128 - - [28/Oct/2011:14:24:59 -0600] "GET /js/lib/socket.io/socket.io.min.js HTTP/1.1" 304 - "http://10.109.37.189/player.html" "Mozilla/5.0 (iPhone; CPU iPhone OS 5_0 like Mac OS X) AppleWebKit/534.46 (KHTML, like Gecko) Version/5.1 Mobile/9A334 Safari/7534.48.3"
10.109.116.128 - - [28/Oct/2011:14:24:59 -0600] "GET /js/player.js HTTP/1.1" 200 4651 "http://10.109.37.189/player.html" "Mozilla/5.0 (iPhone; CPU iPhone OS 5_0 like Mac OS X) AppleWebKit/534.46 (KHTML, like Gecko) Version/5.1 Mobile/9A334 Safari/7534.48.3"
10.109.116.128 - - [28/Oct/2011:14:24:59 -0600] "GET /js/player-connection.js HTTP/1.1" 304 - "http://10.109.37.189/player.html" "Mozilla/5.0 (iPhone; CPU iPhone OS 5_0 like Mac OS X) AppleWebKit/534.46 (KHTML, like Gecko) Version/5.1 Mobile/9A334 Safari/7534.48.3"
10.109.116.128 - - [28/Oct/2011:14:24:59 -0600] "GET /img/bowling-ball.jpg HTTP/1.1" 304 - "http://10.109.37.189/player.html" "Mozilla/5.0 (iPhone; CPU iPhone OS 5_0 like Mac OS X) AppleWebKit/534.46 (KHTML, like Gecko) Version/5.1 Mobile/9A334 Safari/7534.48.3"
::1 - - [28/Oct/2011:14:25:09 -0600] "OPTIONS * HTTP/1.0" 200 - "-" "Apache/2.2.20 (Unix) DAV/2 (internal dummy connection)"
::1 - - [28/Oct/2011:14:25:10 -0600] "OPTIONS * HTTP/1.0" 200 - "-" "Apache/2.2.20 (Unix) DAV/2 (internal dummy connection)"
::1 - - [28/Oct/2011:14:25:11 -0600] "OPTIONS * HTTP/1.0" 200 - "-" "Apache/2.2.20 (Unix) DAV/2 (internal dummy connection)"
10.109.116.128 - - [28/Oct/2011:14:25:40 -0600] "GET /js/player.js HTTP/1.1" 304 - "http://10.109.37.189/player.html" "Mozilla/5.0 (iPhone; CPU iPhone OS 5_0 like Mac OS X) AppleWebKit/534.46 (KHTML, like Gecko) Version/5.1 Mobile/9A334 Safari/7534.48.3"
10.109.116.128 - - [28/Oct/2011:14:27:59 -0600] "GET /js/player.js HTTP/1.1" 200 4699 "http://10.109.37.189/player.html" "Mozilla/5.0 (iPhone; CPU iPhone OS 5_0 like Mac OS X) AppleWebKit/534.46 (KHTML, like Gecko) Version/5.1 Mobile/9A334 Safari/7534.48.3"
10.109.116.128 - - [28/Oct/2011:14:28:35 -0600] "GET /player.html HTTP/1.1" 200 686 "-" "Mozilla/5.0 (iPhone; CPU iPhone OS 5_0 like Mac OS X) AppleWebKit/534.46 (KHTML, like Gecko) Version/5.1 Mobile/9A334 Safari/7534.48.3"
10.109.116.128 - - [28/Oct/2011:14:28:35 -0600] "GET /js/lib/socket.io/socket.io.min.js HTTP/1.1" 304 - "http://10.109.37.189/player.html" "Mozilla/5.0 (iPhone; CPU iPhone OS 5_0 like Mac OS X) AppleWebKit/534.46 (KHTML, like Gecko) Version/5.1 Mobile/9A334 Safari/7534.48.3"
10.109.116.128 - - [28/Oct/2011:14:28:35 -0600] "GET /js/player.js HTTP/1.1" 200 4776 "http://10.109.37.189/player.html" "Mozilla/5.0 (iPhone; CPU iPhone OS 5_0 like Mac OS X) AppleWebKit/534.46 (KHTML, like Gecko) Version/5.1 Mobile/9A334 Safari/7534.48.3"
10.109.116.128 - - [28/Oct/2011:14:28:35 -0600] "GET /js/player-connection.js HTTP/1.1" 304 - "http://10.109.37.189/player.html" "Mozilla/5.0 (iPhone; CPU iPhone OS 5_0 like Mac OS X) AppleWebKit/534.46 (KHTML, like Gecko) Version/5.1 Mobile/9A334 Safari/7534.48.3"
10.109.116.128 - - [28/Oct/2011:14:28:35 -0600] "GET /img/bowling-ball.jpg HTTP/1.1" 304 - "http://10.109.37.189/player.html" "Mozilla/5.0 (iPhone; CPU iPhone OS 5_0 like Mac OS X) AppleWebKit/534.46 (KHTML, like Gecko) Version/5.1 Mobile/9A334 Safari/7534.48.3"
::1 - - [28/Oct/2011:14:28:48 -0600] "OPTIONS * HTTP/1.0" 200 - "-" "Apache/2.2.20 (Unix) DAV/2 (internal dummy connection)"
10.109.116.128 - - [28/Oct/2011:14:30:27 -0600] "GET /js/player.js HTTP/1.1" 304 - "http://10.109.37.189/player.html" "Mozilla/5.0 (iPhone; CPU iPhone OS 5_0 like Mac OS X) AppleWebKit/534.46 (KHTML, like Gecko) Version/5.1 Mobile/9A334 Safari/7534.48.3"
10.109.116.128 - - [28/Oct/2011:14:30:32 -0600] "GET /player.html HTTP/1.1" 200 686 "-" "Mozilla/5.0 (iPhone; CPU iPhone OS 5_0 like Mac OS X) AppleWebKit/534.46 (KHTML, like Gecko) Version/5.1 Mobile/9A334 Safari/7534.48.3"
10.109.116.128 - - [28/Oct/2011:14:30:32 -0600] "GET /js/lib/socket.io/socket.io.min.js HTTP/1.1" 304 - "http://10.109.37.189/player.html" "Mozilla/5.0 (iPhone; CPU iPhone OS 5_0 like Mac OS X) AppleWebKit/534.46 (KHTML, like Gecko) Version/5.1 Mobile/9A334 Safari/7534.48.3"
10.109.116.128 - - [28/Oct/2011:14:30:32 -0600] "GET /js/player.js HTTP/1.1" 200 4842 "http://10.109.37.189/player.html" "Mozilla/5.0 (iPhone; CPU iPhone OS 5_0 like Mac OS X) AppleWebKit/534.46 (KHTML, like Gecko) Version/5.1 Mobile/9A334 Safari/7534.48.3"
10.109.116.128 - - [28/Oct/2011:14:30:32 -0600] "GET /js/player-connection.js HTTP/1.1" 304 - "http://10.109.37.189/player.html" "Mozilla/5.0 (iPhone; CPU iPhone OS 5_0 like Mac OS X) AppleWebKit/534.46 (KHTML, like Gecko) Version/5.1 Mobile/9A334 Safari/7534.48.3"
10.109.116.128 - - [28/Oct/2011:14:30:32 -0600] "GET /img/bowling-ball.jpg HTTP/1.1" 304 - "http://10.109.37.189/player.html" "Mozilla/5.0 (iPhone; CPU iPhone OS 5_0 like Mac OS X) AppleWebKit/534.46 (KHTML, like Gecko) Version/5.1 Mobile/9A334 Safari/7534.48.3"
::1 - - [28/Oct/2011:14:30:39 -0600] "OPTIONS * HTTP/1.0" 200 - "-" "Apache/2.2.20 (Unix) DAV/2 (internal dummy connection)"
10.109.116.128 - - [28/Oct/2011:14:31:24 -0600] "GET /js/player.js HTTP/1.1" 200 4848 "http://10.109.37.189/player.html" "Mozilla/5.0 (iPhone; CPU iPhone OS 5_0 like Mac OS X) AppleWebKit/534.46 (KHTML, like Gecko) Version/5.1 Mobile/9A334 Safari/7534.48.3"
10.109.116.128 - - [28/Oct/2011:14:31:24 -0600] "GET /js/player-connection.js HTTP/1.1" 200 381 "http://10.109.37.189/player.html" "Mozilla/5.0 (iPhone; CPU iPhone OS 5_0 like Mac OS X) AppleWebKit/534.46 (KHTML, like Gecko) Version/5.1 Mobile/9A334 Safari/7534.48.3"
::1 - - [28/Oct/2011:14:31:37 -0600] "OPTIONS * HTTP/1.0" 200 - "-" "Apache/2.2.20 (Unix) DAV/2 (internal dummy connection)"
10.109.116.128 - - [28/Oct/2011:14:33:32 -0600] "GET /js/player.js HTTP/1.1" 200 4695 "http://10.109.37.189/player.html" "Mozilla/5.0 (iPhone; CPU iPhone OS 5_0 like Mac OS X) AppleWebKit/534.46 (KHTML, like Gecko) Version/5.1 Mobile/9A334 Safari/7534.48.3"
10.109.116.128 - - [28/Oct/2011:14:35:25 -0600] "GET /js/player.js HTTP/1.1" 200 4682 "http://10.109.37.189/player.html" "Mozilla/5.0 (iPhone; CPU iPhone OS 5_0 like Mac OS X) AppleWebKit/534.46 (KHTML, like Gecko) Version/5.1 Mobile/9A334 Safari/7534.48.3"
127.0.0.1 - - [28/Oct/2011:14:36:46 -0600] "GET /display.html HTTP/1.1" 200 597 "http://localhost/" "Mozilla/5.0 (Macintosh; Intel Mac OS X 10_7_2) AppleWebKit/535.2 (KHTML, like Gecko) Chrome/15.0.874.102 Safari/535.2"
127.0.0.1 - - [28/Oct/2011:14:36:46 -0600] "GET /js/lib/socket.io/socket.io.min.js HTTP/1.1" 200 42269 "http://localhost/display.html" "Mozilla/5.0 (Macintosh; Intel Mac OS X 10_7_2) AppleWebKit/535.2 (KHTML, like Gecko) Chrome/15.0.874.102 Safari/535.2"
127.0.0.1 - - [28/Oct/2011:14:36:46 -0600] "GET /js/lib/Box2dWeb-2.1.a.3.min.js HTTP/1.1" 200 224935 "http://localhost/display.html" "Mozilla/5.0 (Macintosh; Intel Mac OS X 10_7_2) AppleWebKit/535.2 (KHTML, like Gecko) Chrome/15.0.874.102 Safari/535.2"
127.0.0.1 - - [28/Oct/2011:14:36:46 -0600] "GET /js/display.js HTTP/1.1" 200 6726 "http://localhost/display.html" "Mozilla/5.0 (Macintosh; Intel Mac OS X 10_7_2) AppleWebKit/535.2 (KHTML, like Gecko) Chrome/15.0.874.102 Safari/535.2"
127.0.0.1 - - [28/Oct/2011:14:36:47 -0600] "GET /js/display-connection.js HTTP/1.1" 200 442 "http://localhost/display.html" "Mozilla/5.0 (Macintosh; Intel Mac OS X 10_7_2) AppleWebKit/535.2 (KHTML, like Gecko) Chrome/15.0.874.102 Safari/535.2"
127.0.0.1 - - [28/Oct/2011:14:36:47 -0600] "GET /favicon.ico HTTP/1.1" 404 288 "-" "Mozilla/5.0 (Macintosh; Intel Mac OS X 10_7_2) AppleWebKit/535.2 (KHTML, like Gecko) Chrome/15.0.874.102 Safari/535.2"
::1 - - [28/Oct/2011:14:37:03 -0600] "OPTIONS * HTTP/1.0" 200 - "-" "Apache/2.2.20 (Unix) DAV/2 (internal dummy connection)"
::1 - - [28/Oct/2011:14:37:04 -0600] "OPTIONS * HTTP/1.0" 200 - "-" "Apache/2.2.20 (Unix) DAV/2 (internal dummy connection)"
::1 - - [28/Oct/2011:14:37:05 -0600] "OPTIONS * HTTP/1.0" 200 - "-" "Apache/2.2.20 (Unix) DAV/2 (internal dummy connection)"
10.109.116.128 - - [28/Oct/2011:14:39:48 -0600] "GET /js/player.js HTTP/1.1" 304 - "http://10.109.37.189/player.html" "Mozilla/5.0 (iPhone; CPU iPhone OS 5_0 like Mac OS X) AppleWebKit/534.46 (KHTML, like Gecko) Version/5.1 Mobile/9A334 Safari/7534.48.3"
127.0.0.1 - - [01/Nov/2011:15:36:58 -0600] "GET /~nacho/opinion-scale HTTP/1.1" 301 325 "-" "Mozilla/5.0 (Macintosh; Intel Mac OS X 10_7_2) AppleWebKit/535.2 (KHTML, like Gecko) Chrome/15.0.874.102 Safari/535.2"
127.0.0.1 - - [01/Nov/2011:15:36:58 -0600] "GET /~nacho/opinion-scale/ HTTP/1.1" 200 321 "-" "Mozilla/5.0 (Macintosh; Intel Mac OS X 10_7_2) AppleWebKit/535.2 (KHTML, like Gecko) Chrome/15.0.874.102 Safari/535.2"
127.0.0.1 - - [01/Nov/2011:15:36:58 -0600] "GET /~nacho/opinion-scale/js/opinion-scale.js HTTP/1.1" 200 455 "http://localhost/~nacho/opinion-scale/" "Mozilla/5.0 (Macintosh; Intel Mac OS X 10_7_2) AppleWebKit/535.2 (KHTML, like Gecko) Chrome/15.0.874.102 Safari/535.2"
127.0.0.1 - - [01/Nov/2011:15:36:59 -0600] "GET /favicon.ico HTTP/1.1" 404 288 "-" "Mozilla/5.0 (Macintosh; Intel Mac OS X 10_7_2) AppleWebKit/535.2 (KHTML, like Gecko) Chrome/15.0.874.102 Safari/535.2"
::1 - - [01/Nov/2011:15:37:17 -0600] "OPTIONS * HTTP/1.0" 200 - "-" "Apache/2.2.20 (Unix) DAV/2 (internal dummy connection)"
127.0.0.1 - - [01/Nov/2011:15:37:27 -0600] "GET /~nacho/opinion-scale/ HTTP/1.1" 304 - "-" "Mozilla/5.0 (Macintosh; Intel Mac OS X 10_7_2) AppleWebKit/535.2 (KHTML, like Gecko) Chrome/15.0.874.102 Safari/535.2"
127.0.0.1 - - [01/Nov/2011:15:37:27 -0600] "GET /~nacho/opinion-scale/js/opinion-scale.js HTTP/1.1" 200 446 "http://localhost/~nacho/opinion-scale/" "Mozilla/5.0 (Macintosh; Intel Mac OS X 10_7_2) AppleWebKit/535.2 (KHTML, like Gecko) Chrome/15.0.874.102 Safari/535.2"
127.0.0.1 - - [01/Nov/2011:15:37:27 -0600] "GET /favicon.ico HTTP/1.1" 404 288 "-" "Mozilla/5.0 (Macintosh; Intel Mac OS X 10_7_2) AppleWebKit/535.2 (KHTML, like Gecko) Chrome/15.0.874.102 Safari/535.2"
::1 - - [01/Nov/2011:15:37:47 -0600] "OPTIONS * HTTP/1.0" 200 - "-" "Apache/2.2.20 (Unix) DAV/2 (internal dummy connection)"
::1 - - [01/Nov/2011:15:37:48 -0600] "OPTIONS * HTTP/1.0" 200 - "-" "Apache/2.2.20 (Unix) DAV/2 (internal dummy connection)"
::1 - - [01/Nov/2011:15:37:49 -0600] "OPTIONS * HTTP/1.0" 200 - "-" "Apache/2.2.20 (Unix) DAV/2 (internal dummy connection)"
127.0.0.1 - - [01/Nov/2011:15:37:50 -0600] "GET /~nacho/opinion-scale/ HTTP/1.1" 304 - "-" "Mozilla/5.0 (Macintosh; Intel Mac OS X 10_7_2) AppleWebKit/535.2 (KHTML, like Gecko) Chrome/15.0.874.102 Safari/535.2"
127.0.0.1 - - [01/Nov/2011:15:37:50 -0600] "GET /~nacho/opinion-scale/js/opinion-scale.js HTTP/1.1" 200 446 "http://localhost/~nacho/opinion-scale/" "Mozilla/5.0 (Macintosh; Intel Mac OS X 10_7_2) AppleWebKit/535.2 (KHTML, like Gecko) Chrome/15.0.874.102 Safari/535.2"
127.0.0.1 - - [01/Nov/2011:15:37:50 -0600] "GET /favicon.ico HTTP/1.1" 404 288 "-" "Mozilla/5.0 (Macintosh; Intel Mac OS X 10_7_2) AppleWebKit/535.2 (KHTML, like Gecko) Chrome/15.0.874.102 Safari/535.2"
::1 - - [01/Nov/2011:15:38:07 -0600] "OPTIONS * HTTP/1.0" 200 - "-" "Apache/2.2.20 (Unix) DAV/2 (internal dummy connection)"
::1 - - [01/Nov/2011:15:38:08 -0600] "OPTIONS * HTTP/1.0" 200 - "-" "Apache/2.2.20 (Unix) DAV/2 (internal dummy connection)"
::1 - - [01/Nov/2011:15:38:09 -0600] "OPTIONS * HTTP/1.0" 200 - "-" "Apache/2.2.20 (Unix) DAV/2 (internal dummy connection)"
127.0.0.1 - - [01/Nov/2011:15:48:07 -0600] "GET /~nacho/opinion-scale/ HTTP/1.1" 304 - "-" "Mozilla/5.0 (Macintosh; Intel Mac OS X 10_7_2) AppleWebKit/535.2 (KHTML, like Gecko) Chrome/15.0.874.102 Safari/535.2"
127.0.0.1 - - [01/Nov/2011:15:48:07 -0600] "GET /~nacho/opinion-scale/js/opinion-scale.js HTTP/1.1" 200 448 "http://localhost/~nacho/opinion-scale/" "Mozilla/5.0 (Macintosh; Intel Mac OS X 10_7_2) AppleWebKit/535.2 (KHTML, like Gecko) Chrome/15.0.874.102 Safari/535.2"
127.0.0.1 - - [01/Nov/2011:15:48:07 -0600] "GET /favicon.ico HTTP/1.1" 404 288 "-" "Mozilla/5.0 (Macintosh; Intel Mac OS X 10_7_2) AppleWebKit/535.2 (KHTML, like Gecko) Chrome/15.0.874.102 Safari/535.2"
::1 - - [01/Nov/2011:15:48:17 -0600] "OPTIONS * HTTP/1.0" 200 - "-" "Apache/2.2.20 (Unix) DAV/2 (internal dummy connection)"
::1 - - [01/Nov/2011:15:48:18 -0600] "OPTIONS * HTTP/1.0" 200 - "-" "Apache/2.2.20 (Unix) DAV/2 (internal dummy connection)"
::1 - - [01/Nov/2011:15:48:24 -0600] "OPTIONS * HTTP/1.0" 200 - "-" "Apache/2.2.20 (Unix) DAV/2 (internal dummy connection)"
127.0.0.1 - - [01/Nov/2011:15:50:31 -0600] "GET /~nacho/opinion-scale/ HTTP/1.1" 304 - "-" "Mozilla/5.0 (Macintosh; Intel Mac OS X 10_7_2) AppleWebKit/535.2 (KHTML, like Gecko) Chrome/15.0.874.102 Safari/535.2"
127.0.0.1 - - [01/Nov/2011:15:50:31 -0600] "GET /~nacho/opinion-scale/js/opinion-scale.js HTTP/1.1" 200 448 "http://localhost/~nacho/opinion-scale/" "Mozilla/5.0 (Macintosh; Intel Mac OS X 10_7_2) AppleWebKit/535.2 (KHTML, like Gecko) Chrome/15.0.874.102 Safari/535.2"
127.0.0.1 - - [01/Nov/2011:15:50:32 -0600] "GET /favicon.ico HTTP/1.1" 404 288 "-" "Mozilla/5.0 (Macintosh; Intel Mac OS X 10_7_2) AppleWebKit/535.2 (KHTML, like Gecko) Chrome/15.0.874.102 Safari/535.2"
::1 - - [01/Nov/2011:15:50:44 -0600] "OPTIONS * HTTP/1.0" 200 - "-" "Apache/2.2.20 (Unix) DAV/2 (internal dummy connection)"
::1 - - [01/Nov/2011:15:50:45 -0600] "OPTIONS * HTTP/1.0" 200 - "-" "Apache/2.2.20 (Unix) DAV/2 (internal dummy connection)"
::1 - - [01/Nov/2011:15:50:49 -0600] "OPTIONS * HTTP/1.0" 200 - "-" "Apache/2.2.20 (Unix) DAV/2 (internal dummy connection)"
127.0.0.1 - - [01/Nov/2011:15:51:11 -0600] "GET /~nacho/opinion-scale/ HTTP/1.1" 304 - "-" "Mozilla/5.0 (Macintosh; Intel Mac OS X 10_7_2) AppleWebKit/535.2 (KHTML, like Gecko) Chrome/15.0.874.102 Safari/535.2"
127.0.0.1 - - [01/Nov/2011:15:51:11 -0600] "GET /~nacho/opinion-scale/js/opinion-scale.js HTTP/1.1" 200 448 "http://localhost/~nacho/opinion-scale/" "Mozilla/5.0 (Macintosh; Intel Mac OS X 10_7_2) AppleWebKit/535.2 (KHTML, like Gecko) Chrome/15.0.874.102 Safari/535.2"
127.0.0.1 - - [01/Nov/2011:15:51:11 -0600] "GET /favicon.ico HTTP/1.1" 404 288 "-" "Mozilla/5.0 (Macintosh; Intel Mac OS X 10_7_2) AppleWebKit/535.2 (KHTML, like Gecko) Chrome/15.0.874.102 Safari/535.2"
::1 - - [01/Nov/2011:15:51:24 -0600] "OPTIONS * HTTP/1.0" 200 - "-" "Apache/2.2.20 (Unix) DAV/2 (internal dummy connection)"
::1 - - [01/Nov/2011:15:51:25 -0600] "OPTIONS * HTTP/1.0" 200 - "-" "Apache/2.2.20 (Unix) DAV/2 (internal dummy connection)"
::1 - - [01/Nov/2011:15:51:28 -0600] "OPTIONS * HTTP/1.0" 200 - "-" "Apache/2.2.20 (Unix) DAV/2 (internal dummy connection)"
127.0.0.1 - - [01/Nov/2011:15:53:41 -0600] "GET /~nacho/opinion-scale/ HTTP/1.1" 304 - "-" "Mozilla/5.0 (Macintosh; Intel Mac OS X 10_7_2) AppleWebKit/535.2 (KHTML, like Gecko) Chrome/15.0.874.102 Safari/535.2"
127.0.0.1 - - [01/Nov/2011:15:53:41 -0600] "GET /~nacho/opinion-scale/js/opinion-scale.js HTTP/1.1" 200 450 "http://localhost/~nacho/opinion-scale/" "Mozilla/5.0 (Macintosh; Intel Mac OS X 10_7_2) AppleWebKit/535.2 (KHTML, like Gecko) Chrome/15.0.874.102 Safari/535.2"
127.0.0.1 - - [01/Nov/2011:15:53:41 -0600] "GET /favicon.ico HTTP/1.1" 404 288 "-" "Mozilla/5.0 (Macintosh; Intel Mac OS X 10_7_2) AppleWebKit/535.2 (KHTML, like Gecko) Chrome/15.0.874.102 Safari/535.2"
::1 - - [01/Nov/2011:15:53:55 -0600] "OPTIONS * HTTP/1.0" 200 - "-" "Apache/2.2.20 (Unix) DAV/2 (internal dummy connection)"
::1 - - [01/Nov/2011:15:53:56 -0600] "OPTIONS * HTTP/1.0" 200 - "-" "Apache/2.2.20 (Unix) DAV/2 (internal dummy connection)"
::1 - - [01/Nov/2011:15:53:59 -0600] "OPTIONS * HTTP/1.0" 200 - "-" "Apache/2.2.20 (Unix) DAV/2 (internal dummy connection)"
127.0.0.1 - - [01/Nov/2011:16:03:49 -0600] "GET /~nacho/opinion-scale/ HTTP/1.1" 304 - "-" "Mozilla/5.0 (Macintosh; Intel Mac OS X 10_7_2) AppleWebKit/535.2 (KHTML, like Gecko) Chrome/15.0.874.102 Safari/535.2"
127.0.0.1 - - [01/Nov/2011:16:03:49 -0600] "GET /~nacho/opinion-scale/js/opinion-scale.js HTTP/1.1" 200 746 "http://localhost/~nacho/opinion-scale/" "Mozilla/5.0 (Macintosh; Intel Mac OS X 10_7_2) AppleWebKit/535.2 (KHTML, like Gecko) Chrome/15.0.874.102 Safari/535.2"
127.0.0.1 - - [01/Nov/2011:16:03:49 -0600] "GET /favicon.ico HTTP/1.1" 404 288 "-" "Mozilla/5.0 (Macintosh; Intel Mac OS X 10_7_2) AppleWebKit/535.2 (KHTML, like Gecko) Chrome/15.0.874.102 Safari/535.2"
::1 - - [01/Nov/2011:16:03:59 -0600] "OPTIONS * HTTP/1.0" 200 - "-" "Apache/2.2.20 (Unix) DAV/2 (internal dummy connection)"
::1 - - [01/Nov/2011:16:04:00 -0600] "OPTIONS * HTTP/1.0" 200 - "-" "Apache/2.2.20 (Unix) DAV/2 (internal dummy connection)"
::1 - - [01/Nov/2011:16:04:06 -0600] "OPTIONS * HTTP/1.0" 200 - "-" "Apache/2.2.20 (Unix) DAV/2 (internal dummy connection)"
127.0.0.1 - - [01/Nov/2011:16:05:58 -0600] "GET /~nacho/opinion-scale/ HTTP/1.1" 304 - "-" "Mozilla/5.0 (Macintosh; Intel Mac OS X 10_7_2) AppleWebKit/535.2 (KHTML, like Gecko) Chrome/15.0.874.102 Safari/535.2"
127.0.0.1 - - [01/Nov/2011:16:05:58 -0600] "GET /~nacho/opinion-scale/js/opinion-scale.js HTTP/1.1" 200 746 "http://localhost/~nacho/opinion-scale/" "Mozilla/5.0 (Macintosh; Intel Mac OS X 10_7_2) AppleWebKit/535.2 (KHTML, like Gecko) Chrome/15.0.874.102 Safari/535.2"
127.0.0.1 - - [01/Nov/2011:16:05:58 -0600] "GET /favicon.ico HTTP/1.1" 404 288 "-" "Mozilla/5.0 (Macintosh; Intel Mac OS X 10_7_2) AppleWebKit/535.2 (KHTML, like Gecko) Chrome/15.0.874.102 Safari/535.2"
::1 - - [01/Nov/2011:16:06:08 -0600] "OPTIONS * HTTP/1.0" 200 - "-" "Apache/2.2.20 (Unix) DAV/2 (internal dummy connection)"
::1 - - [01/Nov/2011:16:06:09 -0600] "OPTIONS * HTTP/1.0" 200 - "-" "Apache/2.2.20 (Unix) DAV/2 (internal dummy connection)"
::1 - - [01/Nov/2011:16:06:15 -0600] "OPTIONS * HTTP/1.0" 200 - "-" "Apache/2.2.20 (Unix) DAV/2 (internal dummy connection)"
127.0.0.1 - - [01/Nov/2011:16:06:24 -0600] "GET /~nacho/opinion-scale/ HTTP/1.1" 304 - "-" "Mozilla/5.0 (Macintosh; Intel Mac OS X 10_7_2) AppleWebKit/535.2 (KHTML, like Gecko) Chrome/15.0.874.102 Safari/535.2"
127.0.0.1 - - [01/Nov/2011:16:06:24 -0600] "GET /~nacho/opinion-scale/js/opinion-scale.js HTTP/1.1" 200 746 "http://localhost/~nacho/opinion-scale/" "Mozilla/5.0 (Macintosh; Intel Mac OS X 10_7_2) AppleWebKit/535.2 (KHTML, like Gecko) Chrome/15.0.874.102 Safari/535.2"
127.0.0.1 - - [01/Nov/2011:16:06:24 -0600] "GET /favicon.ico HTTP/1.1" 404 288 "-" "Mozilla/5.0 (Macintosh; Intel Mac OS X 10_7_2) AppleWebKit/535.2 (KHTML, like Gecko) Chrome/15.0.874.102 Safari/535.2"
::1 - - [01/Nov/2011:16:06:34 -0600] "OPTIONS * HTTP/1.0" 200 - "-" "Apache/2.2.20 (Unix) DAV/2 (internal dummy connection)"
::1 - - [01/Nov/2011:16:06:35 -0600] "OPTIONS * HTTP/1.0" 200 - "-" "Apache/2.2.20 (Unix) DAV/2 (internal dummy connection)"
::1 - - [01/Nov/2011:16:06:42 -0600] "OPTIONS * HTTP/1.0" 200 - "-" "Apache/2.2.20 (Unix) DAV/2 (internal dummy connection)"
127.0.0.1 - - [01/Nov/2011:16:07:05 -0600] "GET /~nacho/opinion-scale/ HTTP/1.1" 304 - "-" "Mozilla/5.0 (Macintosh; Intel Mac OS X 10_7_2) AppleWebKit/535.2 (KHTML, like Gecko) Chrome/15.0.874.102 Safari/535.2"
127.0.0.1 - - [01/Nov/2011:16:07:05 -0600] "GET /~nacho/opinion-scale/js/opinion-scale.js HTTP/1.1" 200 746 "http://localhost/~nacho/opinion-scale/" "Mozilla/5.0 (Macintosh; Intel Mac OS X 10_7_2) AppleWebKit/535.2 (KHTML, like Gecko) Chrome/15.0.874.102 Safari/535.2"
127.0.0.1 - - [01/Nov/2011:16:07:05 -0600] "GET /favicon.ico HTTP/1.1" 404 288 "-" "Mozilla/5.0 (Macintosh; Intel Mac OS X 10_7_2) AppleWebKit/535.2 (KHTML, like Gecko) Chrome/15.0.874.102 Safari/535.2"
::1 - - [01/Nov/2011:16:07:15 -0600] "OPTIONS * HTTP/1.0" 200 - "-" "Apache/2.2.20 (Unix) DAV/2 (internal dummy connection)"
::1 - - [01/Nov/2011:16:07:16 -0600] "OPTIONS * HTTP/1.0" 200 - "-" "Apache/2.2.20 (Unix) DAV/2 (internal dummy connection)"
::1 - - [01/Nov/2011:16:07:22 -0600] "OPTIONS * HTTP/1.0" 200 - "-" "Apache/2.2.20 (Unix) DAV/2 (internal dummy connection)"
127.0.0.1 - - [01/Nov/2011:16:07:56 -0600] "GET /~nacho/opinion-scale/ HTTP/1.1" 304 - "-" "Mozilla/5.0 (Macintosh; Intel Mac OS X 10_7_2) AppleWebKit/535.2 (KHTML, like Gecko) Chrome/15.0.874.102 Safari/535.2"
127.0.0.1 - - [01/Nov/2011:16:07:56 -0600] "GET /~nacho/opinion-scale/js/opinion-scale.js HTTP/1.1" 200 753 "http://localhost/~nacho/opinion-scale/" "Mozilla/5.0 (Macintosh; Intel Mac OS X 10_7_2) AppleWebKit/535.2 (KHTML, like Gecko) Chrome/15.0.874.102 Safari/535.2"
127.0.0.1 - - [01/Nov/2011:16:07:56 -0600] "GET /favicon.ico HTTP/1.1" 404 288 "-" "Mozilla/5.0 (Macintosh; Intel Mac OS X 10_7_2) AppleWebKit/535.2 (KHTML, like Gecko) Chrome/15.0.874.102 Safari/535.2"
::1 - - [01/Nov/2011:16:08:06 -0600] "OPTIONS * HTTP/1.0" 200 - "-" "Apache/2.2.20 (Unix) DAV/2 (internal dummy connection)"
::1 - - [01/Nov/2011:16:08:07 -0600] "OPTIONS * HTTP/1.0" 200 - "-" "Apache/2.2.20 (Unix) DAV/2 (internal dummy connection)"
::1 - - [01/Nov/2011:16:08:13 -0600] "OPTIONS * HTTP/1.0" 200 - "-" "Apache/2.2.20 (Unix) DAV/2 (internal dummy connection)"
127.0.0.1 - - [01/Nov/2011:16:08:17 -0600] "GET /~nacho/opinion-scale/ HTTP/1.1" 304 - "-" "Mozilla/5.0 (Macintosh; Intel Mac OS X 10_7_2) AppleWebKit/535.2 (KHTML, like Gecko) Chrome/15.0.874.102 Safari/535.2"
127.0.0.1 - - [01/Nov/2011:16:08:17 -0600] "GET /~nacho/opinion-scale/js/opinion-scale.js HTTP/1.1" 200 746 "http://localhost/~nacho/opinion-scale/" "Mozilla/5.0 (Macintosh; Intel Mac OS X 10_7_2) AppleWebKit/535.2 (KHTML, like Gecko) Chrome/15.0.874.102 Safari/535.2"
127.0.0.1 - - [01/Nov/2011:16:08:17 -0600] "GET /favicon.ico HTTP/1.1" 404 288 "-" "Mozilla/5.0 (Macintosh; Intel Mac OS X 10_7_2) AppleWebKit/535.2 (KHTML, like Gecko) Chrome/15.0.874.102 Safari/535.2"
::1 - - [01/Nov/2011:16:08:27 -0600] "OPTIONS * HTTP/1.0" 200 - "-" "Apache/2.2.20 (Unix) DAV/2 (internal dummy connection)"
::1 - - [01/Nov/2011:16:08:28 -0600] "OPTIONS * HTTP/1.0" 200 - "-" "Apache/2.2.20 (Unix) DAV/2 (internal dummy connection)"
::1 - - [01/Nov/2011:16:08:34 -0600] "OPTIONS * HTTP/1.0" 200 - "-" "Apache/2.2.20 (Unix) DAV/2 (internal dummy connection)"
127.0.0.1 - - [01/Nov/2011:16:09:02 -0600] "GET /~nacho/opinion-scale/ HTTP/1.1" 304 - "-" "Mozilla/5.0 (Macintosh; Intel Mac OS X 10_7_2) AppleWebKit/535.2 (KHTML, like Gecko) Chrome/15.0.874.102 Safari/535.2"
127.0.0.1 - - [01/Nov/2011:16:09:02 -0600] "GET /~nacho/opinion-scale/js/opinion-scale.js HTTP/1.1" 200 746 "http://localhost/~nacho/opinion-scale/" "Mozilla/5.0 (Macintosh; Intel Mac OS X 10_7_2) AppleWebKit/535.2 (KHTML, like Gecko) Chrome/15.0.874.102 Safari/535.2"
127.0.0.1 - - [01/Nov/2011:16:09:02 -0600] "GET /favicon.ico HTTP/1.1" 404 288 "-" "Mozilla/5.0 (Macintosh; Intel Mac OS X 10_7_2) AppleWebKit/535.2 (KHTML, like Gecko) Chrome/15.0.874.102 Safari/535.2"
::1 - - [01/Nov/2011:16:09:19 -0600] "OPTIONS * HTTP/1.0" 200 - "-" "Apache/2.2.20 (Unix) DAV/2 (internal dummy connection)"
::1 - - [01/Nov/2011:16:09:22 -0600] "OPTIONS * HTTP/1.0" 200 - "-" "Apache/2.2.20 (Unix) DAV/2 (internal dummy connection)"
::1 - - [01/Nov/2011:16:09:23 -0600] "OPTIONS * HTTP/1.0" 200 - "-" "Apache/2.2.20 (Unix) DAV/2 (internal dummy connection)"
127.0.0.1 - - [01/Nov/2011:16:17:42 -0600] "GET /~nacho/opinion-scale/ HTTP/1.1" 304 - "-" "Mozilla/5.0 (Macintosh; Intel Mac OS X 10_7_2) AppleWebKit/535.2 (KHTML, like Gecko) Chrome/15.0.874.102 Safari/535.2"
127.0.0.1 - - [01/Nov/2011:16:17:42 -0600] "GET /~nacho/opinion-scale/js/opinion-scale.js HTTP/1.1" 200 789 "http://localhost/~nacho/opinion-scale/" "Mozilla/5.0 (Macintosh; Intel Mac OS X 10_7_2) AppleWebKit/535.2 (KHTML, like Gecko) Chrome/15.0.874.102 Safari/535.2"
127.0.0.1 - - [01/Nov/2011:16:17:42 -0600] "GET /favicon.ico HTTP/1.1" 404 288 "-" "Mozilla/5.0 (Macintosh; Intel Mac OS X 10_7_2) AppleWebKit/535.2 (KHTML, like Gecko) Chrome/15.0.874.102 Safari/535.2"
::1 - - [01/Nov/2011:16:17:53 -0600] "OPTIONS * HTTP/1.0" 200 - "-" "Apache/2.2.20 (Unix) DAV/2 (internal dummy connection)"
::1 - - [01/Nov/2011:16:17:54 -0600] "OPTIONS * HTTP/1.0" 200 - "-" "Apache/2.2.20 (Unix) DAV/2 (internal dummy connection)"
127.0.0.1 - - [01/Nov/2011:16:17:58 -0600] "GET /~nacho/opinion-scale/ HTTP/1.1" 304 - "-" "Mozilla/5.0 (Macintosh; Intel Mac OS X 10_7_2) AppleWebKit/535.2 (KHTML, like Gecko) Chrome/15.0.874.102 Safari/535.2"
127.0.0.1 - - [01/Nov/2011:16:17:58 -0600] "GET /~nacho/opinion-scale/js/opinion-scale.js HTTP/1.1" 200 789 "http://localhost/~nacho/opinion-scale/" "Mozilla/5.0 (Macintosh; Intel Mac OS X 10_7_2) AppleWebKit/535.2 (KHTML, like Gecko) Chrome/15.0.874.102 Safari/535.2"
127.0.0.1 - - [01/Nov/2011:16:17:58 -0600] "GET /favicon.ico HTTP/1.1" 404 288 "-" "Mozilla/5.0 (Macintosh; Intel Mac OS X 10_7_2) AppleWebKit/535.2 (KHTML, like Gecko) Chrome/15.0.874.102 Safari/535.2"
::1 - - [01/Nov/2011:16:18:16 -0600] "OPTIONS * HTTP/1.0" 200 - "-" "Apache/2.2.20 (Unix) DAV/2 (internal dummy connection)"
127.0.0.1 - - [01/Nov/2011:16:18:43 -0600] "GET /~nacho/opinion-scale/ HTTP/1.1" 304 - "-" "Mozilla/5.0 (Macintosh; Intel Mac OS X 10_7_2) AppleWebKit/535.2 (KHTML, like Gecko) Chrome/15.0.874.102 Safari/535.2"
127.0.0.1 - - [01/Nov/2011:16:18:43 -0600] "GET /~nacho/opinion-scale/js/opinion-scale.js HTTP/1.1" 200 788 "http://localhost/~nacho/opinion-scale/" "Mozilla/5.0 (Macintosh; Intel Mac OS X 10_7_2) AppleWebKit/535.2 (KHTML, like Gecko) Chrome/15.0.874.102 Safari/535.2"
127.0.0.1 - - [01/Nov/2011:16:18:43 -0600] "GET /favicon.ico HTTP/1.1" 404 288 "-" "Mozilla/5.0 (Macintosh; Intel Mac OS X 10_7_2) AppleWebKit/535.2 (KHTML, like Gecko) Chrome/15.0.874.102 Safari/535.2"
::1 - - [01/Nov/2011:16:18:53 -0600] "OPTIONS * HTTP/1.0" 200 - "-" "Apache/2.2.20 (Unix) DAV/2 (internal dummy connection)"
::1 - - [01/Nov/2011:16:18:54 -0600] "OPTIONS * HTTP/1.0" 200 - "-" "Apache/2.2.20 (Unix) DAV/2 (internal dummy connection)"
::1 - - [01/Nov/2011:16:19:00 -0600] "OPTIONS * HTTP/1.0" 200 - "-" "Apache/2.2.20 (Unix) DAV/2 (internal dummy connection)"
127.0.0.1 - - [01/Nov/2011:16:19:11 -0600] "GET /~nacho/opinion-scale/ HTTP/1.1" 304 - "-" "Mozilla/5.0 (Macintosh; Intel Mac OS X 10_7_2) AppleWebKit/535.2 (KHTML, like Gecko) Chrome/15.0.874.102 Safari/535.2"
127.0.0.1 - - [01/Nov/2011:16:19:11 -0600] "GET /~nacho/opinion-scale/js/opinion-scale.js HTTP/1.1" 200 788 "http://localhost/~nacho/opinion-scale/" "Mozilla/5.0 (Macintosh; Intel Mac OS X 10_7_2) AppleWebKit/535.2 (KHTML, like Gecko) Chrome/15.0.874.102 Safari/535.2"
127.0.0.1 - - [01/Nov/2011:16:19:11 -0600] "GET /favicon.ico HTTP/1.1" 404 288 "-" "Mozilla/5.0 (Macintosh; Intel Mac OS X 10_7_2) AppleWebKit/535.2 (KHTML, like Gecko) Chrome/15.0.874.102 Safari/535.2"
::1 - - [01/Nov/2011:16:19:21 -0600] "OPTIONS * HTTP/1.0" 200 - "-" "Apache/2.2.20 (Unix) DAV/2 (internal dummy connection)"
::1 - - [01/Nov/2011:16:19:22 -0600] "OPTIONS * HTTP/1.0" 200 - "-" "Apache/2.2.20 (Unix) DAV/2 (internal dummy connection)"
::1 - - [01/Nov/2011:16:19:28 -0600] "OPTIONS * HTTP/1.0" 200 - "-" "Apache/2.2.20 (Unix) DAV/2 (internal dummy connection)"
127.0.0.1 - - [01/Nov/2011:16:19:34 -0600] "GET /~nacho/opinion-scale/ HTTP/1.1" 304 - "-" "Mozilla/5.0 (Macintosh; Intel Mac OS X 10_7_2) AppleWebKit/535.2 (KHTML, like Gecko) Chrome/15.0.874.102 Safari/535.2"
127.0.0.1 - - [01/Nov/2011:16:19:34 -0600] "GET /~nacho/opinion-scale/js/opinion-scale.js HTTP/1.1" 200 788 "http://localhost/~nacho/opinion-scale/" "Mozilla/5.0 (Macintosh; Intel Mac OS X 10_7_2) AppleWebKit/535.2 (KHTML, like Gecko) Chrome/15.0.874.102 Safari/535.2"
127.0.0.1 - - [01/Nov/2011:16:19:34 -0600] "GET /favicon.ico HTTP/1.1" 404 288 "-" "Mozilla/5.0 (Macintosh; Intel Mac OS X 10_7_2) AppleWebKit/535.2 (KHTML, like Gecko) Chrome/15.0.874.102 Safari/535.2"
::1 - - [01/Nov/2011:16:19:44 -0600] "OPTIONS * HTTP/1.0" 200 - "-" "Apache/2.2.20 (Unix) DAV/2 (internal dummy connection)"
::1 - - [01/Nov/2011:16:19:45 -0600] "OPTIONS * HTTP/1.0" 200 - "-" "Apache/2.2.20 (Unix) DAV/2 (internal dummy connection)"
::1 - - [01/Nov/2011:16:19:51 -0600] "OPTIONS * HTTP/1.0" 200 - "-" "Apache/2.2.20 (Unix) DAV/2 (internal dummy connection)"
127.0.0.1 - - [01/Nov/2011:16:19:57 -0600] "GET /~nacho/opinion-scale/ HTTP/1.1" 304 - "-" "Mozilla/5.0 (Macintosh; Intel Mac OS X 10_7_2) AppleWebKit/535.2 (KHTML, like Gecko) Chrome/15.0.874.102 Safari/535.2"
127.0.0.1 - - [01/Nov/2011:16:19:57 -0600] "GET /~nacho/opinion-scale/js/opinion-scale.js HTTP/1.1" 200 788 "http://localhost/~nacho/opinion-scale/" "Mozilla/5.0 (Macintosh; Intel Mac OS X 10_7_2) AppleWebKit/535.2 (KHTML, like Gecko) Chrome/15.0.874.102 Safari/535.2"
127.0.0.1 - - [01/Nov/2011:16:19:57 -0600] "GET /favicon.ico HTTP/1.1" 404 288 "-" "Mozilla/5.0 (Macintosh; Intel Mac OS X 10_7_2) AppleWebKit/535.2 (KHTML, like Gecko) Chrome/15.0.874.102 Safari/535.2"
127.0.0.1 - - [01/Nov/2011:16:20:06 -0600] "GET /~nacho/opinion-scale/ HTTP/1.1" 304 - "-" "Mozilla/5.0 (Macintosh; Intel Mac OS X 10_7_2) AppleWebKit/535.2 (KHTML, like Gecko) Chrome/15.0.874.102 Safari/535.2"
127.0.0.1 - - [01/Nov/2011:16:20:07 -0600] "GET /~nacho/opinion-scale/js/opinion-scale.js HTTP/1.1" 200 788 "http://localhost/~nacho/opinion-scale/" "Mozilla/5.0 (Macintosh; Intel Mac OS X 10_7_2) AppleWebKit/535.2 (KHTML, like Gecko) Chrome/15.0.874.102 Safari/535.2"
127.0.0.1 - - [01/Nov/2011:16:20:07 -0600] "GET /favicon.ico HTTP/1.1" 404 288 "-" "Mozilla/5.0 (Macintosh; Intel Mac OS X 10_7_2) AppleWebKit/535.2 (KHTML, like Gecko) Chrome/15.0.874.102 Safari/535.2"
::1 - - [01/Nov/2011:16:20:08 -0600] "OPTIONS * HTTP/1.0" 200 - "-" "Apache/2.2.20 (Unix) DAV/2 (internal dummy connection)"
::1 - - [01/Nov/2011:16:20:09 -0600] "OPTIONS * HTTP/1.0" 200 - "-" "Apache/2.2.20 (Unix) DAV/2 (internal dummy connection)"
::1 - - [01/Nov/2011:16:20:24 -0600] "OPTIONS * HTTP/1.0" 200 - "-" "Apache/2.2.20 (Unix) DAV/2 (internal dummy connection)"
127.0.0.1 - - [01/Nov/2011:16:21:44 -0600] "GET /~nacho/opinion-scale/ HTTP/1.1" 304 - "-" "Mozilla/5.0 (Macintosh; Intel Mac OS X 10_7_2) AppleWebKit/535.2 (KHTML, like Gecko) Chrome/15.0.874.102 Safari/535.2"
127.0.0.1 - - [01/Nov/2011:16:21:44 -0600] "GET /~nacho/opinion-scale/js/opinion-scale.js HTTP/1.1" 200 837 "http://localhost/~nacho/opinion-scale/" "Mozilla/5.0 (Macintosh; Intel Mac OS X 10_7_2) AppleWebKit/535.2 (KHTML, like Gecko) Chrome/15.0.874.102 Safari/535.2"
127.0.0.1 - - [01/Nov/2011:16:21:44 -0600] "GET /favicon.ico HTTP/1.1" 404 288 "-" "Mozilla/5.0 (Macintosh; Intel Mac OS X 10_7_2) AppleWebKit/535.2 (KHTML, like Gecko) Chrome/15.0.874.102 Safari/535.2"
::1 - - [01/Nov/2011:16:21:54 -0600] "OPTIONS * HTTP/1.0" 200 - "-" "Apache/2.2.20 (Unix) DAV/2 (internal dummy connection)"
::1 - - [01/Nov/2011:16:21:55 -0600] "OPTIONS * HTTP/1.0" 200 - "-" "Apache/2.2.20 (Unix) DAV/2 (internal dummy connection)"
::1 - - [01/Nov/2011:16:22:01 -0600] "OPTIONS * HTTP/1.0" 200 - "-" "Apache/2.2.20 (Unix) DAV/2 (internal dummy connection)"
127.0.0.1 - - [01/Nov/2011:16:22:07 -0600] "GET /~nacho/opinion-scale/ HTTP/1.1" 304 - "-" "Mozilla/5.0 (Macintosh; Intel Mac OS X 10_7_2) AppleWebKit/535.2 (KHTML, like Gecko) Chrome/15.0.874.102 Safari/535.2"
127.0.0.1 - - [01/Nov/2011:16:22:07 -0600] "GET /~nacho/opinion-scale/js/opinion-scale.js HTTP/1.1" 200 837 "http://localhost/~nacho/opinion-scale/" "Mozilla/5.0 (Macintosh; Intel Mac OS X 10_7_2) AppleWebKit/535.2 (KHTML, like Gecko) Chrome/15.0.874.102 Safari/535.2"
127.0.0.1 - - [01/Nov/2011:16:22:07 -0600] "GET /favicon.ico HTTP/1.1" 404 288 "-" "Mozilla/5.0 (Macintosh; Intel Mac OS X 10_7_2) AppleWebKit/535.2 (KHTML, like Gecko) Chrome/15.0.874.102 Safari/535.2"
::1 - - [01/Nov/2011:16:22:17 -0600] "OPTIONS * HTTP/1.0" 200 - "-" "Apache/2.2.20 (Unix) DAV/2 (internal dummy connection)"
::1 - - [01/Nov/2011:16:22:18 -0600] "OPTIONS * HTTP/1.0" 200 - "-" "Apache/2.2.20 (Unix) DAV/2 (internal dummy connection)"
127.0.0.1 - - [01/Nov/2011:16:22:18 -0600] "GET /~nacho/opinion-scale/ HTTP/1.1" 304 - "-" "Mozilla/5.0 (Macintosh; Intel Mac OS X 10_7_2) AppleWebKit/535.2 (KHTML, like Gecko) Chrome/15.0.874.102 Safari/535.2"
127.0.0.1 - - [01/Nov/2011:16:22:18 -0600] "GET /~nacho/opinion-scale/js/opinion-scale.js HTTP/1.1" 200 840 "http://localhost/~nacho/opinion-scale/" "Mozilla/5.0 (Macintosh; Intel Mac OS X 10_7_2) AppleWebKit/535.2 (KHTML, like Gecko) Chrome/15.0.874.102 Safari/535.2"
127.0.0.1 - - [01/Nov/2011:16:22:19 -0600] "GET /favicon.ico HTTP/1.1" 404 288 "-" "Mozilla/5.0 (Macintosh; Intel Mac OS X 10_7_2) AppleWebKit/535.2 (KHTML, like Gecko) Chrome/15.0.874.102 Safari/535.2"
::1 - - [01/Nov/2011:16:22:37 -0600] "OPTIONS * HTTP/1.0" 200 - "-" "Apache/2.2.20 (Unix) DAV/2 (internal dummy connection)"
::1 - - [01/Nov/2011:16:22:38 -0600] "OPTIONS * HTTP/1.0" 200 - "-" "Apache/2.2.20 (Unix) DAV/2 (internal dummy connection)"
127.0.0.1 - - [01/Nov/2011:16:22:49 -0600] "GET /~nacho/opinion-scale/ HTTP/1.1" 304 - "-" "Mozilla/5.0 (Macintosh; Intel Mac OS X 10_7_2) AppleWebKit/535.2 (KHTML, like Gecko) Chrome/15.0.874.102 Safari/535.2"
127.0.0.1 - - [01/Nov/2011:16:22:49 -0600] "GET /~nacho/opinion-scale/js/opinion-scale.js HTTP/1.1" 200 840 "http://localhost/~nacho/opinion-scale/" "Mozilla/5.0 (Macintosh; Intel Mac OS X 10_7_2) AppleWebKit/535.2 (KHTML, like Gecko) Chrome/15.0.874.102 Safari/535.2"
127.0.0.1 - - [01/Nov/2011:16:22:49 -0600] "GET /favicon.ico HTTP/1.1" 404 288 "-" "Mozilla/5.0 (Macintosh; Intel Mac OS X 10_7_2) AppleWebKit/535.2 (KHTML, like Gecko) Chrome/15.0.874.102 Safari/535.2"
::1 - - [01/Nov/2011:16:22:59 -0600] "OPTIONS * HTTP/1.0" 200 - "-" "Apache/2.2.20 (Unix) DAV/2 (internal dummy connection)"
::1 - - [01/Nov/2011:16:23:00 -0600] "OPTIONS * HTTP/1.0" 200 - "-" "Apache/2.2.20 (Unix) DAV/2 (internal dummy connection)"
127.0.0.1 - - [01/Nov/2011:16:23:01 -0600] "GET /~nacho/opinion-scale/ HTTP/1.1" 304 - "-" "Mozilla/5.0 (Macintosh; Intel Mac OS X 10_7_2) AppleWebKit/535.2 (KHTML, like Gecko) Chrome/15.0.874.102 Safari/535.2"
127.0.0.1 - - [01/Nov/2011:16:23:01 -0600] "GET /~nacho/opinion-scale/js/opinion-scale.js HTTP/1.1" 200 840 "http://localhost/~nacho/opinion-scale/" "Mozilla/5.0 (Macintosh; Intel Mac OS X 10_7_2) AppleWebKit/535.2 (KHTML, like Gecko) Chrome/15.0.874.102 Safari/535.2"
127.0.0.1 - - [01/Nov/2011:16:23:01 -0600] "GET /favicon.ico HTTP/1.1" 404 288 "-" "Mozilla/5.0 (Macintosh; Intel Mac OS X 10_7_2) AppleWebKit/535.2 (KHTML, like Gecko) Chrome/15.0.874.102 Safari/535.2"
127.0.0.1 - - [01/Nov/2011:16:23:14 -0600] "GET /~nacho/opinion-scale/ HTTP/1.1" 304 - "-" "Mozilla/5.0 (Macintosh; Intel Mac OS X 10_7_2) AppleWebKit/535.2 (KHTML, like Gecko) Chrome/15.0.874.102 Safari/535.2"
127.0.0.1 - - [01/Nov/2011:16:23:14 -0600] "GET /~nacho/opinion-scale/js/opinion-scale.js HTTP/1.1" 200 840 "http://localhost/~nacho/opinion-scale/" "Mozilla/5.0 (Macintosh; Intel Mac OS X 10_7_2) AppleWebKit/535.2 (KHTML, like Gecko) Chrome/15.0.874.102 Safari/535.2"
127.0.0.1 - - [01/Nov/2011:16:23:14 -0600] "GET /favicon.ico HTTP/1.1" 404 288 "-" "Mozilla/5.0 (Macintosh; Intel Mac OS X 10_7_2) AppleWebKit/535.2 (KHTML, like Gecko) Chrome/15.0.874.102 Safari/535.2"
::1 - - [01/Nov/2011:16:23:19 -0600] "OPTIONS * HTTP/1.0" 200 - "-" "Apache/2.2.20 (Unix) DAV/2 (internal dummy connection)"
::1 - - [01/Nov/2011:16:23:29 -0600] "OPTIONS * HTTP/1.0" 200 - "-" "Apache/2.2.20 (Unix) DAV/2 (internal dummy connection)"
127.0.0.1 - - [01/Nov/2011:16:24:04 -0600] "GET /~nacho/opinion-scale/ HTTP/1.1" 304 - "-" "Mozilla/5.0 (Macintosh; Intel Mac OS X 10_7_2) AppleWebKit/535.2 (KHTML, like Gecko) Chrome/15.0.874.102 Safari/535.2"
127.0.0.1 - - [01/Nov/2011:16:24:04 -0600] "GET /~nacho/opinion-scale/js/opinion-scale.js HTTP/1.1" 200 842 "http://localhost/~nacho/opinion-scale/" "Mozilla/5.0 (Macintosh; Intel Mac OS X 10_7_2) AppleWebKit/535.2 (KHTML, like Gecko) Chrome/15.0.874.102 Safari/535.2"
127.0.0.1 - - [01/Nov/2011:16:24:04 -0600] "GET /favicon.ico HTTP/1.1" 404 288 "-" "Mozilla/5.0 (Macintosh; Intel Mac OS X 10_7_2) AppleWebKit/535.2 (KHTML, like Gecko) Chrome/15.0.874.102 Safari/535.2"
::1 - - [01/Nov/2011:16:24:14 -0600] "OPTIONS * HTTP/1.0" 200 - "-" "Apache/2.2.20 (Unix) DAV/2 (internal dummy connection)"
::1 - - [01/Nov/2011:16:24:15 -0600] "OPTIONS * HTTP/1.0" 200 - "-" "Apache/2.2.20 (Unix) DAV/2 (internal dummy connection)"
::1 - - [01/Nov/2011:16:24:21 -0600] "OPTIONS * HTTP/1.0" 200 - "-" "Apache/2.2.20 (Unix) DAV/2 (internal dummy connection)"
127.0.0.1 - - [01/Nov/2011:16:24:27 -0600] "GET /~nacho/opinion-scale/ HTTP/1.1" 304 - "-" "Mozilla/5.0 (Macintosh; Intel Mac OS X 10_7_2) AppleWebKit/535.2 (KHTML, like Gecko) Chrome/15.0.874.102 Safari/535.2"
127.0.0.1 - - [01/Nov/2011:16:24:27 -0600] "GET /~nacho/opinion-scale/js/opinion-scale.js HTTP/1.1" 200 842 "http://localhost/~nacho/opinion-scale/" "Mozilla/5.0 (Macintosh; Intel Mac OS X 10_7_2) AppleWebKit/535.2 (KHTML, like Gecko) Chrome/15.0.874.102 Safari/535.2"
127.0.0.1 - - [01/Nov/2011:16:24:27 -0600] "GET /favicon.ico HTTP/1.1" 404 288 "-" "Mozilla/5.0 (Macintosh; Intel Mac OS X 10_7_2) AppleWebKit/535.2 (KHTML, like Gecko) Chrome/15.0.874.102 Safari/535.2"
::1 - - [01/Nov/2011:16:24:37 -0600] "OPTIONS * HTTP/1.0" 200 - "-" "Apache/2.2.20 (Unix) DAV/2 (internal dummy connection)"
::1 - - [01/Nov/2011:16:24:38 -0600] "OPTIONS * HTTP/1.0" 200 - "-" "Apache/2.2.20 (Unix) DAV/2 (internal dummy connection)"
::1 - - [01/Nov/2011:16:24:44 -0600] "OPTIONS * HTTP/1.0" 200 - "-" "Apache/2.2.20 (Unix) DAV/2 (internal dummy connection)"
127.0.0.1 - - [01/Nov/2011:16:24:46 -0600] "GET /~nacho/opinion-scale/ HTTP/1.1" 304 - "-" "Mozilla/5.0 (Macintosh; Intel Mac OS X 10_7_2) AppleWebKit/535.2 (KHTML, like Gecko) Chrome/15.0.874.102 Safari/535.2"
127.0.0.1 - - [01/Nov/2011:16:24:46 -0600] "GET /~nacho/opinion-scale/js/opinion-scale.js HTTP/1.1" 200 842 "http://localhost/~nacho/opinion-scale/" "Mozilla/5.0 (Macintosh; Intel Mac OS X 10_7_2) AppleWebKit/535.2 (KHTML, like Gecko) Chrome/15.0.874.102 Safari/535.2"
127.0.0.1 - - [01/Nov/2011:16:24:47 -0600] "GET /favicon.ico HTTP/1.1" 404 288 "-" "Mozilla/5.0 (Macintosh; Intel Mac OS X 10_7_2) AppleWebKit/535.2 (KHTML, like Gecko) Chrome/15.0.874.102 Safari/535.2"
127.0.0.1 - - [01/Nov/2011:16:25:02 -0600] "GET /~nacho/opinion-scale/ HTTP/1.1" 304 - "-" "Mozilla/5.0 (Macintosh; Intel Mac OS X 10_7_2) AppleWebKit/535.2 (KHTML, like Gecko) Chrome/15.0.874.102 Safari/535.2"
127.0.0.1 - - [01/Nov/2011:16:25:02 -0600] "GET /~nacho/opinion-scale/js/opinion-scale.js HTTP/1.1" 200 842 "http://localhost/~nacho/opinion-scale/" "Mozilla/5.0 (Macintosh; Intel Mac OS X 10_7_2) AppleWebKit/535.2 (KHTML, like Gecko) Chrome/15.0.874.102 Safari/535.2"
127.0.0.1 - - [01/Nov/2011:16:25:02 -0600] "GET /favicon.ico HTTP/1.1" 404 288 "-" "Mozilla/5.0 (Macintosh; Intel Mac OS X 10_7_2) AppleWebKit/535.2 (KHTML, like Gecko) Chrome/15.0.874.102 Safari/535.2"
::1 - - [01/Nov/2011:16:25:20 -0600] "OPTIONS * HTTP/1.0" 200 - "-" "Apache/2.2.20 (Unix) DAV/2 (internal dummy connection)"
127.0.0.1 - - [01/Nov/2011:16:25:34 -0600] "GET /~nacho/opinion-scale/ HTTP/1.1" 304 - "-" "Mozilla/5.0 (Macintosh; Intel Mac OS X 10_7_2) AppleWebKit/535.2 (KHTML, like Gecko) Chrome/15.0.874.102 Safari/535.2"
127.0.0.1 - - [01/Nov/2011:16:25:34 -0600] "GET /~nacho/opinion-scale/js/opinion-scale.js HTTP/1.1" 200 842 "http://localhost/~nacho/opinion-scale/" "Mozilla/5.0 (Macintosh; Intel Mac OS X 10_7_2) AppleWebKit/535.2 (KHTML, like Gecko) Chrome/15.0.874.102 Safari/535.2"
127.0.0.1 - - [01/Nov/2011:16:25:34 -0600] "GET /favicon.ico HTTP/1.1" 404 288 "-" "Mozilla/5.0 (Macintosh; Intel Mac OS X 10_7_2) AppleWebKit/535.2 (KHTML, like Gecko) Chrome/15.0.874.102 Safari/535.2"
::1 - - [01/Nov/2011:16:25:52 -0600] "OPTIONS * HTTP/1.0" 200 - "-" "Apache/2.2.20 (Unix) DAV/2 (internal dummy connection)"
127.0.0.1 - - [01/Nov/2011:16:26:08 -0600] "GET /~nacho/opinion-scale/ HTTP/1.1" 304 - "-" "Mozilla/5.0 (Macintosh; Intel Mac OS X 10_7_2) AppleWebKit/535.2 (KHTML, like Gecko) Chrome/15.0.874.102 Safari/535.2"
127.0.0.1 - - [01/Nov/2011:16:26:08 -0600] "GET /~nacho/opinion-scale/js/opinion-scale.js HTTP/1.1" 200 842 "http://localhost/~nacho/opinion-scale/" "Mozilla/5.0 (Macintosh; Intel Mac OS X 10_7_2) AppleWebKit/535.2 (KHTML, like Gecko) Chrome/15.0.874.102 Safari/535.2"
127.0.0.1 - - [01/Nov/2011:16:26:08 -0600] "GET /favicon.ico HTTP/1.1" 404 288 "-" "Mozilla/5.0 (Macintosh; Intel Mac OS X 10_7_2) AppleWebKit/535.2 (KHTML, like Gecko) Chrome/15.0.874.102 Safari/535.2"
::1 - - [01/Nov/2011:16:26:25 -0600] "OPTIONS * HTTP/1.0" 200 - "-" "Apache/2.2.20 (Unix) DAV/2 (internal dummy connection)"
127.0.0.1 - - [01/Nov/2011:16:26:48 -0600] "GET /~nacho/opinion-scale/ HTTP/1.1" 304 - "-" "Mozilla/5.0 (Macintosh; Intel Mac OS X 10_7_2) AppleWebKit/535.2 (KHTML, like Gecko) Chrome/15.0.874.102 Safari/535.2"
127.0.0.1 - - [01/Nov/2011:16:26:48 -0600] "GET /~nacho/opinion-scale/js/opinion-scale.js HTTP/1.1" 200 842 "http://localhost/~nacho/opinion-scale/" "Mozilla/5.0 (Macintosh; Intel Mac OS X 10_7_2) AppleWebKit/535.2 (KHTML, like Gecko) Chrome/15.0.874.102 Safari/535.2"
127.0.0.1 - - [01/Nov/2011:16:26:48 -0600] "GET /favicon.ico HTTP/1.1" 404 288 "-" "Mozilla/5.0 (Macintosh; Intel Mac OS X 10_7_2) AppleWebKit/535.2 (KHTML, like Gecko) Chrome/15.0.874.102 Safari/535.2"
::1 - - [01/Nov/2011:16:27:05 -0600] "OPTIONS * HTTP/1.0" 200 - "-" "Apache/2.2.20 (Unix) DAV/2 (internal dummy connection)"
