127.0.0.1 - - [26/Oct/2011:15:59:06 -0600] "GET /js/display.js HTTP/1.1" 200 6579 "http://localhost/display.html" "Mozilla/5.0 (Macintosh; Intel Mac OS X 10_7_2) AppleWebKit/535.2 (KHTML, like Gecko) Chrome/15.0.874.102 Safari/535.2"
127.0.0.1 - - [26/Oct/2011:15:59:07 -0600] "GET /js/display-connection.js HTTP/1.1" 200 442 "http://localhost/display.html" "Mozilla/5.0 (Macintosh; Intel Mac OS X 10_7_2) AppleWebKit/535.2 (KHTML, like Gecko) Chrome/15.0.874.102 Safari/535.2"
127.0.0.1 - - [26/Oct/2011:15:59:07 -0600] "GET /favicon.ico HTTP/1.1" 404 288 "-" "Mozilla/5.0 (Macintosh; Intel Mac OS X 10_7_2) AppleWebKit/535.2 (KHTML, like Gecko) Chrome/15.0.874.102 Safari/535.2"
::1 - - [26/Oct/2011:15:59:09 -0600] "OPTIONS * HTTP/1.0" 200 - "-" "Apache/2.2.20 (Unix) DAV/2 (internal dummy connection)"
::1 - - [26/Oct/2011:15:59:10 -0600] "OPTIONS * HTTP/1.0" 200 - "-" "Apache/2.2.20 (Unix) DAV/2 (internal dummy connection)"
::1 - - [26/Oct/2011:15:59:18 -0600] "OPTIONS * HTTP/1.0" 200 - "-" "Apache/2.2.20 (Unix) DAV/2 (internal dummy connection)"
::1 - - [26/Oct/2011:15:59:23 -0600] "OPTIONS * HTTP/1.0" 200 - "-" "Apache/2.2.20 (Unix) DAV/2 (internal dummy connection)"
::1 - - [26/Oct/2011:15:59:24 -0600] "OPTIONS * HTTP/1.0" 200 - "-" "Apache/2.2.20 (Unix) DAV/2 (internal dummy connection)"
::1 - - [26/Oct/2011:15:59:25 -0600] "OPTIONS * HTTP/1.0" 200 - "-" "Apache/2.2.20 (Unix) DAV/2 (internal dummy connection)"
::1 - - [26/Oct/2011:15:59:26 -0600] "OPTIONS * HTTP/1.0" 200 - "-" "Apache/2.2.20 (Unix) DAV/2 (internal dummy connection)"
127.0.0.1 - - [26/Oct/2011:15:59:32 -0600] "GET /display.html HTTP/1.1" 200 597 "-" "Mozilla/5.0 (Macintosh; Intel Mac OS X 10_7_2) AppleWebKit/535.2 (KHTML, like Gecko) Chrome/15.0.874.102 Safari/535.2"
127.0.0.1 - - [26/Oct/2011:15:59:32 -0600] "GET /js/lib/Box2dWeb-2.1.a.3.min.js HTTP/1.1" 304 - "http://localhost/display.html" "Mozilla/5.0 (Macintosh; Intel Mac OS X 10_7_2) AppleWebKit/535.2 (KHTML, like Gecko) Chrome/15.0.874.102 Safari/535.2"
127.0.0.1 - - [26/Oct/2011:15:59:32 -0600] "GET /js/lib/socket.io/socket.io.min.js HTTP/1.1" 304 - "http://localhost/display.html" "Mozilla/5.0 (Macintosh; Intel Mac OS X 10_7_2) AppleWebKit/535.2 (KHTML, like Gecko) Chrome/15.0.874.102 Safari/535.2"
127.0.0.1 - - [26/Oct/2011:15:59:33 -0600] "GET /js/display.js HTTP/1.1" 200 6578 "http://localhost/display.html" "Mozilla/5.0 (Macintosh; Intel Mac OS X 10_7_2) AppleWebKit/535.2 (KHTML, like Gecko) Chrome/15.0.874.102 Safari/535.2"
127.0.0.1 - - [26/Oct/2011:15:59:34 -0600] "GET /js/display-connection.js HTTP/1.1" 304 - "http://localhost/display.html" "Mozilla/5.0 (Macintosh; Intel Mac OS X 10_7_2) AppleWebKit/535.2 (KHTML, like Gecko) Chrome/15.0.874.102 Safari/535.2"
127.0.0.1 - - [26/Oct/2011:15:59:34 -0600] "GET /favicon.ico HTTP/1.1" 404 288 "-" "Mozilla/5.0 (Macintosh; Intel Mac OS X 10_7_2) AppleWebKit/535.2 (KHTML, like Gecko) Chrome/15.0.874.102 Safari/535.2"
::1 - - [26/Oct/2011:15:59:36 -0600] "OPTIONS * HTTP/1.0" 200 - "-" "Apache/2.2.20 (Unix) DAV/2 (internal dummy connection)"
::1 - - [26/Oct/2011:15:59:37 -0600] "OPTIONS * HTTP/1.0" 200 - "-" "Apache/2.2.20 (Unix) DAV/2 (internal dummy connection)"
::1 - - [26/Oct/2011:15:59:48 -0600] "OPTIONS * HTTP/1.0" 200 - "-" "Apache/2.2.20 (Unix) DAV/2 (internal dummy connection)"
::1 - - [26/Oct/2011:15:59:50 -0600] "OPTIONS * HTTP/1.0" 200 - "-" "Apache/2.2.20 (Unix) DAV/2 (internal dummy connection)"
::1 - - [26/Oct/2011:15:59:51 -0600] "OPTIONS * HTTP/1.0" 200 - "-" "Apache/2.2.20 (Unix) DAV/2 (internal dummy connection)"
::1 - - [26/Oct/2011:15:59:52 -0600] "OPTIONS * HTTP/1.0" 200 - "-" "Apache/2.2.20 (Unix) DAV/2 (internal dummy connection)"
::1 - - [26/Oct/2011:15:59:53 -0600] "OPTIONS * HTTP/1.0" 200 - "-" "Apache/2.2.20 (Unix) DAV/2 (internal dummy connection)"
127.0.0.1 - - [26/Oct/2011:16:00:05 -0600] "GET /display.html HTTP/1.1" 200 597 "-" "Mozilla/5.0 (Macintosh; Intel Mac OS X 10_7_2) AppleWebKit/535.2 (KHTML, like Gecko) Chrome/15.0.874.102 Safari/535.2"
127.0.0.1 - - [26/Oct/2011:16:00:05 -0600] "GET /js/lib/Box2dWeb-2.1.a.3.min.js HTTP/1.1" 200 224935 "http://localhost/display.html" "Mozilla/5.0 (Macintosh; Intel Mac OS X 10_7_2) AppleWebKit/535.2 (KHTML, like Gecko) Chrome/15.0.874.102 Safari/535.2"
127.0.0.1 - - [26/Oct/2011:16:00:05 -0600] "GET /js/lib/socket.io/socket.io.min.js HTTP/1.1" 200 42269 "http://localhost/display.html" "Mozilla/5.0 (Macintosh; Intel Mac OS X 10_7_2) AppleWebKit/535.2 (KHTML, like Gecko) Chrome/15.0.874.102 Safari/535.2"
127.0.0.1 - - [26/Oct/2011:16:00:05 -0600] "GET /js/display.js HTTP/1.1" 200 6578 "http://localhost/display.html" "Mozilla/5.0 (Macintosh; Intel Mac OS X 10_7_2) AppleWebKit/535.2 (KHTML, like Gecko) Chrome/15.0.874.102 Safari/535.2"
127.0.0.1 - - [26/Oct/2011:16:00:06 -0600] "GET /js/display-connection.js HTTP/1.1" 200 442 "http://localhost/display.html" "Mozilla/5.0 (Macintosh; Intel Mac OS X 10_7_2) AppleWebKit/535.2 (KHTML, like Gecko) Chrome/15.0.874.102 Safari/535.2"
127.0.0.1 - - [26/Oct/2011:16:00:06 -0600] "GET /favicon.ico HTTP/1.1" 404 288 "-" "Mozilla/5.0 (Macintosh; Intel Mac OS X 10_7_2) AppleWebKit/535.2 (KHTML, like Gecko) Chrome/15.0.874.102 Safari/535.2"
::1 - - [26/Oct/2011:16:00:08 -0600] "OPTIONS * HTTP/1.0" 200 - "-" "Apache/2.2.20 (Unix) DAV/2 (internal dummy connection)"
::1 - - [26/Oct/2011:16:00:09 -0600] "OPTIONS * HTTP/1.0" 200 - "-" "Apache/2.2.20 (Unix) DAV/2 (internal dummy connection)"
::1 - - [26/Oct/2011:16:00:18 -0600] "OPTIONS * HTTP/1.0" 200 - "-" "Apache/2.2.20 (Unix) DAV/2 (internal dummy connection)"
::1 - - [26/Oct/2011:16:00:22 -0600] "OPTIONS * HTTP/1.0" 200 - "-" "Apache/2.2.20 (Unix) DAV/2 (internal dummy connection)"
::1 - - [26/Oct/2011:16:00:23 -0600] "OPTIONS * HTTP/1.0" 200 - "-" "Apache/2.2.20 (Unix) DAV/2 (internal dummy connection)"
::1 - - [26/Oct/2011:16:00:24 -0600] "OPTIONS * HTTP/1.0" 200 - "-" "Apache/2.2.20 (Unix) DAV/2 (internal dummy connection)"
::1 - - [26/Oct/2011:16:00:25 -0600] "OPTIONS * HTTP/1.0" 200 - "-" "Apache/2.2.20 (Unix) DAV/2 (internal dummy connection)"
10.109.116.237 - - [26/Oct/2011:16:02:41 -0600] "GET /player.html HTTP/1.1" 200 678 "-" "Mozilla/5.0 (iPhone; CPU iPhone OS 5_0 like Mac OS X) AppleWebKit/534.46 (KHTML, like Gecko) Version/5.1 Mobile/9A334 Safari/7534.48.3"
10.109.116.237 - - [26/Oct/2011:16:02:42 -0600] "GET /js/player-connection.js HTTP/1.1" 200 295 "http://10.109.37.189/player.html" "Mozilla/5.0 (iPhone; CPU iPhone OS 5_0 like Mac OS X) AppleWebKit/534.46 (KHTML, like Gecko) Version/5.1 Mobile/9A334 Safari/7534.48.3"
10.109.116.237 - - [26/Oct/2011:16:03:40 -0600] "GET /player.html HTTP/1.1" 200 678 "-" "Mozilla/5.0 (iPhone; CPU iPhone OS 5_0 like Mac OS X) AppleWebKit/534.46 (KHTML, like Gecko) Version/5.1 Mobile/9A334 Safari/7534.48.3"
10.109.116.237 - - [26/Oct/2011:16:03:40 -0600] "GET /js/lib/socket.io/socket.io.min.js HTTP/1.1" 304 - "http://10.109.37.189/player.html" "Mozilla/5.0 (iPhone; CPU iPhone OS 5_0 like Mac OS X) AppleWebKit/534.46 (KHTML, like Gecko) Version/5.1 Mobile/9A334 Safari/7534.48.3"
10.109.116.237 - - [26/Oct/2011:16:03:40 -0600] "GET /js/player.js HTTP/1.1" 200 3574 "http://10.109.37.189/player.html" "Mozilla/5.0 (iPhone; CPU iPhone OS 5_0 like Mac OS X) AppleWebKit/534.46 (KHTML, like Gecko) Version/5.1 Mobile/9A334 Safari/7534.48.3"
10.109.116.237 - - [26/Oct/2011:16:03:40 -0600] "GET /js/player-connection.js HTTP/1.1" 304 - "http://10.109.37.189/player.html" "Mozilla/5.0 (iPhone; CPU iPhone OS 5_0 like Mac OS X) AppleWebKit/534.46 (KHTML, like Gecko) Version/5.1 Mobile/9A334 Safari/7534.48.3"
10.109.116.237 - - [26/Oct/2011:16:03:41 -0600] "GET /img/bowling-ball.jpg HTTP/1.1" 304 - "http://10.109.37.189/player.html" "Mozilla/5.0 (iPhone; CPU iPhone OS 5_0 like Mac OS X) AppleWebKit/534.46 (KHTML, like Gecko) Version/5.1 Mobile/9A334 Safari/7534.48.3"
::1 - - [26/Oct/2011:16:03:50 -0600] "OPTIONS * HTTP/1.0" 200 - "-" "Apache/2.2.20 (Unix) DAV/2 (internal dummy connection)"
10.109.116.237 - - [26/Oct/2011:16:04:58 -0600] "GET /player.html HTTP/1.1" 304 - "-" "Mozilla/5.0 (iPhone; CPU iPhone OS 5_0 like Mac OS X) AppleWebKit/534.46 (KHTML, like Gecko) Version/5.1 Mobile/9A334 Safari/7534.48.3"
10.109.116.237 - - [26/Oct/2011:16:05:07 -0600] "GET /player.html HTTP/1.1" 200 678 "-" "Mozilla/5.0 (iPhone; CPU iPhone OS 5_0 like Mac OS X) AppleWebKit/534.46 (KHTML, like Gecko) Version/5.1 Mobile/9A334 Safari/7534.48.3"
10.109.116.237 - - [26/Oct/2011:16:05:07 -0600] "GET /js/lib/socket.io/socket.io.min.js HTTP/1.1" 304 - "http://10.109.37.189/player.html" "Mozilla/5.0 (iPhone; CPU iPhone OS 5_0 like Mac OS X) AppleWebKit/534.46 (KHTML, like Gecko) Version/5.1 Mobile/9A334 Safari/7534.48.3"
10.109.116.237 - - [26/Oct/2011:16:05:07 -0600] "GET /js/player.js HTTP/1.1" 200 3560 "http://10.109.37.189/player.html" "Mozilla/5.0 (iPhone; CPU iPhone OS 5_0 like Mac OS X) AppleWebKit/534.46 (KHTML, like Gecko) Version/5.1 Mobile/9A334 Safari/7534.48.3"
10.109.116.237 - - [26/Oct/2011:16:05:07 -0600] "GET /js/player-connection.js HTTP/1.1" 304 - "http://10.109.37.189/player.html" "Mozilla/5.0 (iPhone; CPU iPhone OS 5_0 like Mac OS X) AppleWebKit/534.46 (KHTML, like Gecko) Version/5.1 Mobile/9A334 Safari/7534.48.3"
10.109.116.237 - - [26/Oct/2011:16:05:08 -0600] "GET /img/bowling-ball.jpg HTTP/1.1" 304 - "http://10.109.37.189/player.html" "Mozilla/5.0 (iPhone; CPU iPhone OS 5_0 like Mac OS X) AppleWebKit/534.46 (KHTML, like Gecko) Version/5.1 Mobile/9A334 Safari/7534.48.3"
10.109.116.237 - - [26/Oct/2011:16:06:54 -0600] "GET /player.html HTTP/1.1" 200 686 "-" "Mozilla/5.0 (iPhone; CPU iPhone OS 5_0 like Mac OS X) AppleWebKit/534.46 (KHTML, like Gecko) Version/5.1 Mobile/9A334 Safari/7534.48.3"
10.109.116.237 - - [26/Oct/2011:16:06:54 -0600] "GET /js/lib/socket.io/socket.io.min.js HTTP/1.1" 304 - "http://10.109.37.189/player.html" "Mozilla/5.0 (iPhone; CPU iPhone OS 5_0 like Mac OS X) AppleWebKit/534.46 (KHTML, like Gecko) Version/5.1 Mobile/9A334 Safari/7534.48.3"
10.109.116.237 - - [26/Oct/2011:16:06:54 -0600] "GET /js/player.js HTTP/1.1" 304 - "http://10.109.37.189/player.html" "Mozilla/5.0 (iPhone; CPU iPhone OS 5_0 like Mac OS X) AppleWebKit/534.46 (KHTML, like Gecko) Version/5.1 Mobile/9A334 Safari/7534.48.3"
10.109.116.237 - - [26/Oct/2011:16:06:54 -0600] "GET /js/player-connection.js HTTP/1.1" 304 - "http://10.109.37.189/player.html" "Mozilla/5.0 (iPhone; CPU iPhone OS 5_0 like Mac OS X) AppleWebKit/534.46 (KHTML, like Gecko) Version/5.1 Mobile/9A334 Safari/7534.48.3"
10.109.116.237 - - [26/Oct/2011:16:06:55 -0600] "GET /img/bowling-ball.jpg HTTP/1.1" 304 - "http://10.109.37.189/player.html" "Mozilla/5.0 (iPhone; CPU iPhone OS 5_0 like Mac OS X) AppleWebKit/534.46 (KHTML, like Gecko) Version/5.1 Mobile/9A334 Safari/7534.48.3"
10.109.116.237 - - [26/Oct/2011:16:07:03 -0600] "GET /player.html HTTP/1.1" 200 686 "-" "Mozilla/5.0 (iPhone; CPU iPhone OS 5_0 like Mac OS X) AppleWebKit/534.46 (KHTML, like Gecko) Version/5.1 Mobile/9A334 Safari/7534.48.3"
10.109.116.237 - - [26/Oct/2011:16:07:03 -0600] "GET /js/lib/socket.io/socket.io.min.js HTTP/1.1" 304 - "http://10.109.37.189/player.html" "Mozilla/5.0 (iPhone; CPU iPhone OS 5_0 like Mac OS X) AppleWebKit/534.46 (KHTML, like Gecko) Version/5.1 Mobile/9A334 Safari/7534.48.3"
10.109.116.237 - - [26/Oct/2011:16:07:03 -0600] "GET /js/player.js HTTP/1.1" 304 - "http://10.109.37.189/player.html" "Mozilla/5.0 (iPhone; CPU iPhone OS 5_0 like Mac OS X) AppleWebKit/534.46 (KHTML, like Gecko) Version/5.1 Mobile/9A334 Safari/7534.48.3"
10.109.116.237 - - [26/Oct/2011:16:07:03 -0600] "GET /js/player-connection.js HTTP/1.1" 304 - "http://10.109.37.189/player.html" "Mozilla/5.0 (iPhone; CPU iPhone OS 5_0 like Mac OS X) AppleWebKit/534.46 (KHTML, like Gecko) Version/5.1 Mobile/9A334 Safari/7534.48.3"
10.109.116.237 - - [26/Oct/2011:16:07:04 -0600] "GET /img/bowling-ball.jpg HTTP/1.1" 304 - "http://10.109.37.189/player.html" "Mozilla/5.0 (iPhone; CPU iPhone OS 5_0 like Mac OS X) AppleWebKit/534.46 (KHTML, like Gecko) Version/5.1 Mobile/9A334 Safari/7534.48.3"
::1 - - [26/Oct/2011:16:07:13 -0600] "OPTIONS * HTTP/1.0" 200 - "-" "Apache/2.2.20 (Unix) DAV/2 (internal dummy connection)"
::1 - - [26/Oct/2011:16:07:14 -0600] "OPTIONS * HTTP/1.0" 200 - "-" "Apache/2.2.20 (Unix) DAV/2 (internal dummy connection)"
10.109.116.237 - - [26/Oct/2011:16:08:29 -0600] "GET /player.html HTTP/1.1" 304 - "-" "Mozilla/5.0 (iPhone; CPU iPhone OS 5_0 like Mac OS X) AppleWebKit/534.46 (KHTML, like Gecko) Version/5.1 Mobile/9A334 Safari/7534.48.3"
10.109.116.237 - - [26/Oct/2011:16:08:29 -0600] "GET /js/player.js HTTP/1.1" 304 - "http://10.109.37.189/player.html" "Mozilla/5.0 (iPhone; CPU iPhone OS 5_0 like Mac OS X) AppleWebKit/534.46 (KHTML, like Gecko) Version/5.1 Mobile/9A334 Safari/7534.48.3"
10.109.116.237 - - [26/Oct/2011:16:08:29 -0600] "GET /js/player-connection.js HTTP/1.1" 200 300 "http://10.109.37.189/player.html" "Mozilla/5.0 (iPhone; CPU iPhone OS 5_0 like Mac OS X) AppleWebKit/534.46 (KHTML, like Gecko) Version/5.1 Mobile/9A334 Safari/7534.48.3"
10.109.116.237 - - [26/Oct/2011:16:34:24 -0600] "GET /player.html HTTP/1.1" 304 - "-" "Mozilla/5.0 (iPhone; CPU iPhone OS 5_0 like Mac OS X) AppleWebKit/534.46 (KHTML, like Gecko) Version/5.1 Mobile/9A334 Safari/7534.48.3"
10.109.116.237 - - [26/Oct/2011:16:34:25 -0600] "GET /js/player.js HTTP/1.1" 304 - "http://10.109.37.189/player.html" "Mozilla/5.0 (iPhone; CPU iPhone OS 5_0 like Mac OS X) AppleWebKit/534.46 (KHTML, like Gecko) Version/5.1 Mobile/9A334 Safari/7534.48.3"
10.109.116.237 - - [26/Oct/2011:16:34:25 -0600] "GET /js/player-connection.js HTTP/1.1" 304 - "http://10.109.37.189/player.html" "Mozilla/5.0 (iPhone; CPU iPhone OS 5_0 like Mac OS X) AppleWebKit/534.46 (KHTML, like Gecko) Version/5.1 Mobile/9A334 Safari/7534.48.3"
::1 - - [26/Oct/2011:16:34:26 -0600] "OPTIONS * HTTP/1.0" 200 - "-" "Apache/2.2.20 (Unix) DAV/2 (internal dummy connection)"
10.109.116.237 - - [26/Oct/2011:16:37:26 -0600] "GET /player.html HTTP/1.1" 304 - "-" "Mozilla/5.0 (iPhone; CPU iPhone OS 5_0 like Mac OS X) AppleWebKit/534.46 (KHTML, like Gecko) Version/5.1 Mobile/9A334 Safari/7534.48.3"
10.109.116.237 - - [26/Oct/2011:16:37:26 -0600] "GET /js/player.js HTTP/1.1" 304 - "http://10.109.37.189/player.html" "Mozilla/5.0 (iPhone; CPU iPhone OS 5_0 like Mac OS X) AppleWebKit/534.46 (KHTML, like Gecko) Version/5.1 Mobile/9A334 Safari/7534.48.3"
10.109.116.237 - - [26/Oct/2011:16:37:26 -0600] "GET /js/player-connection.js HTTP/1.1" 200 373 "http://10.109.37.189/player.html" "Mozilla/5.0 (iPhone; CPU iPhone OS 5_0 like Mac OS X) AppleWebKit/534.46 (KHTML, like Gecko) Version/5.1 Mobile/9A334 Safari/7534.48.3"
10.109.116.237 - - [26/Oct/2011:16:39:37 -0600] "GET /js/player-connection.js HTTP/1.1" 200 381 "http://10.109.37.189/player.html" "Mozilla/5.0 (iPhone; CPU iPhone OS 5_0 like Mac OS X) AppleWebKit/534.46 (KHTML, like Gecko) Version/5.1 Mobile/9A334 Safari/7534.48.3"
10.109.116.237 - - [26/Oct/2011:16:39:40 -0600] "GET /player.html HTTP/1.1" 200 686 "-" "Mozilla/5.0 (iPhone; CPU iPhone OS 5_0 like Mac OS X) AppleWebKit/534.46 (KHTML, like Gecko) Version/5.1 Mobile/9A334 Safari/7534.48.3"
10.109.116.237 - - [26/Oct/2011:16:39:40 -0600] "GET /js/lib/socket.io/socket.io.min.js HTTP/1.1" 304 - "http://10.109.37.189/player.html" "Mozilla/5.0 (iPhone; CPU iPhone OS 5_0 like Mac OS X) AppleWebKit/534.46 (KHTML, like Gecko) Version/5.1 Mobile/9A334 Safari/7534.48.3"
10.109.116.237 - - [26/Oct/2011:16:39:41 -0600] "GET /js/player.js HTTP/1.1" 200 3579 "http://10.109.37.189/player.html" "Mozilla/5.0 (iPhone; CPU iPhone OS 5_0 like Mac OS X) AppleWebKit/534.46 (KHTML, like Gecko) Version/5.1 Mobile/9A334 Safari/7534.48.3"
10.109.116.237 - - [26/Oct/2011:16:39:41 -0600] "GET /js/player-connection.js HTTP/1.1" 304 - "http://10.109.37.189/player.html" "Mozilla/5.0 (iPhone; CPU iPhone OS 5_0 like Mac OS X) AppleWebKit/534.46 (KHTML, like Gecko) Version/5.1 Mobile/9A334 Safari/7534.48.3"
10.109.116.237 - - [26/Oct/2011:16:39:41 -0600] "GET /img/bowling-ball.jpg HTTP/1.1" 304 - "http://10.109.37.189/player.html" "Mozilla/5.0 (iPhone; CPU iPhone OS 5_0 like Mac OS X) AppleWebKit/534.46 (KHTML, like Gecko) Version/5.1 Mobile/9A334 Safari/7534.48.3"
10.109.116.237 - - [26/Oct/2011:16:41:19 -0600] "GET /js/player.js HTTP/1.1" 200 3628 "http://10.109.37.189/player.html" "Mozilla/5.0 (iPhone; CPU iPhone OS 5_0 like Mac OS X) AppleWebKit/534.46 (KHTML, like Gecko) Version/5.1 Mobile/9A334 Safari/7534.48.3"
10.109.116.237 - - [26/Oct/2011:16:41:19 -0600] "GET /js/player-connection.js HTTP/1.1" 200 381 "http://10.109.37.189/player.html" "Mozilla/5.0 (iPhone; CPU iPhone OS 5_0 like Mac OS X) AppleWebKit/534.46 (KHTML, like Gecko) Version/5.1 Mobile/9A334 Safari/7534.48.3"
10.109.116.237 - - [26/Oct/2011:16:41:21 -0600] "GET /player.html HTTP/1.1" 200 686 "-" "Mozilla/5.0 (iPhone; CPU iPhone OS 5_0 like Mac OS X) AppleWebKit/534.46 (KHTML, like Gecko) Version/5.1 Mobile/9A334 Safari/7534.48.3"
10.109.116.237 - - [26/Oct/2011:16:41:21 -0600] "GET /js/lib/socket.io/socket.io.min.js HTTP/1.1" 304 - "http://10.109.37.189/player.html" "Mozilla/5.0 (iPhone; CPU iPhone OS 5_0 like Mac OS X) AppleWebKit/534.46 (KHTML, like Gecko) Version/5.1 Mobile/9A334 Safari/7534.48.3"
10.109.116.237 - - [26/Oct/2011:16:41:21 -0600] "GET /js/player.js HTTP/1.1" 304 - "http://10.109.37.189/player.html" "Mozilla/5.0 (iPhone; CPU iPhone OS 5_0 like Mac OS X) AppleWebKit/534.46 (KHTML, like Gecko) Version/5.1 Mobile/9A334 Safari/7534.48.3"
10.109.116.237 - - [26/Oct/2011:16:41:21 -0600] "GET /js/player-connection.js HTTP/1.1" 304 - "http://10.109.37.189/player.html" "Mozilla/5.0 (iPhone; CPU iPhone OS 5_0 like Mac OS X) AppleWebKit/534.46 (KHTML, like Gecko) Version/5.1 Mobile/9A334 Safari/7534.48.3"
10.109.116.237 - - [26/Oct/2011:16:41:21 -0600] "GET /img/bowling-ball.jpg HTTP/1.1" 304 - "http://10.109.37.189/player.html" "Mozilla/5.0 (iPhone; CPU iPhone OS 5_0 like Mac OS X) AppleWebKit/534.46 (KHTML, like Gecko) Version/5.1 Mobile/9A334 Safari/7534.48.3"
::1 - - [26/Oct/2011:16:41:32 -0600] "OPTIONS * HTTP/1.0" 200 - "-" "Apache/2.2.20 (Unix) DAV/2 (internal dummy connection)"
10.109.116.237 - - [26/Oct/2011:16:44:03 -0600] "GET /js/player.js HTTP/1.1" 200 3573 "http://10.109.37.189/player.html" "Mozilla/5.0 (iPhone; CPU iPhone OS 5_0 like Mac OS X) AppleWebKit/534.46 (KHTML, like Gecko) Version/5.1 Mobile/9A334 Safari/7534.48.3"
10.109.116.237 - - [26/Oct/2011:16:44:03 -0600] "GET /js/player-connection.js HTTP/1.1" 200 381 "http://10.109.37.189/player.html" "Mozilla/5.0 (iPhone; CPU iPhone OS 5_0 like Mac OS X) AppleWebKit/534.46 (KHTML, like Gecko) Version/5.1 Mobile/9A334 Safari/7534.48.3"
::1 - - [26/Oct/2011:16:44:15 -0600] "OPTIONS * HTTP/1.0" 200 - "-" "Apache/2.2.20 (Unix) DAV/2 (internal dummy connection)"
10.109.116.237 - - [26/Oct/2011:16:47:54 -0600] "GET /player.html HTTP/1.1" 304 - "-" "Mozilla/5.0 (iPhone; CPU iPhone OS 5_0 like Mac OS X) AppleWebKit/534.46 (KHTML, like Gecko) Version/5.1 Mobile/9A334 Safari/7534.48.3"
10.109.116.237 - - [26/Oct/2011:16:47:54 -0600] "GET /js/player.js HTTP/1.1" 200 3670 "http://10.109.37.189/player.html" "Mozilla/5.0 (iPhone; CPU iPhone OS 5_0 like Mac OS X) AppleWebKit/534.46 (KHTML, like Gecko) Version/5.1 Mobile/9A334 Safari/7534.48.3"
10.109.116.237 - - [26/Oct/2011:16:47:54 -0600] "GET /js/player-connection.js HTTP/1.1" 304 - "http://10.109.37.189/player.html" "Mozilla/5.0 (iPhone; CPU iPhone OS 5_0 like Mac OS X) AppleWebKit/534.46 (KHTML, like Gecko) Version/5.1 Mobile/9A334 Safari/7534.48.3"
10.109.116.237 - - [26/Oct/2011:16:50:16 -0600] "GET /js/player.js HTTP/1.1" 200 3760 "http://10.109.37.189/player.html" "Mozilla/5.0 (iPhone; CPU iPhone OS 5_0 like Mac OS X) AppleWebKit/534.46 (KHTML, like Gecko) Version/5.1 Mobile/9A334 Safari/7534.48.3"
10.109.116.237 - - [26/Oct/2011:16:50:16 -0600] "GET /js/player-connection.js HTTP/1.1" 304 - "http://10.109.37.189/player.html" "Mozilla/5.0 (iPhone; CPU iPhone OS 5_0 like Mac OS X) AppleWebKit/534.46 (KHTML, like Gecko) Version/5.1 Mobile/9A334 Safari/7534.48.3"
10.109.116.237 - - [26/Oct/2011:16:50:18 -0600] "GET /player.html HTTP/1.1" 200 686 "-" "Mozilla/5.0 (iPhone; CPU iPhone OS 5_0 like Mac OS X) AppleWebKit/534.46 (KHTML, like Gecko) Version/5.1 Mobile/9A334 Safari/7534.48.3"
10.109.116.237 - - [26/Oct/2011:16:50:18 -0600] "GET /js/lib/socket.io/socket.io.min.js HTTP/1.1" 304 - "http://10.109.37.189/player.html" "Mozilla/5.0 (iPhone; CPU iPhone OS 5_0 like Mac OS X) AppleWebKit/534.46 (KHTML, like Gecko) Version/5.1 Mobile/9A334 Safari/7534.48.3"
10.109.116.237 - - [26/Oct/2011:16:50:18 -0600] "GET /js/player.js HTTP/1.1" 304 - "http://10.109.37.189/player.html" "Mozilla/5.0 (iPhone; CPU iPhone OS 5_0 like Mac OS X) AppleWebKit/534.46 (KHTML, like Gecko) Version/5.1 Mobile/9A334 Safari/7534.48.3"
10.109.116.237 - - [26/Oct/2011:16:50:18 -0600] "GET /js/player-connection.js HTTP/1.1" 304 - "http://10.109.37.189/player.html" "Mozilla/5.0 (iPhone; CPU iPhone OS 5_0 like Mac OS X) AppleWebKit/534.46 (KHTML, like Gecko) Version/5.1 Mobile/9A334 Safari/7534.48.3"
10.109.116.237 - - [26/Oct/2011:16:50:19 -0600] "GET /img/bowling-ball.jpg HTTP/1.1" 304 - "http://10.109.37.189/player.html" "Mozilla/5.0 (iPhone; CPU iPhone OS 5_0 like Mac OS X) AppleWebKit/534.46 (KHTML, like Gecko) Version/5.1 Mobile/9A334 Safari/7534.48.3"
127.0.0.1 - - [26/Oct/2011:16:50:46 -0600] "GET /display.html HTTP/1.1" 200 597 "-" "Mozilla/5.0 (Macintosh; Intel Mac OS X 10_7_2) AppleWebKit/535.2 (KHTML, like Gecko) Chrome/15.0.874.102 Safari/535.2"
127.0.0.1 - - [26/Oct/2011:16:50:46 -0600] "GET /js/lib/Box2dWeb-2.1.a.3.min.js HTTP/1.1" 304 - "http://localhost/display.html" "Mozilla/5.0 (Macintosh; Intel Mac OS X 10_7_2) AppleWebKit/535.2 (KHTML, like Gecko) Chrome/15.0.874.102 Safari/535.2"
127.0.0.1 - - [26/Oct/2011:16:50:46 -0600] "GET /js/lib/socket.io/socket.io.min.js HTTP/1.1" 304 - "http://localhost/display.html" "Mozilla/5.0 (Macintosh; Intel Mac OS X 10_7_2) AppleWebKit/535.2 (KHTML, like Gecko) Chrome/15.0.874.102 Safari/535.2"
127.0.0.1 - - [26/Oct/2011:16:50:46 -0600] "GET /js/display.js HTTP/1.1" 304 - "http://localhost/display.html" "Mozilla/5.0 (Macintosh; Intel Mac OS X 10_7_2) AppleWebKit/535.2 (KHTML, like Gecko) Chrome/15.0.874.102 Safari/535.2"
127.0.0.1 - - [26/Oct/2011:16:50:47 -0600] "GET /js/display-connection.js HTTP/1.1" 304 - "http://localhost/display.html" "Mozilla/5.0 (Macintosh; Intel Mac OS X 10_7_2) AppleWebKit/535.2 (KHTML, like Gecko) Chrome/15.0.874.102 Safari/535.2"
127.0.0.1 - - [26/Oct/2011:16:50:48 -0600] "GET /favicon.ico HTTP/1.1" 404 288 "-" "Mozilla/5.0 (Macintosh; Intel Mac OS X 10_7_2) AppleWebKit/535.2 (KHTML, like Gecko) Chrome/15.0.874.102 Safari/535.2"
::1 - - [26/Oct/2011:16:50:49 -0600] "OPTIONS * HTTP/1.0" 200 - "-" "Apache/2.2.20 (Unix) DAV/2 (internal dummy connection)"
::1 - - [26/Oct/2011:16:50:50 -0600] "OPTIONS * HTTP/1.0" 200 - "-" "Apache/2.2.20 (Unix) DAV/2 (internal dummy connection)"
::1 - - [26/Oct/2011:16:51:03 -0600] "OPTIONS * HTTP/1.0" 200 - "-" "Apache/2.2.20 (Unix) DAV/2 (internal dummy connection)"
::1 - - [26/Oct/2011:16:51:04 -0600] "OPTIONS * HTTP/1.0" 200 - "-" "Apache/2.2.20 (Unix) DAV/2 (internal dummy connection)"
::1 - - [26/Oct/2011:16:51:05 -0600] "OPTIONS * HTTP/1.0" 200 - "-" "Apache/2.2.20 (Unix) DAV/2 (internal dummy connection)"
::1 - - [26/Oct/2011:16:51:06 -0600] "OPTIONS * HTTP/1.0" 200 - "-" "Apache/2.2.20 (Unix) DAV/2 (internal dummy connection)"
::1 - - [26/Oct/2011:16:51:07 -0600] "OPTIONS * HTTP/1.0" 200 - "-" "Apache/2.2.20 (Unix) DAV/2 (internal dummy connection)"
10.109.116.237 - - [26/Oct/2011:16:52:22 -0600] "GET /player.html HTTP/1.1" 200 686 "-" "Mozilla/5.0 (iPhone; CPU iPhone OS 5_0 like Mac OS X) AppleWebKit/534.46 (KHTML, like Gecko) Version/5.1 Mobile/9A334 Safari/7534.48.3"
10.109.116.237 - - [26/Oct/2011:16:52:22 -0600] "GET /js/lib/socket.io/socket.io.min.js HTTP/1.1" 304 - "http://10.109.37.189/player.html" "Mozilla/5.0 (iPhone; CPU iPhone OS 5_0 like Mac OS X) AppleWebKit/534.46 (KHTML, like Gecko) Version/5.1 Mobile/9A334 Safari/7534.48.3"
10.109.116.237 - - [26/Oct/2011:16:52:22 -0600] "GET /js/player-connection.js HTTP/1.1" 304 - "http://10.109.37.189/player.html" "Mozilla/5.0 (iPhone; CPU iPhone OS 5_0 like Mac OS X) AppleWebKit/534.46 (KHTML, like Gecko) Version/5.1 Mobile/9A334 Safari/7534.48.3"
10.109.116.237 - - [26/Oct/2011:16:52:22 -0600] "GET /js/player.js HTTP/1.1" 304 - "http://10.109.37.189/player.html" "Mozilla/5.0 (iPhone; CPU iPhone OS 5_0 like Mac OS X) AppleWebKit/534.46 (KHTML, like Gecko) Version/5.1 Mobile/9A334 Safari/7534.48.3"
10.109.116.237 - - [26/Oct/2011:16:52:22 -0600] "GET /img/bowling-ball.jpg HTTP/1.1" 304 - "http://10.109.37.189/player.html" "Mozilla/5.0 (iPhone; CPU iPhone OS 5_0 like Mac OS X) AppleWebKit/534.46 (KHTML, like Gecko) Version/5.1 Mobile/9A334 Safari/7534.48.3"
::1 - - [26/Oct/2011:16:52:34 -0600] "OPTIONS * HTTP/1.0" 200 - "-" "Apache/2.2.20 (Unix) DAV/2 (internal dummy connection)"
127.0.0.1 - - [26/Oct/2011:16:53:19 -0600] "GET /display.html HTTP/1.1" 200 597 "-" "Mozilla/5.0 (Macintosh; Intel Mac OS X 10_7_2) AppleWebKit/535.2 (KHTML, like Gecko) Chrome/15.0.874.102 Safari/535.2"
127.0.0.1 - - [26/Oct/2011:16:53:19 -0600] "GET /js/lib/socket.io/socket.io.min.js HTTP/1.1" 304 - "http://localhost/display.html" "Mozilla/5.0 (Macintosh; Intel Mac OS X 10_7_2) AppleWebKit/535.2 (KHTML, like Gecko) Chrome/15.0.874.102 Safari/535.2"
127.0.0.1 - - [26/Oct/2011:16:53:19 -0600] "GET /js/lib/Box2dWeb-2.1.a.3.min.js HTTP/1.1" 304 - "http://localhost/display.html" "Mozilla/5.0 (Macintosh; Intel Mac OS X 10_7_2) AppleWebKit/535.2 (KHTML, like Gecko) Chrome/15.0.874.102 Safari/535.2"
127.0.0.1 - - [26/Oct/2011:16:53:20 -0600] "GET /js/display.js HTTP/1.1" 304 - "http://localhost/display.html" "Mozilla/5.0 (Macintosh; Intel Mac OS X 10_7_2) AppleWebKit/535.2 (KHTML, like Gecko) Chrome/15.0.874.102 Safari/535.2"
127.0.0.1 - - [26/Oct/2011:16:53:21 -0600] "GET /js/display-connection.js HTTP/1.1" 304 - "http://localhost/display.html" "Mozilla/5.0 (Macintosh; Intel Mac OS X 10_7_2) AppleWebKit/535.2 (KHTML, like Gecko) Chrome/15.0.874.102 Safari/535.2"
127.0.0.1 - - [26/Oct/2011:16:53:21 -0600] "GET /favicon.ico HTTP/1.1" 404 288 "-" "Mozilla/5.0 (Macintosh; Intel Mac OS X 10_7_2) AppleWebKit/535.2 (KHTML, like Gecko) Chrome/15.0.874.102 Safari/535.2"
::1 - - [26/Oct/2011:16:53:23 -0600] "OPTIONS * HTTP/1.0" 200 - "-" "Apache/2.2.20 (Unix) DAV/2 (internal dummy connection)"
::1 - - [26/Oct/2011:16:53:24 -0600] "OPTIONS * HTTP/1.0" 200 - "-" "Apache/2.2.20 (Unix) DAV/2 (internal dummy connection)"
::1 - - [26/Oct/2011:16:53:34 -0600] "OPTIONS * HTTP/1.0" 200 - "-" "Apache/2.2.20 (Unix) DAV/2 (internal dummy connection)"
::1 - - [26/Oct/2011:16:53:37 -0600] "OPTIONS * HTTP/1.0" 200 - "-" "Apache/2.2.20 (Unix) DAV/2 (internal dummy connection)"
::1 - - [26/Oct/2011:16:53:38 -0600] "OPTIONS * HTTP/1.0" 200 - "-" "Apache/2.2.20 (Unix) DAV/2 (internal dummy connection)"
::1 - - [26/Oct/2011:16:53:39 -0600] "OPTIONS * HTTP/1.0" 200 - "-" "Apache/2.2.20 (Unix) DAV/2 (internal dummy connection)"
::1 - - [26/Oct/2011:16:53:40 -0600] "OPTIONS * HTTP/1.0" 200 - "-" "Apache/2.2.20 (Unix) DAV/2 (internal dummy connection)"
127.0.0.1 - - [26/Oct/2011:16:53:51 -0600] "GET /display.html HTTP/1.1" 200 597 "-" "Mozilla/5.0 (Macintosh; Intel Mac OS X 10_7_2) AppleWebKit/535.2 (KHTML, like Gecko) Chrome/15.0.874.102 Safari/535.2"
127.0.0.1 - - [26/Oct/2011:16:53:51 -0600] "GET /js/lib/Box2dWeb-2.1.a.3.min.js HTTP/1.1" 304 - "http://localhost/display.html" "Mozilla/5.0 (Macintosh; Intel Mac OS X 10_7_2) AppleWebKit/535.2 (KHTML, like Gecko) Chrome/15.0.874.102 Safari/535.2"
127.0.0.1 - - [26/Oct/2011:16:53:51 -0600] "GET /js/lib/socket.io/socket.io.min.js HTTP/1.1" 304 - "http://localhost/display.html" "Mozilla/5.0 (Macintosh; Intel Mac OS X 10_7_2) AppleWebKit/535.2 (KHTML, like Gecko) Chrome/15.0.874.102 Safari/535.2"
127.0.0.1 - - [26/Oct/2011:16:53:52 -0600] "GET /js/display.js HTTP/1.1" 304 - "http://localhost/display.html" "Mozilla/5.0 (Macintosh; Intel Mac OS X 10_7_2) AppleWebKit/535.2 (KHTML, like Gecko) Chrome/15.0.874.102 Safari/535.2"
127.0.0.1 - - [26/Oct/2011:16:53:53 -0600] "GET /js/display-connection.js HTTP/1.1" 304 - "http://localhost/display.html" "Mozilla/5.0 (Macintosh; Intel Mac OS X 10_7_2) AppleWebKit/535.2 (KHTML, like Gecko) Chrome/15.0.874.102 Safari/535.2"
127.0.0.1 - - [26/Oct/2011:16:53:53 -0600] "GET /favicon.ico HTTP/1.1" 404 288 "-" "Mozilla/5.0 (Macintosh; Intel Mac OS X 10_7_2) AppleWebKit/535.2 (KHTML, like Gecko) Chrome/15.0.874.102 Safari/535.2"
::1 - - [26/Oct/2011:16:53:55 -0600] "OPTIONS * HTTP/1.0" 200 - "-" "Apache/2.2.20 (Unix) DAV/2 (internal dummy connection)"
::1 - - [26/Oct/2011:16:53:56 -0600] "OPTIONS * HTTP/1.0" 200 - "-" "Apache/2.2.20 (Unix) DAV/2 (internal dummy connection)"
::1 - - [26/Oct/2011:16:54:04 -0600] "OPTIONS * HTTP/1.0" 200 - "-" "Apache/2.2.20 (Unix) DAV/2 (internal dummy connection)"
::1 - - [26/Oct/2011:16:54:09 -0600] "OPTIONS * HTTP/1.0" 200 - "-" "Apache/2.2.20 (Unix) DAV/2 (internal dummy connection)"
::1 - - [26/Oct/2011:16:54:10 -0600] "OPTIONS * HTTP/1.0" 200 - "-" "Apache/2.2.20 (Unix) DAV/2 (internal dummy connection)"
::1 - - [26/Oct/2011:16:54:11 -0600] "OPTIONS * HTTP/1.0" 200 - "-" "Apache/2.2.20 (Unix) DAV/2 (internal dummy connection)"
::1 - - [26/Oct/2011:16:54:12 -0600] "OPTIONS * HTTP/1.0" 200 - "-" "Apache/2.2.20 (Unix) DAV/2 (internal dummy connection)"
127.0.0.1 - - [26/Oct/2011:16:54:56 -0600] "GET /display.html HTTP/1.1" 200 597 "-" "Mozilla/5.0 (Macintosh; Intel Mac OS X 10_7_2) AppleWebKit/535.2 (KHTML, like Gecko) Chrome/15.0.874.102 Safari/535.2"
127.0.0.1 - - [26/Oct/2011:16:54:56 -0600] "GET /js/lib/Box2dWeb-2.1.a.3.min.js HTTP/1.1" 304 - "http://localhost/display.html" "Mozilla/5.0 (Macintosh; Intel Mac OS X 10_7_2) AppleWebKit/535.2 (KHTML, like Gecko) Chrome/15.0.874.102 Safari/535.2"
127.0.0.1 - - [26/Oct/2011:16:54:56 -0600] "GET /js/lib/socket.io/socket.io.min.js HTTP/1.1" 304 - "http://localhost/display.html" "Mozilla/5.0 (Macintosh; Intel Mac OS X 10_7_2) AppleWebKit/535.2 (KHTML, like Gecko) Chrome/15.0.874.102 Safari/535.2"
127.0.0.1 - - [26/Oct/2011:16:54:57 -0600] "GET /js/display.js HTTP/1.1" 304 - "http://localhost/display.html" "Mozilla/5.0 (Macintosh; Intel Mac OS X 10_7_2) AppleWebKit/535.2 (KHTML, like Gecko) Chrome/15.0.874.102 Safari/535.2"
127.0.0.1 - - [26/Oct/2011:16:54:58 -0600] "GET /js/display-connection.js HTTP/1.1" 304 - "http://localhost/display.html" "Mozilla/5.0 (Macintosh; Intel Mac OS X 10_7_2) AppleWebKit/535.2 (KHTML, like Gecko) Chrome/15.0.874.102 Safari/535.2"
127.0.0.1 - - [26/Oct/2011:16:54:58 -0600] "GET /favicon.ico HTTP/1.1" 404 288 "-" "Mozilla/5.0 (Macintosh; Intel Mac OS X 10_7_2) AppleWebKit/535.2 (KHTML, like Gecko) Chrome/15.0.874.102 Safari/535.2"
::1 - - [26/Oct/2011:16:55:00 -0600] "OPTIONS * HTTP/1.0" 200 - "-" "Apache/2.2.20 (Unix) DAV/2 (internal dummy connection)"
::1 - - [26/Oct/2011:16:55:01 -0600] "OPTIONS * HTTP/1.0" 200 - "-" "Apache/2.2.20 (Unix) DAV/2 (internal dummy connection)"
10.109.116.237 - - [26/Oct/2011:16:55:11 -0600] "GET /player.html HTTP/1.1" 200 686 "-" "Mozilla/5.0 (iPhone; CPU iPhone OS 5_0 like Mac OS X) AppleWebKit/534.46 (KHTML, like Gecko) Version/5.1 Mobile/9A334 Safari/7534.48.3"
10.109.116.237 - - [26/Oct/2011:16:55:11 -0600] "GET /js/lib/socket.io/socket.io.min.js HTTP/1.1" 304 - "http://10.109.37.189/player.html" "Mozilla/5.0 (iPhone; CPU iPhone OS 5_0 like Mac OS X) AppleWebKit/534.46 (KHTML, like Gecko) Version/5.1 Mobile/9A334 Safari/7534.48.3"
10.109.116.237 - - [26/Oct/2011:16:55:11 -0600] "GET /js/player.js HTTP/1.1" 304 - "http://10.109.37.189/player.html" "Mozilla/5.0 (iPhone; CPU iPhone OS 5_0 like Mac OS X) AppleWebKit/534.46 (KHTML, like Gecko) Version/5.1 Mobile/9A334 Safari/7534.48.3"
10.109.116.237 - - [26/Oct/2011:16:55:11 -0600] "GET /js/player-connection.js HTTP/1.1" 304 - "http://10.109.37.189/player.html" "Mozilla/5.0 (iPhone; CPU iPhone OS 5_0 like Mac OS X) AppleWebKit/534.46 (KHTML, like Gecko) Version/5.1 Mobile/9A334 Safari/7534.48.3"
10.109.116.237 - - [26/Oct/2011:16:55:12 -0600] "GET /img/bowling-ball.jpg HTTP/1.1" 304 - "http://10.109.37.189/player.html" "Mozilla/5.0 (iPhone; CPU iPhone OS 5_0 like Mac OS X) AppleWebKit/534.46 (KHTML, like Gecko) Version/5.1 Mobile/9A334 Safari/7534.48.3"
::1 - - [26/Oct/2011:16:55:14 -0600] "OPTIONS * HTTP/1.0" 200 - "-" "Apache/2.2.20 (Unix) DAV/2 (internal dummy connection)"
::1 - - [26/Oct/2011:16:55:15 -0600] "OPTIONS * HTTP/1.0" 200 - "-" "Apache/2.2.20 (Unix) DAV/2 (internal dummy connection)"
::1 - - [26/Oct/2011:16:55:16 -0600] "OPTIONS * HTTP/1.0" 200 - "-" "Apache/2.2.20 (Unix) DAV/2 (internal dummy connection)"
::1 - - [26/Oct/2011:16:55:17 -0600] "OPTIONS * HTTP/1.0" 200 - "-" "Apache/2.2.20 (Unix) DAV/2 (internal dummy connection)"
::1 - - [26/Oct/2011:16:55:24 -0600] "OPTIONS * HTTP/1.0" 200 - "-" "Apache/2.2.20 (Unix) DAV/2 (internal dummy connection)"
::1 - - [26/Oct/2011:16:55:25 -0600] "OPTIONS * HTTP/1.0" 200 - "-" "Apache/2.2.20 (Unix) DAV/2 (internal dummy connection)"
127.0.0.1 - - [27/Oct/2011:08:25:13 -0600] "GET / HTTP/1.1" 200 413 "-" "Mozilla/5.0 (Macintosh; Intel Mac OS X 10_7_2) AppleWebKit/535.2 (KHTML, like Gecko) Chrome/15.0.874.102 Safari/535.2"
127.0.0.1 - - [27/Oct/2011:08:25:13 -0600] "GET /js/web-bowling.js HTTP/1.1" 404 294 "http://localhost/" "Mozilla/5.0 (Macintosh; Intel Mac OS X 10_7_2) AppleWebKit/535.2 (KHTML, like Gecko) Chrome/15.0.874.102 Safari/535.2"
127.0.0.1 - - [27/Oct/2011:08:25:13 -0600] "GET /favicon.ico HTTP/1.1" 404 288 "-" "Mozilla/5.0 (Macintosh; Intel Mac OS X 10_7_2) AppleWebKit/535.2 (KHTML, like Gecko) Chrome/15.0.874.102 Safari/535.2"
127.0.0.1 - - [27/Oct/2011:08:25:22 -0600] "GET /display.html HTTP/1.1" 200 597 "http://localhost/" "Mozilla/5.0 (Macintosh; Intel Mac OS X 10_7_2) AppleWebKit/535.2 (KHTML, like Gecko) Chrome/15.0.874.102 Safari/535.2"
127.0.0.1 - - [27/Oct/2011:08:25:22 -0600] "GET /js/display-connection.js HTTP/1.1" 200 442 "http://localhost/display.html" "Mozilla/5.0 (Macintosh; Intel Mac OS X 10_7_2) AppleWebKit/535.2 (KHTML, like Gecko) Chrome/15.0.874.102 Safari/535.2"
127.0.0.1 - - [27/Oct/2011:08:25:22 -0600] "GET /js/display.js HTTP/1.1" 200 6578 "http://localhost/display.html" "Mozilla/5.0 (Macintosh; Intel Mac OS X 10_7_2) AppleWebKit/535.2 (KHTML, like Gecko) Chrome/15.0.874.102 Safari/535.2"
127.0.0.1 - - [27/Oct/2011:08:25:22 -0600] "GET /js/lib/socket.io/socket.io.min.js HTTP/1.1" 200 42269 "http://localhost/display.html" "Mozilla/5.0 (Macintosh; Intel Mac OS X 10_7_2) AppleWebKit/535.2 (KHTML, like Gecko) Chrome/15.0.874.102 Safari/535.2"
127.0.0.1 - - [27/Oct/2011:08:25:22 -0600] "GET /js/lib/Box2dWeb-2.1.a.3.min.js HTTP/1.1" 200 224935 "http://localhost/display.html" "Mozilla/5.0 (Macintosh; Intel Mac OS X 10_7_2) AppleWebKit/535.2 (KHTML, like Gecko) Chrome/15.0.874.102 Safari/535.2"
127.0.0.1 - - [27/Oct/2011:08:25:23 -0600] "GET /favicon.ico HTTP/1.1" 404 288 "-" "Mozilla/5.0 (Macintosh; Intel Mac OS X 10_7_2) AppleWebKit/535.2 (KHTML, like Gecko) Chrome/15.0.874.102 Safari/535.2"
::1 - - [27/Oct/2011:08:25:40 -0600] "OPTIONS * HTTP/1.0" 200 - "-" "Apache/2.2.20 (Unix) DAV/2 (internal dummy connection)"
::1 - - [27/Oct/2011:08:25:41 -0600] "OPTIONS * HTTP/1.0" 200 - "-" "Apache/2.2.20 (Unix) DAV/2 (internal dummy connection)"
::1 - - [27/Oct/2011:08:25:42 -0600] "OPTIONS * HTTP/1.0" 200 - "-" "Apache/2.2.20 (Unix) DAV/2 (internal dummy connection)"
10.109.116.237 - - [27/Oct/2011:08:26:07 -0600] "GET / HTTP/1.1" 304 - "-" "Mozilla/5.0 (iPhone; CPU iPhone OS 5_0 like Mac OS X) AppleWebKit/534.46 (KHTML, like Gecko) Version/5.1 Mobile/9A334 Safari/7534.48.3"
10.109.116.237 - - [27/Oct/2011:08:26:07 -0600] "GET /js/web-bowling.js HTTP/1.1" 404 298 "http://10.109.37.189/" "Mozilla/5.0 (iPhone; CPU iPhone OS 5_0 like Mac OS X) AppleWebKit/534.46 (KHTML, like Gecko) Version/5.1 Mobile/9A334 Safari/7534.48.3"
10.109.116.237 - - [27/Oct/2011:08:26:09 -0600] "GET /player.html HTTP/1.1" 304 - "http://10.109.37.189/" "Mozilla/5.0 (iPhone; CPU iPhone OS 5_0 like Mac OS X) AppleWebKit/534.46 (KHTML, like Gecko) Version/5.1 Mobile/9A334 Safari/7534.48.3"
10.109.116.237 - - [27/Oct/2011:08:26:09 -0600] "GET /js/player.js HTTP/1.1" 304 - "http://10.109.37.189/player.html" "Mozilla/5.0 (iPhone; CPU iPhone OS 5_0 like Mac OS X) AppleWebKit/534.46 (KHTML, like Gecko) Version/5.1 Mobile/9A334 Safari/7534.48.3"
10.109.116.237 - - [27/Oct/2011:08:26:09 -0600] "GET /js/player-connection.js HTTP/1.1" 304 - "http://10.109.37.189/player.html" "Mozilla/5.0 (iPhone; CPU iPhone OS 5_0 like Mac OS X) AppleWebKit/534.46 (KHTML, like Gecko) Version/5.1 Mobile/9A334 Safari/7534.48.3"
10.109.116.237 - - [27/Oct/2011:08:27:34 -0600] "GET /player.html HTTP/1.1" 200 686 "http://10.109.37.189/" "Mozilla/5.0 (iPhone; CPU iPhone OS 5_0 like Mac OS X) AppleWebKit/534.46 (KHTML, like Gecko) Version/5.1 Mobile/9A334 Safari/7534.48.3"
10.109.116.237 - - [27/Oct/2011:08:27:34 -0600] "GET /js/lib/socket.io/socket.io.min.js HTTP/1.1" 304 - "http://10.109.37.189/player.html" "Mozilla/5.0 (iPhone; CPU iPhone OS 5_0 like Mac OS X) AppleWebKit/534.46 (KHTML, like Gecko) Version/5.1 Mobile/9A334 Safari/7534.48.3"
10.109.116.237 - - [27/Oct/2011:08:27:34 -0600] "GET /js/player.js HTTP/1.1" 304 - "http://10.109.37.189/player.html" "Mozilla/5.0 (iPhone; CPU iPhone OS 5_0 like Mac OS X) AppleWebKit/534.46 (KHTML, like Gecko) Version/5.1 Mobile/9A334 Safari/7534.48.3"
10.109.116.237 - - [27/Oct/2011:08:27:35 -0600] "GET /js/player-connection.js HTTP/1.1" 304 - "http://10.109.37.189/player.html" "Mozilla/5.0 (iPhone; CPU iPhone OS 5_0 like Mac OS X) AppleWebKit/534.46 (KHTML, like Gecko) Version/5.1 Mobile/9A334 Safari/7534.48.3"
10.109.116.237 - - [27/Oct/2011:08:27:35 -0600] "GET /img/bowling-ball.jpg HTTP/1.1" 304 - "http://10.109.37.189/player.html" "Mozilla/5.0 (iPhone; CPU iPhone OS 5_0 like Mac OS X) AppleWebKit/534.46 (KHTML, like Gecko) Version/5.1 Mobile/9A334 Safari/7534.48.3"
127.0.0.1 - - [27/Oct/2011:08:27:39 -0600] "GET /display.html HTTP/1.1" 304 - "http://localhost/" "Mozilla/5.0 (Macintosh; Intel Mac OS X 10_7_2) AppleWebKit/535.2 (KHTML, like Gecko) Chrome/15.0.874.102 Safari/535.2"
127.0.0.1 - - [27/Oct/2011:08:27:39 -0600] "GET /js/lib/socket.io/socket.io.min.js HTTP/1.1" 304 - "http://localhost/display.html" "Mozilla/5.0 (Macintosh; Intel Mac OS X 10_7_2) AppleWebKit/535.2 (KHTML, like Gecko) Chrome/15.0.874.102 Safari/535.2"
127.0.0.1 - - [27/Oct/2011:08:27:39 -0600] "GET /js/display.js HTTP/1.1" 304 - "http://localhost/display.html" "Mozilla/5.0 (Macintosh; Intel Mac OS X 10_7_2) AppleWebKit/535.2 (KHTML, like Gecko) Chrome/15.0.874.102 Safari/535.2"
127.0.0.1 - - [27/Oct/2011:08:27:39 -0600] "GET /js/display-connection.js HTTP/1.1" 304 - "http://localhost/display.html" "Mozilla/5.0 (Macintosh; Intel Mac OS X 10_7_2) AppleWebKit/535.2 (KHTML, like Gecko) Chrome/15.0.874.102 Safari/535.2"
127.0.0.1 - - [27/Oct/2011:08:27:39 -0600] "GET /favicon.ico HTTP/1.1" 404 288 "-" "Mozilla/5.0 (Macintosh; Intel Mac OS X 10_7_2) AppleWebKit/535.2 (KHTML, like Gecko) Chrome/15.0.874.102 Safari/535.2"
::1 - - [27/Oct/2011:08:27:42 -0600] "OPTIONS * HTTP/1.0" 200 - "-" "Apache/2.2.20 (Unix) DAV/2 (internal dummy connection)"
::1 - - [27/Oct/2011:08:27:43 -0600] "OPTIONS * HTTP/1.0" 200 - "-" "Apache/2.2.20 (Unix) DAV/2 (internal dummy connection)"
::1 - - [27/Oct/2011:08:27:46 -0600] "OPTIONS * HTTP/1.0" 200 - "-" "Apache/2.2.20 (Unix) DAV/2 (internal dummy connection)"
::1 - - [27/Oct/2011:08:27:47 -0600] "OPTIONS * HTTP/1.0" 200 - "-" "Apache/2.2.20 (Unix) DAV/2 (internal dummy connection)"
::1 - - [27/Oct/2011:08:27:48 -0600] "OPTIONS * HTTP/1.0" 200 - "-" "Apache/2.2.20 (Unix) DAV/2 (internal dummy connection)"
10.109.116.237 - - [27/Oct/2011:08:27:51 -0600] "GET /player.html HTTP/1.1" 200 686 "http://10.109.37.189/" "Mozilla/5.0 (iPhone; CPU iPhone OS 5_0 like Mac OS X) AppleWebKit/534.46 (KHTML, like Gecko) Version/5.1 Mobile/9A334 Safari/7534.48.3"
10.109.116.237 - - [27/Oct/2011:08:27:51 -0600] "GET /js/lib/socket.io/socket.io.min.js HTTP/1.1" 304 - "http://10.109.37.189/player.html" "Mozilla/5.0 (iPhone; CPU iPhone OS 5_0 like Mac OS X) AppleWebKit/534.46 (KHTML, like Gecko) Version/5.1 Mobile/9A334 Safari/7534.48.3"
10.109.116.237 - - [27/Oct/2011:08:27:51 -0600] "GET /js/player.js HTTP/1.1" 304 - "http://10.109.37.189/player.html" "Mozilla/5.0 (iPhone; CPU iPhone OS 5_0 like Mac OS X) AppleWebKit/534.46 (KHTML, like Gecko) Version/5.1 Mobile/9A334 Safari/7534.48.3"
10.109.116.237 - - [27/Oct/2011:08:27:51 -0600] "GET /js/player-connection.js HTTP/1.1" 304 - "http://10.109.37.189/player.html" "Mozilla/5.0 (iPhone; CPU iPhone OS 5_0 like Mac OS X) AppleWebKit/534.46 (KHTML, like Gecko) Version/5.1 Mobile/9A334 Safari/7534.48.3"
10.109.116.237 - - [27/Oct/2011:08:27:52 -0600] "GET /img/bowling-ball.jpg HTTP/1.1" 304 - "http://10.109.37.189/player.html" "Mozilla/5.0 (iPhone; CPU iPhone OS 5_0 like Mac OS X) AppleWebKit/534.46 (KHTML, like Gecko) Version/5.1 Mobile/9A334 Safari/7534.48.3"
::1 - - [27/Oct/2011:08:27:53 -0600] "OPTIONS * HTTP/1.0" 200 - "-" "Apache/2.2.20 (Unix) DAV/2 (internal dummy connection)"
::1 - - [27/Oct/2011:08:27:56 -0600] "OPTIONS * HTTP/1.0" 200 - "-" "Apache/2.2.20 (Unix) DAV/2 (internal dummy connection)"
::1 - - [27/Oct/2011:08:27:57 -0600] "OPTIONS * HTTP/1.0" 200 - "-" "Apache/2.2.20 (Unix) DAV/2 (internal dummy connection)"
::1 - - [27/Oct/2011:08:27:58 -0600] "OPTIONS * HTTP/1.0" 200 - "-" "Apache/2.2.20 (Unix) DAV/2 (internal dummy connection)"
::1 - - [27/Oct/2011:08:28:03 -0600] "OPTIONS * HTTP/1.0" 200 - "-" "Apache/2.2.20 (Unix) DAV/2 (internal dummy connection)"
::1 - - [27/Oct/2011:08:28:04 -0600] "OPTIONS * HTTP/1.0" 200 - "-" "Apache/2.2.20 (Unix) DAV/2 (internal dummy connection)"
127.0.0.1 - - [27/Oct/2011:08:29:05 -0600] "GET /display.html HTTP/1.1" 304 - "http://localhost/" "Mozilla/5.0 (Macintosh; Intel Mac OS X 10_7_2) AppleWebKit/535.2 (KHTML, like Gecko) Chrome/15.0.874.102 Safari/535.2"
127.0.0.1 - - [27/Oct/2011:08:29:05 -0600] "GET /js/lib/socket.io/socket.io.min.js HTTP/1.1" 304 - "http://localhost/display.html" "Mozilla/5.0 (Macintosh; Intel Mac OS X 10_7_2) AppleWebKit/535.2 (KHTML, like Gecko) Chrome/15.0.874.102 Safari/535.2"
127.0.0.1 - - [27/Oct/2011:08:29:05 -0600] "GET /js/lib/Box2dWeb-2.1.a.3.min.js HTTP/1.1" 304 - "http://localhost/display.html" "Mozilla/5.0 (Macintosh; Intel Mac OS X 10_7_2) AppleWebKit/535.2 (KHTML, like Gecko) Chrome/15.0.874.102 Safari/535.2"
127.0.0.1 - - [27/Oct/2011:08:29:05 -0600] "GET /js/display.js HTTP/1.1" 304 - "http://localhost/display.html" "Mozilla/5.0 (Macintosh; Intel Mac OS X 10_7_2) AppleWebKit/535.2 (KHTML, like Gecko) Chrome/15.0.874.102 Safari/535.2"
127.0.0.1 - - [27/Oct/2011:08:29:06 -0600] "GET /js/display-connection.js HTTP/1.1" 304 - "http://localhost/display.html" "Mozilla/5.0 (Macintosh; Intel Mac OS X 10_7_2) AppleWebKit/535.2 (KHTML, like Gecko) Chrome/15.0.874.102 Safari/535.2"
127.0.0.1 - - [27/Oct/2011:08:29:06 -0600] "GET /favicon.ico HTTP/1.1" 404 288 "-" "Mozilla/5.0 (Macintosh; Intel Mac OS X 10_7_2) AppleWebKit/535.2 (KHTML, like Gecko) Chrome/15.0.874.102 Safari/535.2"
10.109.116.237 - - [27/Oct/2011:08:29:15 -0600] "GET /player.html HTTP/1.1" 200 686 "http://10.109.37.189/" "Mozilla/5.0 (iPhone; CPU iPhone OS 5_0 like Mac OS X) AppleWebKit/534.46 (KHTML, like Gecko) Version/5.1 Mobile/9A334 Safari/7534.48.3"
10.109.116.237 - - [27/Oct/2011:08:29:15 -0600] "GET /js/lib/socket.io/socket.io.min.js HTTP/1.1" 304 - "http://10.109.37.189/player.html" "Mozilla/5.0 (iPhone; CPU iPhone OS 5_0 like Mac OS X) AppleWebKit/534.46 (KHTML, like Gecko) Version/5.1 Mobile/9A334 Safari/7534.48.3"
10.109.116.237 - - [27/Oct/2011:08:29:15 -0600] "GET /js/player.js HTTP/1.1" 304 - "http://10.109.37.189/player.html" "Mozilla/5.0 (iPhone; CPU iPhone OS 5_0 like Mac OS X) AppleWebKit/534.46 (KHTML, like Gecko) Version/5.1 Mobile/9A334 Safari/7534.48.3"
10.109.116.237 - - [27/Oct/2011:08:29:16 -0600] "GET /js/player-connection.js HTTP/1.1" 304 - "http://10.109.37.189/player.html" "Mozilla/5.0 (iPhone; CPU iPhone OS 5_0 like Mac OS X) AppleWebKit/534.46 (KHTML, like Gecko) Version/5.1 Mobile/9A334 Safari/7534.48.3"
10.109.116.237 - - [27/Oct/2011:08:29:17 -0600] "GET /img/bowling-ball.jpg HTTP/1.1" 304 - "http://10.109.37.189/player.html" "Mozilla/5.0 (iPhone; CPU iPhone OS 5_0 like Mac OS X) AppleWebKit/534.46 (KHTML, like Gecko) Version/5.1 Mobile/9A334 Safari/7534.48.3"
::1 - - [27/Oct/2011:08:29:22 -0600] "OPTIONS * HTTP/1.0" 200 - "-" "Apache/2.2.20 (Unix) DAV/2 (internal dummy connection)"
::1 - - [27/Oct/2011:08:29:23 -0600] "OPTIONS * HTTP/1.0" 200 - "-" "Apache/2.2.20 (Unix) DAV/2 (internal dummy connection)"
::1 - - [27/Oct/2011:08:29:24 -0600] "OPTIONS * HTTP/1.0" 200 - "-" "Apache/2.2.20 (Unix) DAV/2 (internal dummy connection)"
::1 - - [27/Oct/2011:08:29:27 -0600] "OPTIONS * HTTP/1.0" 200 - "-" "Apache/2.2.20 (Unix) DAV/2 (internal dummy connection)"
::1 - - [27/Oct/2011:08:29:28 -0600] "OPTIONS * HTTP/1.0" 200 - "-" "Apache/2.2.20 (Unix) DAV/2 (internal dummy connection)"
::1 - - [27/Oct/2011:08:29:29 -0600] "OPTIONS * HTTP/1.0" 200 - "-" "Apache/2.2.20 (Unix) DAV/2 (internal dummy connection)"
127.0.0.1 - - [27/Oct/2011:08:29:45 -0600] "GET /favicon.ico HTTP/1.1" 404 288 "-" "Mozilla/5.0 (Macintosh; Intel Mac OS X 10_7_2) AppleWebKit/535.2 (KHTML, like Gecko) Chrome/15.0.874.102 Safari/535.2"
127.0.0.1 - - [27/Oct/2011:08:29:49 -0600] "GET /favicon.ico HTTP/1.1" 404 288 "-" "Mozilla/5.0 (Macintosh; Intel Mac OS X 10_7_2) AppleWebKit/535.2 (KHTML, like Gecko) Chrome/15.0.874.102 Safari/535.2"
::1 - - [27/Oct/2011:08:30:03 -0600] "OPTIONS * HTTP/1.0" 200 - "-" "Apache/2.2.20 (Unix) DAV/2 (internal dummy connection)"
::1 - - [27/Oct/2011:08:30:04 -0600] "OPTIONS * HTTP/1.0" 200 - "-" "Apache/2.2.20 (Unix) DAV/2 (internal dummy connection)"
::1 - - [27/Oct/2011:08:30:06 -0600] "OPTIONS * HTTP/1.0" 200 - "-" "Apache/2.2.20 (Unix) DAV/2 (internal dummy connection)"
127.0.0.1 - - [27/Oct/2011:08:30:38 -0600] "GET /display.html HTTP/1.1" 304 - "http://localhost/" "Mozilla/5.0 (Macintosh; Intel Mac OS X 10_7_2) AppleWebKit/535.2 (KHTML, like Gecko) Chrome/15.0.874.102 Safari/535.2"
127.0.0.1 - - [27/Oct/2011:08:30:38 -0600] "GET /js/lib/Box2dWeb-2.1.a.3.min.js HTTP/1.1" 304 - "http://localhost/display.html" "Mozilla/5.0 (Macintosh; Intel Mac OS X 10_7_2) AppleWebKit/535.2 (KHTML, like Gecko) Chrome/15.0.874.102 Safari/535.2"
127.0.0.1 - - [27/Oct/2011:08:30:38 -0600] "GET /js/lib/socket.io/socket.io.min.js HTTP/1.1" 304 - "http://localhost/display.html" "Mozilla/5.0 (Macintosh; Intel Mac OS X 10_7_2) AppleWebKit/535.2 (KHTML, like Gecko) Chrome/15.0.874.102 Safari/535.2"
127.0.0.1 - - [27/Oct/2011:08:30:38 -0600] "GET /js/display.js HTTP/1.1" 304 - "http://localhost/display.html" "Mozilla/5.0 (Macintosh; Intel Mac OS X 10_7_2) AppleWebKit/535.2 (KHTML, like Gecko) Chrome/15.0.874.102 Safari/535.2"
127.0.0.1 - - [27/Oct/2011:08:30:38 -0600] "GET /js/display-connection.js HTTP/1.1" 304 - "http://localhost/display.html" "Mozilla/5.0 (Macintosh; Intel Mac OS X 10_7_2) AppleWebKit/535.2 (KHTML, like Gecko) Chrome/15.0.874.102 Safari/535.2"
127.0.0.1 - - [27/Oct/2011:08:30:38 -0600] "GET /favicon.ico HTTP/1.1" 404 288 "-" "Mozilla/5.0 (Macintosh; Intel Mac OS X 10_7_2) AppleWebKit/535.2 (KHTML, like Gecko) Chrome/15.0.874.102 Safari/535.2"
::1 - - [27/Oct/2011:08:30:54 -0600] "OPTIONS * HTTP/1.0" 200 - "-" "Apache/2.2.20 (Unix) DAV/2 (internal dummy connection)"
::1 - - [27/Oct/2011:08:30:55 -0600] "OPTIONS * HTTP/1.0" 200 - "-" "Apache/2.2.20 (Unix) DAV/2 (internal dummy connection)"
::1 - - [27/Oct/2011:08:30:56 -0600] "OPTIONS * HTTP/1.0" 200 - "-" "Apache/2.2.20 (Unix) DAV/2 (internal dummy connection)"
10.109.116.237 - - [27/Oct/2011:08:38:18 -0600] "GET /player.html HTTP/1.1" 200 686 "http://10.109.37.189/" "Mozilla/5.0 (iPhone; CPU iPhone OS 5_0 like Mac OS X) AppleWebKit/534.46 (KHTML, like Gecko) Version/5.1 Mobile/9A334 Safari/7534.48.3"
10.109.116.237 - - [27/Oct/2011:08:38:18 -0600] "GET /js/lib/socket.io/socket.io.min.js HTTP/1.1" 304 - "http://10.109.37.189/player.html" "Mozilla/5.0 (iPhone; CPU iPhone OS 5_0 like Mac OS X) AppleWebKit/534.46 (KHTML, like Gecko) Version/5.1 Mobile/9A334 Safari/7534.48.3"
10.109.116.237 - - [27/Oct/2011:08:38:18 -0600] "GET /js/player-connection.js HTTP/1.1" 304 - "http://10.109.37.189/player.html" "Mozilla/5.0 (iPhone; CPU iPhone OS 5_0 like Mac OS X) AppleWebKit/534.46 (KHTML, like Gecko) Version/5.1 Mobile/9A334 Safari/7534.48.3"
10.109.116.237 - - [27/Oct/2011:08:38:18 -0600] "GET /js/player.js HTTP/1.1" 304 - "http://10.109.37.189/player.html" "Mozilla/5.0 (iPhone; CPU iPhone OS 5_0 like Mac OS X) AppleWebKit/534.46 (KHTML, like Gecko) Version/5.1 Mobile/9A334 Safari/7534.48.3"
10.109.116.237 - - [27/Oct/2011:08:38:19 -0600] "GET /img/bowling-ball.jpg HTTP/1.1" 304 - "http://10.109.37.189/player.html" "Mozilla/5.0 (iPhone; CPU iPhone OS 5_0 like Mac OS X) AppleWebKit/534.46 (KHTML, like Gecko) Version/5.1 Mobile/9A334 Safari/7534.48.3"
::1 - - [27/Oct/2011:08:38:31 -0600] "OPTIONS * HTTP/1.0" 200 - "-" "Apache/2.2.20 (Unix) DAV/2 (internal dummy connection)"
127.0.0.1 - - [27/Oct/2011:08:51:40 -0600] "GET /display.html HTTP/1.1" 304 - "http://localhost/" "Mozilla/5.0 (Macintosh; Intel Mac OS X 10_7_2) AppleWebKit/535.2 (KHTML, like Gecko) Chrome/15.0.874.102 Safari/535.2"
127.0.0.1 - - [27/Oct/2011:08:51:40 -0600] "GET /js/lib/Box2dWeb-2.1.a.3.min.js HTTP/1.1" 304 - "http://localhost/display.html" "Mozilla/5.0 (Macintosh; Intel Mac OS X 10_7_2) AppleWebKit/535.2 (KHTML, like Gecko) Chrome/15.0.874.102 Safari/535.2"
