::1 - - [26/Oct/2011:14:01:22 -0600] "OPTIONS * HTTP/1.0" 200 - "-" "Apache/2.2.20 (Unix) DAV/2 (internal dummy connection)"
::1 - - [26/Oct/2011:14:01:23 -0600] "OPTIONS * HTTP/1.0" 200 - "-" "Apache/2.2.20 (Unix) DAV/2 (internal dummy connection)"
10.109.116.237 - - [26/Oct/2011:14:01:34 -0600] "GET /display.html HTTP/1.1" 200 632 "http://10.109.37.189/" "Mozilla/5.0 (iPhone; CPU iPhone OS 5_0 like Mac OS X) AppleWebKit/534.46 (KHTML, like Gecko) Version/5.1 Mobile/9A334 Safari/7534.48.3"
10.109.116.237 - - [26/Oct/2011:14:01:34 -0600] "GET /js/lib/Box2dWeb-2.1.a.3.min.js HTTP/1.1" 304 - "http://10.109.37.189/display.html" "Mozilla/5.0 (iPhone; CPU iPhone OS 5_0 like Mac OS X) AppleWebKit/534.46 (KHTML, like Gecko) Version/5.1 Mobile/9A334 Safari/7534.48.3"
10.109.116.237 - - [26/Oct/2011:14:01:34 -0600] "GET /js/lib/socket.io/socket.io.min.js HTTP/1.1" 304 - "http://10.109.37.189/display.html" "Mozilla/5.0 (iPhone; CPU iPhone OS 5_0 like Mac OS X) AppleWebKit/534.46 (KHTML, like Gecko) Version/5.1 Mobile/9A334 Safari/7534.48.3"
10.109.116.237 - - [26/Oct/2011:14:01:34 -0600] "GET /js/display.js HTTP/1.1" 200 5663 "http://10.109.37.189/display.html" "Mozilla/5.0 (iPhone; CPU iPhone OS 5_0 like Mac OS X) AppleWebKit/534.46 (KHTML, like Gecko) Version/5.1 Mobile/9A334 Safari/7534.48.3"
::1 - - [26/Oct/2011:14:01:46 -0600] "OPTIONS * HTTP/1.0" 200 - "-" "Apache/2.2.20 (Unix) DAV/2 (internal dummy connection)"
10.109.116.237 - - [26/Oct/2011:14:14:08 -0600] "GET /display.html HTTP/1.1" 200 632 "-" "Mozilla/5.0 (iPhone; CPU iPhone OS 5_0 like Mac OS X) AppleWebKit/534.46 (KHTML, like Gecko) Version/5.1 Mobile/9A334 Safari/7534.48.3"
10.109.116.237 - - [26/Oct/2011:14:14:09 -0600] "GET /js/display.js HTTP/1.1" 304 - "http://10.109.37.189/display.html" "Mozilla/5.0 (iPhone; CPU iPhone OS 5_0 like Mac OS X) AppleWebKit/534.46 (KHTML, like Gecko) Version/5.1 Mobile/9A334 Safari/7534.48.3"
10.109.116.237 - - [26/Oct/2011:14:14:22 -0600] "GET /display.html HTTP/1.1" 200 632 "-" "Mozilla/5.0 (iPhone; CPU iPhone OS 5_0 like Mac OS X) AppleWebKit/534.46 (KHTML, like Gecko) Version/5.1 Mobile/9A334 Safari/7534.48.3"
10.109.116.237 - - [26/Oct/2011:14:14:22 -0600] "GET /js/lib/Box2dWeb-2.1.a.3.min.js HTTP/1.1" 304 - "http://10.109.37.189/display.html" "Mozilla/5.0 (iPhone; CPU iPhone OS 5_0 like Mac OS X) AppleWebKit/534.46 (KHTML, like Gecko) Version/5.1 Mobile/9A334 Safari/7534.48.3"
10.109.116.237 - - [26/Oct/2011:14:14:22 -0600] "GET /js/lib/socket.io/socket.io.min.js HTTP/1.1" 304 - "http://10.109.37.189/display.html" "Mozilla/5.0 (iPhone; CPU iPhone OS 5_0 like Mac OS X) AppleWebKit/534.46 (KHTML, like Gecko) Version/5.1 Mobile/9A334 Safari/7534.48.3"
10.109.116.237 - - [26/Oct/2011:14:14:22 -0600] "GET /js/display.js HTTP/1.1" 304 - "http://10.109.37.189/display.html" "Mozilla/5.0 (iPhone; CPU iPhone OS 5_0 like Mac OS X) AppleWebKit/534.46 (KHTML, like Gecko) Version/5.1 Mobile/9A334 Safari/7534.48.3"
10.109.116.237 - - [26/Oct/2011:14:14:57 -0600] "GET /display.html HTTP/1.1" 200 632 "-" "Mozilla/5.0 (iPhone; CPU iPhone OS 5_0 like Mac OS X) AppleWebKit/534.46 (KHTML, like Gecko) Version/5.1 Mobile/9A334 Safari/7534.48.3"
10.109.116.237 - - [26/Oct/2011:14:14:57 -0600] "GET /js/display.js HTTP/1.1" 200 5663 "http://10.109.37.189/display.html" "Mozilla/5.0 (iPhone; CPU iPhone OS 5_0 like Mac OS X) AppleWebKit/534.46 (KHTML, like Gecko) Version/5.1 Mobile/9A334 Safari/7534.48.3"
10.109.116.237 - - [26/Oct/2011:14:15:08 -0600] "GET /display.html HTTP/1.1" 200 632 "-" "Mozilla/5.0 (iPhone; CPU iPhone OS 5_0 like Mac OS X) AppleWebKit/534.46 (KHTML, like Gecko) Version/5.1 Mobile/9A334 Safari/7534.48.3"
10.109.116.237 - - [26/Oct/2011:14:15:08 -0600] "GET /js/lib/Box2dWeb-2.1.a.3.min.js HTTP/1.1" 304 - "http://10.109.37.189/display.html" "Mozilla/5.0 (iPhone; CPU iPhone OS 5_0 like Mac OS X) AppleWebKit/534.46 (KHTML, like Gecko) Version/5.1 Mobile/9A334 Safari/7534.48.3"
10.109.116.237 - - [26/Oct/2011:14:15:08 -0600] "GET /js/lib/socket.io/socket.io.min.js HTTP/1.1" 304 - "http://10.109.37.189/display.html" "Mozilla/5.0 (iPhone; CPU iPhone OS 5_0 like Mac OS X) AppleWebKit/534.46 (KHTML, like Gecko) Version/5.1 Mobile/9A334 Safari/7534.48.3"
10.109.116.237 - - [26/Oct/2011:14:15:08 -0600] "GET /js/display.js HTTP/1.1" 304 - "http://10.109.37.189/display.html" "Mozilla/5.0 (iPhone; CPU iPhone OS 5_0 like Mac OS X) AppleWebKit/534.46 (KHTML, like Gecko) Version/5.1 Mobile/9A334 Safari/7534.48.3"
::1 - - [26/Oct/2011:14:15:15 -0600] "OPTIONS * HTTP/1.0" 200 - "-" "Apache/2.2.20 (Unix) DAV/2 (internal dummy connection)"
10.109.116.237 - - [26/Oct/2011:14:15:38 -0600] "GET /display.html HTTP/1.1" 200 632 "-" "Mozilla/5.0 (iPhone; CPU iPhone OS 5_0 like Mac OS X) AppleWebKit/534.46 (KHTML, like Gecko) Version/5.1 Mobile/9A334 Safari/7534.48.3"
10.109.116.237 - - [26/Oct/2011:14:15:38 -0600] "GET /js/lib/Box2dWeb-2.1.a.3.min.js HTTP/1.1" 304 - "http://10.109.37.189/display.html" "Mozilla/5.0 (iPhone; CPU iPhone OS 5_0 like Mac OS X) AppleWebKit/534.46 (KHTML, like Gecko) Version/5.1 Mobile/9A334 Safari/7534.48.3"
10.109.116.237 - - [26/Oct/2011:14:15:38 -0600] "GET /js/lib/socket.io/socket.io.min.js HTTP/1.1" 304 - "http://10.109.37.189/display.html" "Mozilla/5.0 (iPhone; CPU iPhone OS 5_0 like Mac OS X) AppleWebKit/534.46 (KHTML, like Gecko) Version/5.1 Mobile/9A334 Safari/7534.48.3"
10.109.116.237 - - [26/Oct/2011:14:15:38 -0600] "GET /js/display.js HTTP/1.1" 304 - "http://10.109.37.189/display.html" "Mozilla/5.0 (iPhone; CPU iPhone OS 5_0 like Mac OS X) AppleWebKit/534.46 (KHTML, like Gecko) Version/5.1 Mobile/9A334 Safari/7534.48.3"
::1 - - [26/Oct/2011:14:15:50 -0600] "OPTIONS * HTTP/1.0" 200 - "-" "Apache/2.2.20 (Unix) DAV/2 (internal dummy connection)"
10.109.117.127 - - [26/Oct/2011:14:15:52 -0600] "GET / HTTP/1.1" 200 413 "-" "Mozilla/5.0 (iPhone; CPU iPhone OS 5_0 like Mac OS X) AppleWebKit/534.46 (KHTML, like Gecko) Version/5.1 Mobile/9A334 Safari/7534.48.3"
10.109.117.127 - - [26/Oct/2011:14:15:52 -0600] "GET /js/web-bowling.js HTTP/1.1" 404 298 "http://10.109.37.189/" "Mozilla/5.0 (iPhone; CPU iPhone OS 5_0 like Mac OS X) AppleWebKit/534.46 (KHTML, like Gecko) Version/5.1 Mobile/9A334 Safari/7534.48.3"
10.109.117.127 - - [26/Oct/2011:14:16:00 -0600] "GET /display.html HTTP/1.1" 200 632 "http://10.109.37.189/" "Mozilla/5.0 (iPhone; CPU iPhone OS 5_0 like Mac OS X) AppleWebKit/534.46 (KHTML, like Gecko) Version/5.1 Mobile/9A334 Safari/7534.48.3"
10.109.117.127 - - [26/Oct/2011:14:16:00 -0600] "GET /js/lib/Box2dWeb-2.1.a.3.min.js HTTP/1.1" 200 224935 "http://10.109.37.189/display.html" "Mozilla/5.0 (iPhone; CPU iPhone OS 5_0 like Mac OS X) AppleWebKit/534.46 (KHTML, like Gecko) Version/5.1 Mobile/9A334 Safari/7534.48.3"
10.109.117.127 - - [26/Oct/2011:14:16:01 -0600] "GET /js/lib/socket.io/socket.io.min.js HTTP/1.1" 200 42269 "http://10.109.37.189/display.html" "Mozilla/5.0 (iPhone; CPU iPhone OS 5_0 like Mac OS X) AppleWebKit/534.46 (KHTML, like Gecko) Version/5.1 Mobile/9A334 Safari/7534.48.3"
10.109.117.127 - - [26/Oct/2011:14:16:01 -0600] "GET /js/display.js HTTP/1.1" 200 5663 "http://10.109.37.189/display.html" "Mozilla/5.0 (iPhone; CPU iPhone OS 5_0 like Mac OS X) AppleWebKit/534.46 (KHTML, like Gecko) Version/5.1 Mobile/9A334 Safari/7534.48.3"
::1 - - [26/Oct/2011:14:16:10 -0600] "OPTIONS * HTTP/1.0" 200 - "-" "Apache/2.2.20 (Unix) DAV/2 (internal dummy connection)"
::1 - - [26/Oct/2011:14:16:11 -0600] "OPTIONS * HTTP/1.0" 200 - "-" "Apache/2.2.20 (Unix) DAV/2 (internal dummy connection)"
::1 - - [26/Oct/2011:14:16:12 -0600] "OPTIONS * HTTP/1.0" 200 - "-" "Apache/2.2.20 (Unix) DAV/2 (internal dummy connection)"
10.109.117.127 - - [26/Oct/2011:14:16:14 -0600] "GET /display.html HTTP/1.1" 200 632 "http://10.109.37.189/" "Mozilla/5.0 (iPhone; CPU iPhone OS 5_0 like Mac OS X) AppleWebKit/534.46 (KHTML, like Gecko) Version/5.1 Mobile/9A334 Safari/7534.48.3"
10.109.117.127 - - [26/Oct/2011:14:16:14 -0600] "GET /js/lib/Box2dWeb-2.1.a.3.min.js HTTP/1.1" 304 - "http://10.109.37.189/display.html" "Mozilla/5.0 (iPhone; CPU iPhone OS 5_0 like Mac OS X) AppleWebKit/534.46 (KHTML, like Gecko) Version/5.1 Mobile/9A334 Safari/7534.48.3"
10.109.117.127 - - [26/Oct/2011:14:16:14 -0600] "GET /js/lib/socket.io/socket.io.min.js HTTP/1.1" 304 - "http://10.109.37.189/display.html" "Mozilla/5.0 (iPhone; CPU iPhone OS 5_0 like Mac OS X) AppleWebKit/534.46 (KHTML, like Gecko) Version/5.1 Mobile/9A334 Safari/7534.48.3"
10.109.117.127 - - [26/Oct/2011:14:16:14 -0600] "GET /js/display.js HTTP/1.1" 304 - "http://10.109.37.189/display.html" "Mozilla/5.0 (iPhone; CPU iPhone OS 5_0 like Mac OS X) AppleWebKit/534.46 (KHTML, like Gecko) Version/5.1 Mobile/9A334 Safari/7534.48.3"
10.109.117.127 - - [26/Oct/2011:14:16:23 -0600] "GET /display.html HTTP/1.1" 200 632 "http://10.109.37.189/" "Mozilla/5.0 (iPhone; CPU iPhone OS 5_0 like Mac OS X) AppleWebKit/534.46 (KHTML, like Gecko) Version/5.1 Mobile/9A334 Safari/7534.48.3"
10.109.117.127 - - [26/Oct/2011:14:16:23 -0600] "GET /js/lib/Box2dWeb-2.1.a.3.min.js HTTP/1.1" 304 - "http://10.109.37.189/display.html" "Mozilla/5.0 (iPhone; CPU iPhone OS 5_0 like Mac OS X) AppleWebKit/534.46 (KHTML, like Gecko) Version/5.1 Mobile/9A334 Safari/7534.48.3"
10.109.117.127 - - [26/Oct/2011:14:16:23 -0600] "GET /js/lib/socket.io/socket.io.min.js HTTP/1.1" 304 - "http://10.109.37.189/display.html" "Mozilla/5.0 (iPhone; CPU iPhone OS 5_0 like Mac OS X) AppleWebKit/534.46 (KHTML, like Gecko) Version/5.1 Mobile/9A334 Safari/7534.48.3"
10.109.117.127 - - [26/Oct/2011:14:16:23 -0600] "GET /js/display.js HTTP/1.1" 304 - "http://10.109.37.189/display.html" "Mozilla/5.0 (iPhone; CPU iPhone OS 5_0 like Mac OS X) AppleWebKit/534.46 (KHTML, like Gecko) Version/5.1 Mobile/9A334 Safari/7534.48.3"
::1 - - [26/Oct/2011:14:16:32 -0600] "OPTIONS * HTTP/1.0" 200 - "-" "Apache/2.2.20 (Unix) DAV/2 (internal dummy connection)"
10.109.117.127 - - [26/Oct/2011:14:17:03 -0600] "GET /display.html HTTP/1.1" 200 632 "http://10.109.37.189/" "Mozilla/5.0 (iPhone; CPU iPhone OS 5_0 like Mac OS X) AppleWebKit/534.46 (KHTML, like Gecko) Version/5.1 Mobile/9A334 Safari/7534.48.3"
10.109.117.127 - - [26/Oct/2011:14:17:03 -0600] "GET /js/lib/Box2dWeb-2.1.a.3.min.js HTTP/1.1" 304 - "http://10.109.37.189/display.html" "Mozilla/5.0 (iPhone; CPU iPhone OS 5_0 like Mac OS X) AppleWebKit/534.46 (KHTML, like Gecko) Version/5.1 Mobile/9A334 Safari/7534.48.3"
10.109.117.127 - - [26/Oct/2011:14:17:03 -0600] "GET /js/lib/socket.io/socket.io.min.js HTTP/1.1" 304 - "http://10.109.37.189/display.html" "Mozilla/5.0 (iPhone; CPU iPhone OS 5_0 like Mac OS X) AppleWebKit/534.46 (KHTML, like Gecko) Version/5.1 Mobile/9A334 Safari/7534.48.3"
10.109.117.127 - - [26/Oct/2011:14:17:03 -0600] "GET /js/display.js HTTP/1.1" 304 - "http://10.109.37.189/display.html" "Mozilla/5.0 (iPhone; CPU iPhone OS 5_0 like Mac OS X) AppleWebKit/534.46 (KHTML, like Gecko) Version/5.1 Mobile/9A334 Safari/7534.48.3"
::1 - - [26/Oct/2011:14:17:15 -0600] "OPTIONS * HTTP/1.0" 200 - "-" "Apache/2.2.20 (Unix) DAV/2 (internal dummy connection)"
::1 - - [26/Oct/2011:14:17:16 -0600] "OPTIONS * HTTP/1.0" 200 - "-" "Apache/2.2.20 (Unix) DAV/2 (internal dummy connection)"
::1 - - [26/Oct/2011:14:17:17 -0600] "OPTIONS * HTTP/1.0" 200 - "-" "Apache/2.2.20 (Unix) DAV/2 (internal dummy connection)"
10.109.116.237 - - [26/Oct/2011:14:17:23 -0600] "GET /js/web-bowling.js HTTP/1.1" 404 298 "http://10.109.37.189/" "Mozilla/5.0 (iPhone; CPU iPhone OS 5_0 like Mac OS X) AppleWebKit/534.46 (KHTML, like Gecko) Version/5.1 Mobile/9A334 Safari/7534.48.3"
10.109.116.237 - - [26/Oct/2011:14:17:25 -0600] "GET /player.html HTTP/1.1" 200 591 "http://10.109.37.189/" "Mozilla/5.0 (iPhone; CPU iPhone OS 5_0 like Mac OS X) AppleWebKit/534.46 (KHTML, like Gecko) Version/5.1 Mobile/9A334 Safari/7534.48.3"
10.109.116.237 - - [26/Oct/2011:14:17:25 -0600] "GET /js/player.js HTTP/1.1" 200 3866 "http://10.109.37.189/player.html" "Mozilla/5.0 (iPhone; CPU iPhone OS 5_0 like Mac OS X) AppleWebKit/534.46 (KHTML, like Gecko) Version/5.1 Mobile/9A334 Safari/7534.48.3"
10.109.116.237 - - [26/Oct/2011:14:17:25 -0600] "GET /img/bowling-ball.jpg HTTP/1.1" 200 25395 "http://10.109.37.189/player.html" "Mozilla/5.0 (iPhone; CPU iPhone OS 5_0 like Mac OS X) AppleWebKit/534.46 (KHTML, like Gecko) Version/5.1 Mobile/9A334 Safari/7534.48.3"
10.109.117.127 - - [26/Oct/2011:14:18:09 -0600] "GET /display.html HTTP/1.1" 200 632 "http://10.109.37.189/" "Mozilla/5.0 (iPhone; CPU iPhone OS 5_0 like Mac OS X) AppleWebKit/534.46 (KHTML, like Gecko) Version/5.1 Mobile/9A334 Safari/7534.48.3"
10.109.117.127 - - [26/Oct/2011:14:18:09 -0600] "GET /js/lib/Box2dWeb-2.1.a.3.min.js HTTP/1.1" 304 - "http://10.109.37.189/display.html" "Mozilla/5.0 (iPhone; CPU iPhone OS 5_0 like Mac OS X) AppleWebKit/534.46 (KHTML, like Gecko) Version/5.1 Mobile/9A334 Safari/7534.48.3"
10.109.117.127 - - [26/Oct/2011:14:18:09 -0600] "GET /js/lib/socket.io/socket.io.min.js HTTP/1.1" 304 - "http://10.109.37.189/display.html" "Mozilla/5.0 (iPhone; CPU iPhone OS 5_0 like Mac OS X) AppleWebKit/534.46 (KHTML, like Gecko) Version/5.1 Mobile/9A334 Safari/7534.48.3"
10.109.117.127 - - [26/Oct/2011:14:18:10 -0600] "GET /js/display.js HTTP/1.1" 304 - "http://10.109.37.189/display.html" "Mozilla/5.0 (iPhone; CPU iPhone OS 5_0 like Mac OS X) AppleWebKit/534.46 (KHTML, like Gecko) Version/5.1 Mobile/9A334 Safari/7534.48.3"
::1 - - [26/Oct/2011:14:18:21 -0600] "OPTIONS * HTTP/1.0" 200 - "-" "Apache/2.2.20 (Unix) DAV/2 (internal dummy connection)"
::1 - - [26/Oct/2011:14:18:22 -0600] "OPTIONS * HTTP/1.0" 200 - "-" "Apache/2.2.20 (Unix) DAV/2 (internal dummy connection)"
::1 - - [26/Oct/2011:14:18:23 -0600] "OPTIONS * HTTP/1.0" 200 - "-" "Apache/2.2.20 (Unix) DAV/2 (internal dummy connection)"
10.109.116.237 - - [26/Oct/2011:14:33:58 -0600] "GET /js/display.js HTTP/1.1" 200 5696 "http://10.109.37.189/display.html" "Mozilla/5.0 (iPhone; CPU iPhone OS 5_0 like Mac OS X) AppleWebKit/534.46 (KHTML, like Gecko) Version/5.1 Mobile/9A334 Safari/7534.48.3"
10.109.116.237 - - [26/Oct/2011:14:34:10 -0600] "GET /display.html HTTP/1.1" 200 632 "http://10.109.37.189/" "Mozilla/5.0 (iPhone; CPU iPhone OS 5_0 like Mac OS X) AppleWebKit/534.46 (KHTML, like Gecko) Version/5.1 Mobile/9A334 Safari/7534.48.3"
10.109.116.237 - - [26/Oct/2011:14:34:11 -0600] "GET /js/lib/Box2dWeb-2.1.a.3.min.js HTTP/1.1" 304 - "http://10.109.37.189/display.html" "Mozilla/5.0 (iPhone; CPU iPhone OS 5_0 like Mac OS X) AppleWebKit/534.46 (KHTML, like Gecko) Version/5.1 Mobile/9A334 Safari/7534.48.3"
10.109.116.237 - - [26/Oct/2011:14:34:11 -0600] "GET /js/lib/socket.io/socket.io.min.js HTTP/1.1" 304 - "http://10.109.37.189/display.html" "Mozilla/5.0 (iPhone; CPU iPhone OS 5_0 like Mac OS X) AppleWebKit/534.46 (KHTML, like Gecko) Version/5.1 Mobile/9A334 Safari/7534.48.3"
10.109.116.237 - - [26/Oct/2011:14:34:11 -0600] "GET /js/display.js HTTP/1.1" 304 - "http://10.109.37.189/display.html" "Mozilla/5.0 (iPhone; CPU iPhone OS 5_0 like Mac OS X) AppleWebKit/534.46 (KHTML, like Gecko) Version/5.1 Mobile/9A334 Safari/7534.48.3"
10.109.116.237 - - [26/Oct/2011:14:34:22 -0600] "GET /display.html HTTP/1.1" 200 632 "http://10.109.37.189/" "Mozilla/5.0 (iPhone; CPU iPhone OS 5_0 like Mac OS X) AppleWebKit/534.46 (KHTML, like Gecko) Version/5.1 Mobile/9A334 Safari/7534.48.3"
10.109.116.237 - - [26/Oct/2011:14:34:22 -0600] "GET /js/lib/Box2dWeb-2.1.a.3.min.js HTTP/1.1" 304 - "http://10.109.37.189/display.html" "Mozilla/5.0 (iPhone; CPU iPhone OS 5_0 like Mac OS X) AppleWebKit/534.46 (KHTML, like Gecko) Version/5.1 Mobile/9A334 Safari/7534.48.3"
10.109.116.237 - - [26/Oct/2011:14:34:23 -0600] "GET /js/lib/socket.io/socket.io.min.js HTTP/1.1" 304 - "http://10.109.37.189/display.html" "Mozilla/5.0 (iPhone; CPU iPhone OS 5_0 like Mac OS X) AppleWebKit/534.46 (KHTML, like Gecko) Version/5.1 Mobile/9A334 Safari/7534.48.3"
10.109.116.237 - - [26/Oct/2011:14:34:23 -0600] "GET /js/display.js HTTP/1.1" 304 - "http://10.109.37.189/display.html" "Mozilla/5.0 (iPhone; CPU iPhone OS 5_0 like Mac OS X) AppleWebKit/534.46 (KHTML, like Gecko) Version/5.1 Mobile/9A334 Safari/7534.48.3"
::1 - - [26/Oct/2011:14:34:35 -0600] "OPTIONS * HTTP/1.0" 200 - "-" "Apache/2.2.20 (Unix) DAV/2 (internal dummy connection)"
10.109.116.237 - - [26/Oct/2011:14:35:38 -0600] "GET /display.html HTTP/1.1" 200 632 "http://10.109.37.189/" "Mozilla/5.0 (iPhone; CPU iPhone OS 5_0 like Mac OS X) AppleWebKit/534.46 (KHTML, like Gecko) Version/5.1 Mobile/9A334 Safari/7534.48.3"
10.109.116.237 - - [26/Oct/2011:14:35:38 -0600] "GET /js/lib/Box2dWeb-2.1.a.3.min.js HTTP/1.1" 304 - "http://10.109.37.189/display.html" "Mozilla/5.0 (iPhone; CPU iPhone OS 5_0 like Mac OS X) AppleWebKit/534.46 (KHTML, like Gecko) Version/5.1 Mobile/9A334 Safari/7534.48.3"
10.109.116.237 - - [26/Oct/2011:14:35:38 -0600] "GET /js/lib/socket.io/socket.io.min.js HTTP/1.1" 304 - "http://10.109.37.189/display.html" "Mozilla/5.0 (iPhone; CPU iPhone OS 5_0 like Mac OS X) AppleWebKit/534.46 (KHTML, like Gecko) Version/5.1 Mobile/9A334 Safari/7534.48.3"
10.109.116.237 - - [26/Oct/2011:14:35:39 -0600] "GET /js/display.js HTTP/1.1" 200 5728 "http://10.109.37.189/display.html" "Mozilla/5.0 (iPhone; CPU iPhone OS 5_0 like Mac OS X) AppleWebKit/534.46 (KHTML, like Gecko) Version/5.1 Mobile/9A334 Safari/7534.48.3"
10.109.116.237 - - [26/Oct/2011:14:35:52 -0600] "GET /display.html HTTP/1.1" 200 632 "http://10.109.37.189/" "Mozilla/5.0 (iPhone; CPU iPhone OS 5_0 like Mac OS X) AppleWebKit/534.46 (KHTML, like Gecko) Version/5.1 Mobile/9A334 Safari/7534.48.3"
10.109.116.237 - - [26/Oct/2011:14:35:52 -0600] "GET /js/lib/Box2dWeb-2.1.a.3.min.js HTTP/1.1" 304 - "http://10.109.37.189/display.html" "Mozilla/5.0 (iPhone; CPU iPhone OS 5_0 like Mac OS X) AppleWebKit/534.46 (KHTML, like Gecko) Version/5.1 Mobile/9A334 Safari/7534.48.3"
10.109.116.237 - - [26/Oct/2011:14:35:53 -0600] "GET /js/lib/socket.io/socket.io.min.js HTTP/1.1" 304 - "http://10.109.37.189/display.html" "Mozilla/5.0 (iPhone; CPU iPhone OS 5_0 like Mac OS X) AppleWebKit/534.46 (KHTML, like Gecko) Version/5.1 Mobile/9A334 Safari/7534.48.3"
10.109.116.237 - - [26/Oct/2011:14:35:53 -0600] "GET /js/display.js HTTP/1.1" 304 - "http://10.109.37.189/display.html" "Mozilla/5.0 (iPhone; CPU iPhone OS 5_0 like Mac OS X) AppleWebKit/534.46 (KHTML, like Gecko) Version/5.1 Mobile/9A334 Safari/7534.48.3"
::1 - - [26/Oct/2011:14:36:05 -0600] "OPTIONS * HTTP/1.0" 200 - "-" "Apache/2.2.20 (Unix) DAV/2 (internal dummy connection)"
127.0.0.1 - - [26/Oct/2011:14:36:23 -0600] "GET /display.html HTTP/1.1" 200 632 "-" "Mozilla/5.0 (Macintosh; Intel Mac OS X 10_7_2) AppleWebKit/535.2 (KHTML, like Gecko) Chrome/15.0.874.102 Safari/535.2"
127.0.0.1 - - [26/Oct/2011:14:36:23 -0600] "GET /js/lib/socket.io/socket.io.min.js HTTP/1.1" 304 - "http://localhost/display.html" "Mozilla/5.0 (Macintosh; Intel Mac OS X 10_7_2) AppleWebKit/535.2 (KHTML, like Gecko) Chrome/15.0.874.102 Safari/535.2"
127.0.0.1 - - [26/Oct/2011:14:36:23 -0600] "GET /js/lib/Box2dWeb-2.1.a.3.min.js HTTP/1.1" 304 - "http://localhost/display.html" "Mozilla/5.0 (Macintosh; Intel Mac OS X 10_7_2) AppleWebKit/535.2 (KHTML, like Gecko) Chrome/15.0.874.102 Safari/535.2"
127.0.0.1 - - [26/Oct/2011:14:36:23 -0600] "GET /js/display.js HTTP/1.1" 200 5728 "http://localhost/display.html" "Mozilla/5.0 (Macintosh; Intel Mac OS X 10_7_2) AppleWebKit/535.2 (KHTML, like Gecko) Chrome/15.0.874.102 Safari/535.2"
127.0.0.1 - - [26/Oct/2011:14:36:23 -0600] "GET /favicon.ico HTTP/1.1" 404 288 "-" "Mozilla/5.0 (Macintosh; Intel Mac OS X 10_7_2) AppleWebKit/535.2 (KHTML, like Gecko) Chrome/15.0.874.102 Safari/535.2"
127.0.0.1 - - [26/Oct/2011:14:36:30 -0600] "GET /display.html HTTP/1.1" 200 632 "-" "Mozilla/5.0 (Macintosh; Intel Mac OS X 10_7_2) AppleWebKit/535.2 (KHTML, like Gecko) Chrome/15.0.874.102 Safari/535.2"
127.0.0.1 - - [26/Oct/2011:14:36:30 -0600] "GET /js/lib/socket.io/socket.io.min.js HTTP/1.1" 304 - "http://localhost/display.html" "Mozilla/5.0 (Macintosh; Intel Mac OS X 10_7_2) AppleWebKit/535.2 (KHTML, like Gecko) Chrome/15.0.874.102 Safari/535.2"
127.0.0.1 - - [26/Oct/2011:14:36:30 -0600] "GET /js/lib/Box2dWeb-2.1.a.3.min.js HTTP/1.1" 304 - "http://localhost/display.html" "Mozilla/5.0 (Macintosh; Intel Mac OS X 10_7_2) AppleWebKit/535.2 (KHTML, like Gecko) Chrome/15.0.874.102 Safari/535.2"
127.0.0.1 - - [26/Oct/2011:14:36:30 -0600] "GET /js/display.js HTTP/1.1" 304 - "http://localhost/display.html" "Mozilla/5.0 (Macintosh; Intel Mac OS X 10_7_2) AppleWebKit/535.2 (KHTML, like Gecko) Chrome/15.0.874.102 Safari/535.2"
127.0.0.1 - - [26/Oct/2011:14:36:31 -0600] "GET /favicon.ico HTTP/1.1" 404 288 "-" "Mozilla/5.0 (Macintosh; Intel Mac OS X 10_7_2) AppleWebKit/535.2 (KHTML, like Gecko) Chrome/15.0.874.102 Safari/535.2"
::1 - - [26/Oct/2011:14:36:47 -0600] "OPTIONS * HTTP/1.0" 200 - "-" "Apache/2.2.20 (Unix) DAV/2 (internal dummy connection)"
::1 - - [26/Oct/2011:14:36:48 -0600] "OPTIONS * HTTP/1.0" 200 - "-" "Apache/2.2.20 (Unix) DAV/2 (internal dummy connection)"
::1 - - [26/Oct/2011:14:36:49 -0600] "OPTIONS * HTTP/1.0" 200 - "-" "Apache/2.2.20 (Unix) DAV/2 (internal dummy connection)"
127.0.0.1 - - [26/Oct/2011:14:37:06 -0600] "GET /display.html HTTP/1.1" 200 632 "-" "Mozilla/5.0 (Macintosh; Intel Mac OS X 10_7_2) AppleWebKit/535.2 (KHTML, like Gecko) Chrome/15.0.874.102 Safari/535.2"
127.0.0.1 - - [26/Oct/2011:14:37:06 -0600] "GET /js/lib/Box2dWeb-2.1.a.3.min.js HTTP/1.1" 304 - "http://localhost/display.html" "Mozilla/5.0 (Macintosh; Intel Mac OS X 10_7_2) AppleWebKit/535.2 (KHTML, like Gecko) Chrome/15.0.874.102 Safari/535.2"
127.0.0.1 - - [26/Oct/2011:14:37:06 -0600] "GET /js/lib/socket.io/socket.io.min.js HTTP/1.1" 304 - "http://localhost/display.html" "Mozilla/5.0 (Macintosh; Intel Mac OS X 10_7_2) AppleWebKit/535.2 (KHTML, like Gecko) Chrome/15.0.874.102 Safari/535.2"
127.0.0.1 - - [26/Oct/2011:14:37:06 -0600] "GET /js/display.js HTTP/1.1" 200 5726 "http://localhost/display.html" "Mozilla/5.0 (Macintosh; Intel Mac OS X 10_7_2) AppleWebKit/535.2 (KHTML, like Gecko) Chrome/15.0.874.102 Safari/535.2"
127.0.0.1 - - [26/Oct/2011:14:37:07 -0600] "GET /favicon.ico HTTP/1.1" 404 288 "-" "Mozilla/5.0 (Macintosh; Intel Mac OS X 10_7_2) AppleWebKit/535.2 (KHTML, like Gecko) Chrome/15.0.874.102 Safari/535.2"
::1 - - [26/Oct/2011:14:37:23 -0600] "OPTIONS * HTTP/1.0" 200 - "-" "Apache/2.2.20 (Unix) DAV/2 (internal dummy connection)"
::1 - - [26/Oct/2011:14:37:24 -0600] "OPTIONS * HTTP/1.0" 200 - "-" "Apache/2.2.20 (Unix) DAV/2 (internal dummy connection)"
::1 - - [26/Oct/2011:14:37:25 -0600] "OPTIONS * HTTP/1.0" 200 - "-" "Apache/2.2.20 (Unix) DAV/2 (internal dummy connection)"
127.0.0.1 - - [26/Oct/2011:14:38:55 -0600] "GET /display.html HTTP/1.1" 200 632 "-" "Mozilla/5.0 (Macintosh; Intel Mac OS X 10_7_2) AppleWebKit/535.2 (KHTML, like Gecko) Chrome/15.0.874.102 Safari/535.2"
127.0.0.1 - - [26/Oct/2011:14:38:55 -0600] "GET /js/lib/Box2dWeb-2.1.a.3.min.js HTTP/1.1" 304 - "http://localhost/display.html" "Mozilla/5.0 (Macintosh; Intel Mac OS X 10_7_2) AppleWebKit/535.2 (KHTML, like Gecko) Chrome/15.0.874.102 Safari/535.2"
127.0.0.1 - - [26/Oct/2011:14:38:55 -0600] "GET /js/lib/socket.io/socket.io.min.js HTTP/1.1" 304 - "http://localhost/display.html" "Mozilla/5.0 (Macintosh; Intel Mac OS X 10_7_2) AppleWebKit/535.2 (KHTML, like Gecko) Chrome/15.0.874.102 Safari/535.2"
127.0.0.1 - - [26/Oct/2011:14:38:56 -0600] "GET /js/display.js HTTP/1.1" 200 5726 "http://localhost/display.html" "Mozilla/5.0 (Macintosh; Intel Mac OS X 10_7_2) AppleWebKit/535.2 (KHTML, like Gecko) Chrome/15.0.874.102 Safari/535.2"
127.0.0.1 - - [26/Oct/2011:14:38:56 -0600] "GET /favicon.ico HTTP/1.1" 404 288 "-" "Mozilla/5.0 (Macintosh; Intel Mac OS X 10_7_2) AppleWebKit/535.2 (KHTML, like Gecko) Chrome/15.0.874.102 Safari/535.2"
127.0.0.1 - - [26/Oct/2011:14:38:57 -0600] "GET /display.html HTTP/1.1" 200 632 "-" "Mozilla/5.0 (Macintosh; Intel Mac OS X 10_7_2) AppleWebKit/535.2 (KHTML, like Gecko) Chrome/15.0.874.102 Safari/535.2"
127.0.0.1 - - [26/Oct/2011:14:38:57 -0600] "GET /js/lib/Box2dWeb-2.1.a.3.min.js HTTP/1.1" 304 - "http://localhost/display.html" "Mozilla/5.0 (Macintosh; Intel Mac OS X 10_7_2) AppleWebKit/535.2 (KHTML, like Gecko) Chrome/15.0.874.102 Safari/535.2"
127.0.0.1 - - [26/Oct/2011:14:38:57 -0600] "GET /js/lib/socket.io/socket.io.min.js HTTP/1.1" 304 - "http://localhost/display.html" "Mozilla/5.0 (Macintosh; Intel Mac OS X 10_7_2) AppleWebKit/535.2 (KHTML, like Gecko) Chrome/15.0.874.102 Safari/535.2"
127.0.0.1 - - [26/Oct/2011:14:38:57 -0600] "GET /js/display.js HTTP/1.1" 304 - "http://localhost/display.html" "Mozilla/5.0 (Macintosh; Intel Mac OS X 10_7_2) AppleWebKit/535.2 (KHTML, like Gecko) Chrome/15.0.874.102 Safari/535.2"
127.0.0.1 - - [26/Oct/2011:14:38:58 -0600] "GET /favicon.ico HTTP/1.1" 404 288 "-" "Mozilla/5.0 (Macintosh; Intel Mac OS X 10_7_2) AppleWebKit/535.2 (KHTML, like Gecko) Chrome/15.0.874.102 Safari/535.2"
::1 - - [26/Oct/2011:14:39:15 -0600] "OPTIONS * HTTP/1.0" 200 - "-" "Apache/2.2.20 (Unix) DAV/2 (internal dummy connection)"
::1 - - [26/Oct/2011:14:39:16 -0600] "OPTIONS * HTTP/1.0" 200 - "-" "Apache/2.2.20 (Unix) DAV/2 (internal dummy connection)"
::1 - - [26/Oct/2011:14:39:17 -0600] "OPTIONS * HTTP/1.0" 200 - "-" "Apache/2.2.20 (Unix) DAV/2 (internal dummy connection)"
127.0.0.1 - - [26/Oct/2011:14:39:28 -0600] "GET /display.html HTTP/1.1" 200 632 "-" "Mozilla/5.0 (Macintosh; Intel Mac OS X 10_7_2) AppleWebKit/535.2 (KHTML, like Gecko) Chrome/15.0.874.102 Safari/535.2"
127.0.0.1 - - [26/Oct/2011:14:39:28 -0600] "GET /js/lib/Box2dWeb-2.1.a.3.min.js HTTP/1.1" 304 - "http://localhost/display.html" "Mozilla/5.0 (Macintosh; Intel Mac OS X 10_7_2) AppleWebKit/535.2 (KHTML, like Gecko) Chrome/15.0.874.102 Safari/535.2"
127.0.0.1 - - [26/Oct/2011:14:39:28 -0600] "GET /js/lib/socket.io/socket.io.min.js HTTP/1.1" 304 - "http://localhost/display.html" "Mozilla/5.0 (Macintosh; Intel Mac OS X 10_7_2) AppleWebKit/535.2 (KHTML, like Gecko) Chrome/15.0.874.102 Safari/535.2"
127.0.0.1 - - [26/Oct/2011:14:39:29 -0600] "GET /js/display.js HTTP/1.1" 200 5726 "http://localhost/display.html" "Mozilla/5.0 (Macintosh; Intel Mac OS X 10_7_2) AppleWebKit/535.2 (KHTML, like Gecko) Chrome/15.0.874.102 Safari/535.2"
127.0.0.1 - - [26/Oct/2011:14:39:29 -0600] "GET /favicon.ico HTTP/1.1" 404 288 "-" "Mozilla/5.0 (Macintosh; Intel Mac OS X 10_7_2) AppleWebKit/535.2 (KHTML, like Gecko) Chrome/15.0.874.102 Safari/535.2"
::1 - - [26/Oct/2011:14:39:46 -0600] "OPTIONS * HTTP/1.0" 200 - "-" "Apache/2.2.20 (Unix) DAV/2 (internal dummy connection)"
::1 - - [26/Oct/2011:14:39:47 -0600] "OPTIONS * HTTP/1.0" 200 - "-" "Apache/2.2.20 (Unix) DAV/2 (internal dummy connection)"
::1 - - [26/Oct/2011:14:39:48 -0600] "OPTIONS * HTTP/1.0" 200 - "-" "Apache/2.2.20 (Unix) DAV/2 (internal dummy connection)"
127.0.0.1 - - [26/Oct/2011:15:19:00 -0600] "GET /display.html HTTP/1.1" 200 658 "-" "Mozilla/5.0 (Macintosh; Intel Mac OS X 10_7_2) AppleWebKit/535.2 (KHTML, like Gecko) Chrome/15.0.874.102 Safari/535.2"
127.0.0.1 - - [26/Oct/2011:15:19:00 -0600] "GET /js/lib/socket.io/socket.io.min.js HTTP/1.1" 304 - "http://localhost/display.html" "Mozilla/5.0 (Macintosh; Intel Mac OS X 10_7_2) AppleWebKit/535.2 (KHTML, like Gecko) Chrome/15.0.874.102 Safari/535.2"
127.0.0.1 - - [26/Oct/2011:15:19:00 -0600] "GET /js/lib/Box2dWeb-2.1.a.3.min.js HTTP/1.1" 304 - "http://localhost/display.html" "Mozilla/5.0 (Macintosh; Intel Mac OS X 10_7_2) AppleWebKit/535.2 (KHTML, like Gecko) Chrome/15.0.874.102 Safari/535.2"
127.0.0.1 - - [26/Oct/2011:15:19:01 -0600] "GET /js/display-connection.js HTTP/1.1" 200 385 "http://localhost/display.html" "Mozilla/5.0 (Macintosh; Intel Mac OS X 10_7_2) AppleWebKit/535.2 (KHTML, like Gecko) Chrome/15.0.874.102 Safari/535.2"
127.0.0.1 - - [26/Oct/2011:15:19:02 -0600] "GET /js/display.js HTTP/1.1" 200 5717 "http://localhost/display.html" "Mozilla/5.0 (Macintosh; Intel Mac OS X 10_7_2) AppleWebKit/535.2 (KHTML, like Gecko) Chrome/15.0.874.102 Safari/535.2"
127.0.0.1 - - [26/Oct/2011:15:19:02 -0600] "GET /favicon.ico HTTP/1.1" 404 288 "-" "Mozilla/5.0 (Macintosh; Intel Mac OS X 10_7_2) AppleWebKit/535.2 (KHTML, like Gecko) Chrome/15.0.874.102 Safari/535.2"
::1 - - [26/Oct/2011:15:19:18 -0600] "OPTIONS * HTTP/1.0" 200 - "-" "Apache/2.2.20 (Unix) DAV/2 (internal dummy connection)"
::1 - - [26/Oct/2011:15:19:19 -0600] "OPTIONS * HTTP/1.0" 200 - "-" "Apache/2.2.20 (Unix) DAV/2 (internal dummy connection)"
::1 - - [26/Oct/2011:15:19:20 -0600] "OPTIONS * HTTP/1.0" 200 - "-" "Apache/2.2.20 (Unix) DAV/2 (internal dummy connection)"
127.0.0.1 - - [26/Oct/2011:15:26:35 -0600] "GET /display.html HTTP/1.1" 200 680 "-" "Mozilla/5.0 (Macintosh; Intel Mac OS X 10_7_2) AppleWebKit/535.2 (KHTML, like Gecko) Chrome/15.0.874.102 Safari/535.2"
127.0.0.1 - - [26/Oct/2011:15:26:35 -0600] "GET /js/lib/Box2dWeb-2.1.a.3.min.js HTTP/1.1" 304 - "http://localhost/display.html" "Mozilla/5.0 (Macintosh; Intel Mac OS X 10_7_2) AppleWebKit/535.2 (KHTML, like Gecko) Chrome/15.0.874.102 Safari/535.2"
127.0.0.1 - - [26/Oct/2011:15:26:35 -0600] "GET /js/lib/socket.io/socket.io.min.js HTTP/1.1" 304 - "http://localhost/display.html" "Mozilla/5.0 (Macintosh; Intel Mac OS X 10_7_2) AppleWebKit/535.2 (KHTML, like Gecko) Chrome/15.0.874.102 Safari/535.2"
127.0.0.1 - - [26/Oct/2011:15:26:36 -0600] "GET /js/display.js HTTP/1.1" 304 - "http://localhost/display.html" "Mozilla/5.0 (Macintosh; Intel Mac OS X 10_7_2) AppleWebKit/535.2 (KHTML, like Gecko) Chrome/15.0.874.102 Safari/535.2"
127.0.0.1 - - [26/Oct/2011:15:26:37 -0600] "GET /js/display-connection.js HTTP/1.1" 200 381 "http://localhost/display.html" "Mozilla/5.0 (Macintosh; Intel Mac OS X 10_7_2) AppleWebKit/535.2 (KHTML, like Gecko) Chrome/15.0.874.102 Safari/535.2"
127.0.0.1 - - [26/Oct/2011:15:26:37 -0600] "GET /favicon.ico HTTP/1.1" 404 288 "-" "Mozilla/5.0 (Macintosh; Intel Mac OS X 10_7_2) AppleWebKit/535.2 (KHTML, like Gecko) Chrome/15.0.874.102 Safari/535.2"
::1 - - [26/Oct/2011:15:26:39 -0600] "OPTIONS * HTTP/1.0" 200 - "-" "Apache/2.2.20 (Unix) DAV/2 (internal dummy connection)"
::1 - - [26/Oct/2011:15:26:40 -0600] "OPTIONS * HTTP/1.0" 200 - "-" "Apache/2.2.20 (Unix) DAV/2 (internal dummy connection)"
::1 - - [26/Oct/2011:15:26:46 -0600] "OPTIONS * HTTP/1.0" 200 - "-" "Apache/2.2.20 (Unix) DAV/2 (internal dummy connection)"
::1 - - [26/Oct/2011:15:26:53 -0600] "OPTIONS * HTTP/1.0" 200 - "-" "Apache/2.2.20 (Unix) DAV/2 (internal dummy connection)"
::1 - - [26/Oct/2011:15:26:54 -0600] "OPTIONS * HTTP/1.0" 200 - "-" "Apache/2.2.20 (Unix) DAV/2 (internal dummy connection)"
::1 - - [26/Oct/2011:15:26:55 -0600] "OPTIONS * HTTP/1.0" 200 - "-" "Apache/2.2.20 (Unix) DAV/2 (internal dummy connection)"
::1 - - [26/Oct/2011:15:26:56 -0600] "OPTIONS * HTTP/1.0" 200 - "-" "Apache/2.2.20 (Unix) DAV/2 (internal dummy connection)"
127.0.0.1 - - [26/Oct/2011:15:27:06 -0600] "GET /display.html HTTP/1.1" 200 680 "-" "Mozilla/5.0 (Macintosh; Intel Mac OS X 10_7_2) AppleWebKit/535.2 (KHTML, like Gecko) Chrome/15.0.874.102 Safari/535.2"
127.0.0.1 - - [26/Oct/2011:15:27:06 -0600] "GET /js/lib/Box2dWeb-2.1.a.3.min.js HTTP/1.1" 304 - "http://localhost/display.html" "Mozilla/5.0 (Macintosh; Intel Mac OS X 10_7_2) AppleWebKit/535.2 (KHTML, like Gecko) Chrome/15.0.874.102 Safari/535.2"
127.0.0.1 - - [26/Oct/2011:15:27:06 -0600] "GET /js/lib/socket.io/socket.io.min.js HTTP/1.1" 304 - "http://localhost/display.html" "Mozilla/5.0 (Macintosh; Intel Mac OS X 10_7_2) AppleWebKit/535.2 (KHTML, like Gecko) Chrome/15.0.874.102 Safari/535.2"
127.0.0.1 - - [26/Oct/2011:15:27:07 -0600] "GET /js/display.js HTTP/1.1" 304 - "http://localhost/display.html" "Mozilla/5.0 (Macintosh; Intel Mac OS X 10_7_2) AppleWebKit/535.2 (KHTML, like Gecko) Chrome/15.0.874.102 Safari/535.2"
127.0.0.1 - - [26/Oct/2011:15:27:08 -0600] "GET /js/display-connection.js HTTP/1.1" 304 - "http://localhost/display.html" "Mozilla/5.0 (Macintosh; Intel Mac OS X 10_7_2) AppleWebKit/535.2 (KHTML, like Gecko) Chrome/15.0.874.102 Safari/535.2"
127.0.0.1 - - [26/Oct/2011:15:27:08 -0600] "GET /favicon.ico HTTP/1.1" 404 288 "-" "Mozilla/5.0 (Macintosh; Intel Mac OS X 10_7_2) AppleWebKit/535.2 (KHTML, like Gecko) Chrome/15.0.874.102 Safari/535.2"
::1 - - [26/Oct/2011:15:27:10 -0600] "OPTIONS * HTTP/1.0" 200 - "-" "Apache/2.2.20 (Unix) DAV/2 (internal dummy connection)"
::1 - - [26/Oct/2011:15:27:11 -0600] "OPTIONS * HTTP/1.0" 200 - "-" "Apache/2.2.20 (Unix) DAV/2 (internal dummy connection)"
::1 - - [26/Oct/2011:15:27:17 -0600] "OPTIONS * HTTP/1.0" 200 - "-" "Apache/2.2.20 (Unix) DAV/2 (internal dummy connection)"
::1 - - [26/Oct/2011:15:27:24 -0600] "OPTIONS * HTTP/1.0" 200 - "-" "Apache/2.2.20 (Unix) DAV/2 (internal dummy connection)"
::1 - - [26/Oct/2011:15:27:25 -0600] "OPTIONS * HTTP/1.0" 200 - "-" "Apache/2.2.20 (Unix) DAV/2 (internal dummy connection)"
::1 - - [26/Oct/2011:15:27:26 -0600] "OPTIONS * HTTP/1.0" 200 - "-" "Apache/2.2.20 (Unix) DAV/2 (internal dummy connection)"
::1 - - [26/Oct/2011:15:27:27 -0600] "OPTIONS * HTTP/1.0" 200 - "-" "Apache/2.2.20 (Unix) DAV/2 (internal dummy connection)"
127.0.0.1 - - [26/Oct/2011:15:27:35 -0600] "GET /display.html HTTP/1.1" 200 593 "-" "Mozilla/5.0 (Macintosh; Intel Mac OS X 10_7_2) AppleWebKit/535.2 (KHTML, like Gecko) Chrome/15.0.874.102 Safari/535.2"
127.0.0.1 - - [26/Oct/2011:15:27:35 -0600] "GET /js/lib/Box2dWeb-2.1.a.3.min.js HTTP/1.1" 304 - "http://localhost/display.html" "Mozilla/5.0 (Macintosh; Intel Mac OS X 10_7_2) AppleWebKit/535.2 (KHTML, like Gecko) Chrome/15.0.874.102 Safari/535.2"
127.0.0.1 - - [26/Oct/2011:15:27:35 -0600] "GET /js/lib/socket.io/socket.io.min.js HTTP/1.1" 304 - "http://localhost/display.html" "Mozilla/5.0 (Macintosh; Intel Mac OS X 10_7_2) AppleWebKit/535.2 (KHTML, like Gecko) Chrome/15.0.874.102 Safari/535.2"
127.0.0.1 - - [26/Oct/2011:15:27:36 -0600] "GET /js/display.js HTTP/1.1" 304 - "http://localhost/display.html" "Mozilla/5.0 (Macintosh; Intel Mac OS X 10_7_2) AppleWebKit/535.2 (KHTML, like Gecko) Chrome/15.0.874.102 Safari/535.2"
127.0.0.1 - - [26/Oct/2011:15:27:37 -0600] "GET /js/display-connection.js HTTP/1.1" 304 - "http://localhost/display.html" "Mozilla/5.0 (Macintosh; Intel Mac OS X 10_7_2) AppleWebKit/535.2 (KHTML, like Gecko) Chrome/15.0.874.102 Safari/535.2"
127.0.0.1 - - [26/Oct/2011:15:27:37 -0600] "GET /favicon.ico HTTP/1.1" 404 288 "-" "Mozilla/5.0 (Macintosh; Intel Mac OS X 10_7_2) AppleWebKit/535.2 (KHTML, like Gecko) Chrome/15.0.874.102 Safari/535.2"
::1 - - [26/Oct/2011:15:27:39 -0600] "OPTIONS * HTTP/1.0" 200 - "-" "Apache/2.2.20 (Unix) DAV/2 (internal dummy connection)"
::1 - - [26/Oct/2011:15:27:40 -0600] "OPTIONS * HTTP/1.0" 200 - "-" "Apache/2.2.20 (Unix) DAV/2 (internal dummy connection)"
::1 - - [26/Oct/2011:15:27:47 -0600] "OPTIONS * HTTP/1.0" 200 - "-" "Apache/2.2.20 (Unix) DAV/2 (internal dummy connection)"
::1 - - [26/Oct/2011:15:27:53 -0600] "OPTIONS * HTTP/1.0" 200 - "-" "Apache/2.2.20 (Unix) DAV/2 (internal dummy connection)"
::1 - - [26/Oct/2011:15:27:54 -0600] "OPTIONS * HTTP/1.0" 200 - "-" "Apache/2.2.20 (Unix) DAV/2 (internal dummy connection)"
::1 - - [26/Oct/2011:15:27:55 -0600] "OPTIONS * HTTP/1.0" 200 - "-" "Apache/2.2.20 (Unix) DAV/2 (internal dummy connection)"
::1 - - [26/Oct/2011:15:27:56 -0600] "OPTIONS * HTTP/1.0" 200 - "-" "Apache/2.2.20 (Unix) DAV/2 (internal dummy connection)"
127.0.0.1 - - [26/Oct/2011:15:44:19 -0600] "GET /display.html HTTP/1.1" 200 593 "-" "Mozilla/5.0 (Macintosh; Intel Mac OS X 10_7_2) AppleWebKit/535.2 (KHTML, like Gecko) Chrome/15.0.874.102 Safari/535.2"
127.0.0.1 - - [26/Oct/2011:15:44:19 -0600] "GET /js/lib/Box2dWeb-2.1.a.3.min.js HTTP/1.1" 304 - "http://localhost/display.html" "Mozilla/5.0 (Macintosh; Intel Mac OS X 10_7_2) AppleWebKit/535.2 (KHTML, like Gecko) Chrome/15.0.874.102 Safari/535.2"
127.0.0.1 - - [26/Oct/2011:15:44:19 -0600] "GET /js/display.js HTTP/1.1" 200 6326 "http://localhost/display.html" "Mozilla/5.0 (Macintosh; Intel Mac OS X 10_7_2) AppleWebKit/535.2 (KHTML, like Gecko) Chrome/15.0.874.102 Safari/535.2"
127.0.0.1 - - [26/Oct/2011:15:44:19 -0600] "GET /js/lib/socket.io/socket.io.min.js HTTP/1.1" 304 - "http://localhost/display.html" "Mozilla/5.0 (Macintosh; Intel Mac OS X 10_7_2) AppleWebKit/535.2 (KHTML, like Gecko) Chrome/15.0.874.102 Safari/535.2"
127.0.0.1 - - [26/Oct/2011:15:44:19 -0600] "GET /js/display-connection.js HTTP/1.1" 200 442 "http://localhost/display.html" "Mozilla/5.0 (Macintosh; Intel Mac OS X 10_7_2) AppleWebKit/535.2 (KHTML, like Gecko) Chrome/15.0.874.102 Safari/535.2"
127.0.0.1 - - [26/Oct/2011:15:44:20 -0600] "GET /favicon.ico HTTP/1.1" 404 288 "-" "Mozilla/5.0 (Macintosh; Intel Mac OS X 10_7_2) AppleWebKit/535.2 (KHTML, like Gecko) Chrome/15.0.874.102 Safari/535.2"
::1 - - [26/Oct/2011:15:44:22 -0600] "OPTIONS * HTTP/1.0" 200 - "-" "Apache/2.2.20 (Unix) DAV/2 (internal dummy connection)"
::1 - - [26/Oct/2011:15:44:23 -0600] "OPTIONS * HTTP/1.0" 200 - "-" "Apache/2.2.20 (Unix) DAV/2 (internal dummy connection)"
::1 - - [26/Oct/2011:15:44:36 -0600] "OPTIONS * HTTP/1.0" 200 - "-" "Apache/2.2.20 (Unix) DAV/2 (internal dummy connection)"
10.109.116.237 - - [26/Oct/2011:15:44:37 -0600] "GET /js/web-bowling.js HTTP/1.1" 404 298 "http://10.109.37.189/" "Mozilla/5.0 (iPhone; CPU iPhone OS 5_0 like Mac OS X) AppleWebKit/534.46 (KHTML, like Gecko) Version/5.1 Mobile/9A334 Safari/7534.48.3"
::1 - - [26/Oct/2011:15:44:37 -0600] "OPTIONS * HTTP/1.0" 200 - "-" "Apache/2.2.20 (Unix) DAV/2 (internal dummy connection)"
::1 - - [26/Oct/2011:15:44:39 -0600] "OPTIONS * HTTP/1.0" 200 - "-" "Apache/2.2.20 (Unix) DAV/2 (internal dummy connection)"
::1 - - [26/Oct/2011:15:44:40 -0600] "OPTIONS * HTTP/1.0" 200 - "-" "Apache/2.2.20 (Unix) DAV/2 (internal dummy connection)"
::1 - - [26/Oct/2011:15:44:49 -0600] "OPTIONS * HTTP/1.0" 200 - "-" "Apache/2.2.20 (Unix) DAV/2 (internal dummy connection)"
127.0.0.1 - - [26/Oct/2011:15:52:58 -0600] "GET /display.html HTTP/1.1" 200 597 "-" "Mozilla/5.0 (Macintosh; Intel Mac OS X 10_7_2) AppleWebKit/535.2 (KHTML, like Gecko) Chrome/15.0.874.102 Safari/535.2"
127.0.0.1 - - [26/Oct/2011:15:52:58 -0600] "GET /js/lib/Box2dWeb-2.1.a.3.min.js HTTP/1.1" 304 - "http://localhost/display.html" "Mozilla/5.0 (Macintosh; Intel Mac OS X 10_7_2) AppleWebKit/535.2 (KHTML, like Gecko) Chrome/15.0.874.102 Safari/535.2"
127.0.0.1 - - [26/Oct/2011:15:52:58 -0600] "GET /js/lib/socket.io/socket.io.min.js HTTP/1.1" 304 - "http://localhost/display.html" "Mozilla/5.0 (Macintosh; Intel Mac OS X 10_7_2) AppleWebKit/535.2 (KHTML, like Gecko) Chrome/15.0.874.102 Safari/535.2"
127.0.0.1 - - [26/Oct/2011:15:52:58 -0600] "GET /js/display.js HTTP/1.1" 200 6431 "http://localhost/display.html" "Mozilla/5.0 (Macintosh; Intel Mac OS X 10_7_2) AppleWebKit/535.2 (KHTML, like Gecko) Chrome/15.0.874.102 Safari/535.2"
127.0.0.1 - - [26/Oct/2011:15:52:59 -0600] "GET /js/display-connection.js HTTP/1.1" 304 - "http://localhost/display.html" "Mozilla/5.0 (Macintosh; Intel Mac OS X 10_7_2) AppleWebKit/535.2 (KHTML, like Gecko) Chrome/15.0.874.102 Safari/535.2"
127.0.0.1 - - [26/Oct/2011:15:52:59 -0600] "GET /favicon.ico HTTP/1.1" 404 288 "-" "Mozilla/5.0 (Macintosh; Intel Mac OS X 10_7_2) AppleWebKit/535.2 (KHTML, like Gecko) Chrome/15.0.874.102 Safari/535.2"
::1 - - [26/Oct/2011:15:53:01 -0600] "OPTIONS * HTTP/1.0" 200 - "-" "Apache/2.2.20 (Unix) DAV/2 (internal dummy connection)"
::1 - - [26/Oct/2011:15:53:02 -0600] "OPTIONS * HTTP/1.0" 200 - "-" "Apache/2.2.20 (Unix) DAV/2 (internal dummy connection)"
::1 - - [26/Oct/2011:15:53:15 -0600] "OPTIONS * HTTP/1.0" 200 - "-" "Apache/2.2.20 (Unix) DAV/2 (internal dummy connection)"
::1 - - [26/Oct/2011:15:53:16 -0600] "OPTIONS * HTTP/1.0" 200 - "-" "Apache/2.2.20 (Unix) DAV/2 (internal dummy connection)"
::1 - - [26/Oct/2011:15:53:17 -0600] "OPTIONS * HTTP/1.0" 200 - "-" "Apache/2.2.20 (Unix) DAV/2 (internal dummy connection)"
::1 - - [26/Oct/2011:15:53:18 -0600] "OPTIONS * HTTP/1.0" 200 - "-" "Apache/2.2.20 (Unix) DAV/2 (internal dummy connection)"
::1 - - [26/Oct/2011:15:53:19 -0600] "OPTIONS * HTTP/1.0" 200 - "-" "Apache/2.2.20 (Unix) DAV/2 (internal dummy connection)"
127.0.0.1 - - [26/Oct/2011:15:54:45 -0600] "GET /display.html HTTP/1.1" 200 597 "-" "Mozilla/5.0 (Macintosh; Intel Mac OS X 10_7_2) AppleWebKit/535.2 (KHTML, like Gecko) Chrome/15.0.874.102 Safari/535.2"
127.0.0.1 - - [26/Oct/2011:15:54:45 -0600] "GET /js/lib/Box2dWeb-2.1.a.3.min.js HTTP/1.1" 304 - "http://localhost/display.html" "Mozilla/5.0 (Macintosh; Intel Mac OS X 10_7_2) AppleWebKit/535.2 (KHTML, like Gecko) Chrome/15.0.874.102 Safari/535.2"
127.0.0.1 - - [26/Oct/2011:15:54:45 -0600] "GET /js/lib/socket.io/socket.io.min.js HTTP/1.1" 304 - "http://localhost/display.html" "Mozilla/5.0 (Macintosh; Intel Mac OS X 10_7_2) AppleWebKit/535.2 (KHTML, like Gecko) Chrome/15.0.874.102 Safari/535.2"
127.0.0.1 - - [26/Oct/2011:15:54:46 -0600] "GET /js/display.js HTTP/1.1" 200 6487 "http://localhost/display.html" "Mozilla/5.0 (Macintosh; Intel Mac OS X 10_7_2) AppleWebKit/535.2 (KHTML, like Gecko) Chrome/15.0.874.102 Safari/535.2"
127.0.0.1 - - [26/Oct/2011:15:54:47 -0600] "GET /js/display-connection.js HTTP/1.1" 304 - "http://localhost/display.html" "Mozilla/5.0 (Macintosh; Intel Mac OS X 10_7_2) AppleWebKit/535.2 (KHTML, like Gecko) Chrome/15.0.874.102 Safari/535.2"
127.0.0.1 - - [26/Oct/2011:15:54:47 -0600] "GET /favicon.ico HTTP/1.1" 404 288 "-" "Mozilla/5.0 (Macintosh; Intel Mac OS X 10_7_2) AppleWebKit/535.2 (KHTML, like Gecko) Chrome/15.0.874.102 Safari/535.2"
::1 - - [26/Oct/2011:15:54:49 -0600] "OPTIONS * HTTP/1.0" 200 - "-" "Apache/2.2.20 (Unix) DAV/2 (internal dummy connection)"
::1 - - [26/Oct/2011:15:54:50 -0600] "OPTIONS * HTTP/1.0" 200 - "-" "Apache/2.2.20 (Unix) DAV/2 (internal dummy connection)"
::1 - - [26/Oct/2011:15:54:58 -0600] "OPTIONS * HTTP/1.0" 200 - "-" "Apache/2.2.20 (Unix) DAV/2 (internal dummy connection)"
::1 - - [26/Oct/2011:15:55:03 -0600] "OPTIONS * HTTP/1.0" 200 - "-" "Apache/2.2.20 (Unix) DAV/2 (internal dummy connection)"
::1 - - [26/Oct/2011:15:55:04 -0600] "OPTIONS * HTTP/1.0" 200 - "-" "Apache/2.2.20 (Unix) DAV/2 (internal dummy connection)"
::1 - - [26/Oct/2011:15:55:05 -0600] "OPTIONS * HTTP/1.0" 200 - "-" "Apache/2.2.20 (Unix) DAV/2 (internal dummy connection)"
::1 - - [26/Oct/2011:15:55:06 -0600] "OPTIONS * HTTP/1.0" 200 - "-" "Apache/2.2.20 (Unix) DAV/2 (internal dummy connection)"
127.0.0.1 - - [26/Oct/2011:15:55:48 -0600] "GET /display.html HTTP/1.1" 200 597 "-" "Mozilla/5.0 (Macintosh; Intel Mac OS X 10_7_2) AppleWebKit/535.2 (KHTML, like Gecko) Chrome/15.0.874.102 Safari/535.2"
127.0.0.1 - - [26/Oct/2011:15:55:48 -0600] "GET /js/lib/Box2dWeb-2.1.a.3.min.js HTTP/1.1" 304 - "http://localhost/display.html" "Mozilla/5.0 (Macintosh; Intel Mac OS X 10_7_2) AppleWebKit/535.2 (KHTML, like Gecko) Chrome/15.0.874.102 Safari/535.2"
127.0.0.1 - - [26/Oct/2011:15:55:48 -0600] "GET /js/display-connection.js HTTP/1.1" 304 - "http://localhost/display.html" "Mozilla/5.0 (Macintosh; Intel Mac OS X 10_7_2) AppleWebKit/535.2 (KHTML, like Gecko) Chrome/15.0.874.102 Safari/535.2"
127.0.0.1 - - [26/Oct/2011:15:55:48 -0600] "GET /js/lib/socket.io/socket.io.min.js HTTP/1.1" 304 - "http://localhost/display.html" "Mozilla/5.0 (Macintosh; Intel Mac OS X 10_7_2) AppleWebKit/535.2 (KHTML, like Gecko) Chrome/15.0.874.102 Safari/535.2"
127.0.0.1 - - [26/Oct/2011:15:55:48 -0600] "GET /js/display.js HTTP/1.1" 200 6505 "http://localhost/display.html" "Mozilla/5.0 (Macintosh; Intel Mac OS X 10_7_2) AppleWebKit/535.2 (KHTML, like Gecko) Chrome/15.0.874.102 Safari/535.2"
127.0.0.1 - - [26/Oct/2011:15:55:48 -0600] "GET /favicon.ico HTTP/1.1" 404 288 "-" "Mozilla/5.0 (Macintosh; Intel Mac OS X 10_7_2) AppleWebKit/535.2 (KHTML, like Gecko) Chrome/15.0.874.102 Safari/535.2"
::1 - - [26/Oct/2011:15:55:51 -0600] "OPTIONS * HTTP/1.0" 200 - "-" "Apache/2.2.20 (Unix) DAV/2 (internal dummy connection)"
::1 - - [26/Oct/2011:15:55:52 -0600] "OPTIONS * HTTP/1.0" 200 - "-" "Apache/2.2.20 (Unix) DAV/2 (internal dummy connection)"
::1 - - [26/Oct/2011:15:56:06 -0600] "OPTIONS * HTTP/1.0" 200 - "-" "Apache/2.2.20 (Unix) DAV/2 (internal dummy connection)"
::1 - - [26/Oct/2011:15:56:07 -0600] "OPTIONS * HTTP/1.0" 200 - "-" "Apache/2.2.20 (Unix) DAV/2 (internal dummy connection)"
::1 - - [26/Oct/2011:15:56:08 -0600] "OPTIONS * HTTP/1.0" 200 - "-" "Apache/2.2.20 (Unix) DAV/2 (internal dummy connection)"
::1 - - [26/Oct/2011:15:56:09 -0600] "OPTIONS * HTTP/1.0" 200 - "-" "Apache/2.2.20 (Unix) DAV/2 (internal dummy connection)"
::1 - - [26/Oct/2011:15:56:10 -0600] "OPTIONS * HTTP/1.0" 200 - "-" "Apache/2.2.20 (Unix) DAV/2 (internal dummy connection)"
127.0.0.1 - - [26/Oct/2011:15:57:41 -0600] "GET /display.html HTTP/1.1" 200 597 "-" "Mozilla/5.0 (Macintosh; Intel Mac OS X 10_7_2) AppleWebKit/535.2 (KHTML, like Gecko) Chrome/15.0.874.102 Safari/535.2"
127.0.0.1 - - [26/Oct/2011:15:57:41 -0600] "GET /js/lib/Box2dWeb-2.1.a.3.min.js HTTP/1.1" 304 - "http://localhost/display.html" "Mozilla/5.0 (Macintosh; Intel Mac OS X 10_7_2) AppleWebKit/535.2 (KHTML, like Gecko) Chrome/15.0.874.102 Safari/535.2"
127.0.0.1 - - [26/Oct/2011:15:57:41 -0600] "GET /js/lib/socket.io/socket.io.min.js HTTP/1.1" 304 - "http://localhost/display.html" "Mozilla/5.0 (Macintosh; Intel Mac OS X 10_7_2) AppleWebKit/535.2 (KHTML, like Gecko) Chrome/15.0.874.102 Safari/535.2"
127.0.0.1 - - [26/Oct/2011:15:57:41 -0600] "GET /js/display.js HTTP/1.1" 200 6577 "http://localhost/display.html" "Mozilla/5.0 (Macintosh; Intel Mac OS X 10_7_2) AppleWebKit/535.2 (KHTML, like Gecko) Chrome/15.0.874.102 Safari/535.2"
127.0.0.1 - - [26/Oct/2011:15:57:42 -0600] "GET /js/display-connection.js HTTP/1.1" 304 - "http://localhost/display.html" "Mozilla/5.0 (Macintosh; Intel Mac OS X 10_7_2) AppleWebKit/535.2 (KHTML, like Gecko) Chrome/15.0.874.102 Safari/535.2"
127.0.0.1 - - [26/Oct/2011:15:57:42 -0600] "GET /favicon.ico HTTP/1.1" 404 288 "-" "Mozilla/5.0 (Macintosh; Intel Mac OS X 10_7_2) AppleWebKit/535.2 (KHTML, like Gecko) Chrome/15.0.874.102 Safari/535.2"
::1 - - [26/Oct/2011:15:57:44 -0600] "OPTIONS * HTTP/1.0" 200 - "-" "Apache/2.2.20 (Unix) DAV/2 (internal dummy connection)"
::1 - - [26/Oct/2011:15:57:45 -0600] "OPTIONS * HTTP/1.0" 200 - "-" "Apache/2.2.20 (Unix) DAV/2 (internal dummy connection)"
::1 - - [26/Oct/2011:15:57:58 -0600] "OPTIONS * HTTP/1.0" 200 - "-" "Apache/2.2.20 (Unix) DAV/2 (internal dummy connection)"
::1 - - [26/Oct/2011:15:57:59 -0600] "OPTIONS * HTTP/1.0" 200 - "-" "Apache/2.2.20 (Unix) DAV/2 (internal dummy connection)"
::1 - - [26/Oct/2011:15:58:00 -0600] "OPTIONS * HTTP/1.0" 200 - "-" "Apache/2.2.20 (Unix) DAV/2 (internal dummy connection)"
::1 - - [26/Oct/2011:15:58:01 -0600] "OPTIONS * HTTP/1.0" 200 - "-" "Apache/2.2.20 (Unix) DAV/2 (internal dummy connection)"
::1 - - [26/Oct/2011:15:58:02 -0600] "OPTIONS * HTTP/1.0" 200 - "-" "Apache/2.2.20 (Unix) DAV/2 (internal dummy connection)"
127.0.0.1 - - [26/Oct/2011:15:58:34 -0600] "GET /display.html HTTP/1.1" 200 597 "-" "Mozilla/5.0 (Macintosh; Intel Mac OS X 10_7_2) AppleWebKit/535.2 (KHTML, like Gecko) Chrome/15.0.874.102 Safari/535.2"
127.0.0.1 - - [26/Oct/2011:15:58:34 -0600] "GET /js/lib/Box2dWeb-2.1.a.3.min.js HTTP/1.1" 304 - "http://localhost/display.html" "Mozilla/5.0 (Macintosh; Intel Mac OS X 10_7_2) AppleWebKit/535.2 (KHTML, like Gecko) Chrome/15.0.874.102 Safari/535.2"
127.0.0.1 - - [26/Oct/2011:15:58:34 -0600] "GET /js/lib/socket.io/socket.io.min.js HTTP/1.1" 304 - "http://localhost/display.html" "Mozilla/5.0 (Macintosh; Intel Mac OS X 10_7_2) AppleWebKit/535.2 (KHTML, like Gecko) Chrome/15.0.874.102 Safari/535.2"
127.0.0.1 - - [26/Oct/2011:15:58:35 -0600] "GET /js/display.js HTTP/1.1" 200 6578 "http://localhost/display.html" "Mozilla/5.0 (Macintosh; Intel Mac OS X 10_7_2) AppleWebKit/535.2 (KHTML, like Gecko) Chrome/15.0.874.102 Safari/535.2"
127.0.0.1 - - [26/Oct/2011:15:58:36 -0600] "GET /js/display-connection.js HTTP/1.1" 304 - "http://localhost/display.html" "Mozilla/5.0 (Macintosh; Intel Mac OS X 10_7_2) AppleWebKit/535.2 (KHTML, like Gecko) Chrome/15.0.874.102 Safari/535.2"
127.0.0.1 - - [26/Oct/2011:15:58:36 -0600] "GET /favicon.ico HTTP/1.1" 404 288 "-" "Mozilla/5.0 (Macintosh; Intel Mac OS X 10_7_2) AppleWebKit/535.2 (KHTML, like Gecko) Chrome/15.0.874.102 Safari/535.2"
::1 - - [26/Oct/2011:15:58:38 -0600] "OPTIONS * HTTP/1.0" 200 - "-" "Apache/2.2.20 (Unix) DAV/2 (internal dummy connection)"
::1 - - [26/Oct/2011:15:58:39 -0600] "OPTIONS * HTTP/1.0" 200 - "-" "Apache/2.2.20 (Unix) DAV/2 (internal dummy connection)"
::1 - - [26/Oct/2011:15:58:48 -0600] "OPTIONS * HTTP/1.0" 200 - "-" "Apache/2.2.20 (Unix) DAV/2 (internal dummy connection)"
::1 - - [26/Oct/2011:15:58:52 -0600] "OPTIONS * HTTP/1.0" 200 - "-" "Apache/2.2.20 (Unix) DAV/2 (internal dummy connection)"
::1 - - [26/Oct/2011:15:58:53 -0600] "OPTIONS * HTTP/1.0" 200 - "-" "Apache/2.2.20 (Unix) DAV/2 (internal dummy connection)"
::1 - - [26/Oct/2011:15:58:54 -0600] "OPTIONS * HTTP/1.0" 200 - "-" "Apache/2.2.20 (Unix) DAV/2 (internal dummy connection)"
::1 - - [26/Oct/2011:15:58:55 -0600] "OPTIONS * HTTP/1.0" 200 - "-" "Apache/2.2.20 (Unix) DAV/2 (internal dummy connection)"
127.0.0.1 - - [26/Oct/2011:15:59:06 -0600] "GET /display.html HTTP/1.1" 200 597 "-" "Mozilla/5.0 (Macintosh; Intel Mac OS X 10_7_2) AppleWebKit/535.2 (KHTML, like Gecko) Chrome/15.0.874.102 Safari/535.2"
127.0.0.1 - - [26/Oct/2011:15:59:06 -0600] "GET /js/lib/socket.io/socket.io.min.js HTTP/1.1" 200 42269 "http://localhost/display.html" "Mozilla/5.0 (Macintosh; Intel Mac OS X 10_7_2) AppleWebKit/535.2 (KHTML, like Gecko) Chrome/15.0.874.102 Safari/535.2"
127.0.0.1 - - [26/Oct/2011:15:59:06 -0600] "GET /js/lib/Box2dWeb-2.1.a.3.min.js HTTP/1.1" 200 224935 "http://localhost/display.html" "Mozilla/5.0 (Macintosh; Intel Mac OS X 10_7_2) AppleWebKit/535.2 (KHTML, like Gecko) Chrome/15.0.874.102 Safari/535.2"
